src/__tests__/global-teardown.ts(35,23): error TS2365: Operator '<' cannot be applied to types 'number' and 'Timeout'.
src/__tests__/setup.ts(1,21): error TS2724: '"../config/database"' has no exported member named 'disconnectDB'. Did you mean 'connectDB'?
src/agents/index.ts(70,43): error TS2345: Argument of type 'NetcodeAgent' is not assignable to parameter of type 'BaseAgent'.
  Property 'config' is private in type 'NetcodeAgent' but not in type 'BaseAgent'.
src/agents/MatchmakingAgent.ts(1,21): error TS2459: Module '"./AgentOrchestrator"' declares 'AgentMessage' locally, but it is not exported.
src/agents/NetcodeAgent.ts(1,21): error TS2459: Module '"./AgentOrchestrator"' declares 'AgentMessage' locally, but it is not exported.
src/agents/NetcodeAgent.ts(76,11): error TS2416: Property 'config' in type 'NetcodeAgent' is not assignable to the same property in base type 'BaseAgent'.
  Type 'NetworkConfig' is missing the following properties from type 'AgentConfig': id, name, role, priority, and 3 more.
src/agents/NetcodeAgent.ts(79,11): error TS2416: Property 'metrics' in type 'NetcodeAgent' is not assignable to the same property in base type 'BaseAgent'.
  Type '{ totalClients: number; activeClients: number; avgRTT: number; avgJitter: number; packetLossRate: number; serverFrameTime: number; ticksProcessed: number; }' is missing the following properties from type 'AgentMetrics': tasksCompleted, avgResponseTime, errorRate, lastActivity, status
src/agents/NetcodeAgent.ts(180,27): error TS2339: Property 'id' does not exist on type 'NetworkConfig'.
src/agents/NetcodeAgent.ts(594,25): error TS2339: Property 'id' does not exist on type 'NetworkConfig'.
src/agents/NetcodeAgent.ts(625,25): error TS2339: Property 'id' does not exist on type 'NetworkConfig'.
src/agents/NetcodeAgent.ts(775,25): error TS2339: Property 'id' does not exist on type 'NetworkConfig'.
src/agents/NetcodeAgent.ts(790,25): error TS2339: Property 'id' does not exist on type 'NetworkConfig'.
src/agents/NetcodeAgent.ts(810,25): error TS2339: Property 'id' does not exist on type 'NetworkConfig'.
src/agents/TelemetryAgent.ts(1,21): error TS2459: Module '"./AgentOrchestrator"' declares 'AgentMessage' locally, but it is not exported.
src/analytics/AdvancedDashboards.ts(9,14): error TS2323: Cannot redeclare exported variable 'EXTENDED_EVENT_SCHEMAS'.
src/analytics/AdvancedDashboards.ts(1090,10): error TS2323: Cannot redeclare exported variable 'EXTENDED_EVENT_SCHEMAS'.
src/analytics/AdvancedDashboards.ts(1090,10): error TS2484: Export declaration conflicts with exported declaration of 'EXTENDED_EVENT_SCHEMAS'.
src/analytics/jobs/scheduler.ts(60,42): error TS2339: Property 'destroy' does not exist on type 'ScheduledTask'.
src/analytics/jobs/scheduler.ts(168,44): error TS2339: Property 'generatePrediction' does not exist on type 'PredictiveAnalyticsService'.
src/analytics/jobs/scheduler.ts(608,38): error TS2339: Property 'length' does not exist on type 'Map<string, ScheduledTask>'.
src/analytics/models/AnalyticsForecast.ts(3,18): error TS2430: Interface 'IAnalyticsForecast' incorrectly extends interface 'Document<unknown, any, any, Record<string, any>, {}>'.
  Types of property 'model' are incompatible.
    Type '{ type: "ewma" | "prophet" | "arima" | "linear"; parameters: any; accuracy: number; lastTrained: Date; }' is not assignable to type '{ <ModelType = Model<unknown, {}, {}, {}, Document<unknown, {}, unknown, {}, {}> & Required<{ _id: unknown; }> & { __v: number; }, any>>(name: string): ModelType; <ModelType = Model<any, {}, {}, {}, any, any>>(): ModelType; }'.
      Type '{ type: "ewma" | "prophet" | "arima" | "linear"; parameters: any; accuracy: number; lastTrained: Date; }' provides no match for the signature '<ModelType = Model<unknown, {}, {}, {}, Document<unknown, {}, unknown, {}, {}> & Required<{ _id: unknown; }> & { __v: number; }, any>>(name: string): ModelType'.
src/analytics/queries/kpis.ts(160,49): error TS2769: No overload matches this call.
  Overload 2 of 2, '(pipeline: PipelineStage[]): Aggregate<any[]>', gave the following error.
    Object literal may only specify known properties, and 'esewa' does not exist in type 'AccumulatorOperator'.
  Overload 2 of 2, '(pipeline: PipelineStage[]): Aggregate<any[]>', gave the following error.
    Object literal may only specify known properties, and 'tier1' does not exist in type 'AccumulatorOperator'.
src/analytics/services/simulations.ts(130,59): error TS2363: The right-hand side of an arithmetic operation must be of type 'any', 'number', 'bigint' or an enum type.
src/analytics/services/simulations.ts(130,75): error TS2362: The left-hand side of an arithmetic operation must be of type 'any', 'number', 'bigint' or an enum type.
src/analytics/services/simulations.ts(131,55): error TS2363: The right-hand side of an arithmetic operation must be of type 'any', 'number', 'bigint' or an enum type.
src/analytics/services/simulations.ts(170,12): error TS2362: The left-hand side of an arithmetic operation must be of type 'any', 'number', 'bigint' or an enum type.
src/analytics/services/simulations.ts(188,35): error TS2345: Argument of type 'string | number' is not assignable to parameter of type 'number'.
  Type 'string' is not assignable to type 'number'.
src/analytics/services/simulations.ts(188,50): error TS2363: The right-hand side of an arithmetic operation must be of type 'any', 'number', 'bigint' or an enum type.
src/analytics/services/simulations.ts(189,56): error TS2365: Operator '+' cannot be applied to types 'number' and 'string | number'.
src/analytics/services/simulations.ts(248,58): error TS2363: The right-hand side of an arithmetic operation must be of type 'any', 'number', 'bigint' or an enum type.
src/analytics/services/simulations.ts(248,80): error TS2363: The right-hand side of an arithmetic operation must be of type 'any', 'number', 'bigint' or an enum type.
src/analytics/services/simulations.ts(249,55): error TS2363: The right-hand side of an arithmetic operation must be of type 'any', 'number', 'bigint' or an enum type.
src/analytics/services/simulations.ts(255,44): error TS2363: The right-hand side of an arithmetic operation must be of type 'any', 'number', 'bigint' or an enum type.
src/analytics/services/simulations.ts(275,69): error TS2363: The right-hand side of an arithmetic operation must be of type 'any', 'number', 'bigint' or an enum type.
src/analytics/services/simulations.ts(281,44): error TS2363: The right-hand side of an arithmetic operation must be of type 'any', 'number', 'bigint' or an enum type.
src/analytics/services/simulations.ts(288,12): error TS2362: The left-hand side of an arithmetic operation must be of type 'any', 'number', 'bigint' or an enum type.
src/analytics/services/simulations.ts(307,56): error TS2363: The right-hand side of an arithmetic operation must be of type 'any', 'number', 'bigint' or an enum type.
src/analytics/services/simulations.ts(307,71): error TS2363: The right-hand side of an arithmetic operation must be of type 'any', 'number', 'bigint' or an enum type.
src/analytics/services/simulations.ts(308,55): error TS2363: The right-hand side of an arithmetic operation must be of type 'any', 'number', 'bigint' or an enum type.
src/analytics/services/simulations.ts(314,44): error TS2363: The right-hand side of an arithmetic operation must be of type 'any', 'number', 'bigint' or an enum type.
src/analytics/services/simulations.ts(334,69): error TS2363: The right-hand side of an arithmetic operation must be of type 'any', 'number', 'bigint' or an enum type.
src/analytics/services/simulations.ts(340,44): error TS2363: The right-hand side of an arithmetic operation must be of type 'any', 'number', 'bigint' or an enum type.
src/analytics/services/simulations.ts(347,12): error TS2362: The left-hand side of an arithmetic operation must be of type 'any', 'number', 'bigint' or an enum type.
src/config/socket.ts(47,7): error TS1117: An object literal cannot have multiple properties with the same name.
src/config/socket.ts(97,7): error TS2353: Object literal may only specify known properties, and 'heartbeatInterval' does not exist in type 'Partial<RedisAdapterOptions>'.
src/config/socket.ts(100,7): error TS1117: An object literal cannot have multiple properties with the same name.
src/config/socket.ts(101,7): error TS1117: An object literal cannot have multiple properties with the same name.
src/config/socket.ts(102,7): error TS1117: An object literal cannot have multiple properties with the same name.
src/config/socket.ts(139,13): error TS2322: Type 'true' is not assignable to type 'number | false'.
src/config/socket.ts(205,7): error TS2365: Operator '>=' cannot be applied to types 'unknown' and 'number'.
src/config/socket.ts(214,23): error TS2365: Operator '+' cannot be applied to types 'unknown' and '1'.
src/config/socket.ts(218,24): error TS2363: The right-hand side of an arithmetic operation must be of type 'any', 'number', 'bigint' or an enum type.
src/config/socket.ts(272,5): error TS2322: Type 'unknown' is not assignable to type 'number'.
src/config/socket.ts(336,11): error TS2365: Operator '>=' cannot be applied to types 'unknown' and 'number'.
src/config/socket.ts(342,55): error TS2365: Operator '+' cannot be applied to types 'unknown' and '1'.
src/config/socket.ts(806,13): error TS2365: Operator '>' cannot be applied to types 'unknown' and 'number'.
src/config/socket.ts(807,58): error TS2362: The left-hand side of an arithmetic operation must be of type 'any', 'number', 'bigint' or an enum type.
src/config/socket.ts(831,28): error TS2339: Property 'memberCount' does not exist on type 'unknown'.
src/config/socket.ts(831,68): error TS2339: Property 'memberCount' does not exist on type 'unknown'.
src/games/HaloArena.ts(290,5): error TS2741: Property 'effect' is missing in type '{ id: string; name: string; description: string; }' but required in type 'PassiveAbility'.
src/games/HaloArena.ts(322,5): error TS2741: Property 'effect' is missing in type '{ id: string; name: string; description: string; }' but required in type 'PassiveAbility'.
src/games/HaloArena.ts(354,5): error TS2741: Property 'effect' is missing in type '{ id: string; name: string; description: string; }' but required in type 'PassiveAbility'.
src/games/HaloRoyale.ts(2019,33): error TS2345: Argument of type 'string' is not assignable to parameter of type '"driver" | "passenger" | "gunner"'.
src/gameserver.ts(29,33): error TS2339: Property 'getActiveMatches' does not exist on type 'AgentOrchestrator'.
src/gameserver.ts(60,7): error TS2353: Object literal may only specify known properties, and 'description' does not exist in type 'AgentConfig'.
src/gameserver.ts(66,7): error TS2353: Object literal may only specify known properties, and 'description' does not exist in type 'AgentConfig'.
src/gameserver.ts(70,38): error TS2345: Argument of type 'NetcodeAgent' is not assignable to parameter of type 'BaseAgent'.
  Property 'config' is private in type 'NetcodeAgent' but not in type 'BaseAgent'.
src/gameserver.ts(75,24): error TS2339: Property 'initialize' does not exist on type 'AgentOrchestrator'.
src/gameserver.ts(82,20): error TS2339: Property 'handlePlayerConnection' does not exist on type 'NetcodeAgent'.
src/gameserver.ts(86,22): error TS2339: Property 'handlePlayerDisconnection' does not exist on type 'NetcodeAgent'.
src/gameserver.ts(92,47): error TS2341: Property 'processMessage' is private and only accessible within class 'AgentOrchestrator'.
src/gameserver.ts(94,13): error TS2322: Type '"FIND_MATCH"' is not assignable to type '"request" | "response" | "event" | "command"'.
src/gameserver.ts(101,15): error TS1345: An expression of type 'void' cannot be tested for truthiness.
src/gameserver.ts(102,48): error TS2339: Property 'payload' does not exist on type 'never'.
src/gameserver.ts(112,28): error TS2341: Property 'processMessage' is private and only accessible within class 'AgentOrchestrator'.
src/gameserver.ts(114,11): error TS2322: Type '"GAME_INPUT"' is not assignable to type '"request" | "response" | "event" | "command"'.
src/gameserver.ts(159,53): error TS2339: Property 'config' does not exist on type 'unknown'.
src/gameserver.ts(159,74): error TS2339: Property 'metrics' does not exist on type 'unknown'.
src/gameserver.ts(163,55): error TS2339: Property 'config' does not exist on type 'unknown'.
src/gameserver.ts(163,76): error TS2339: Property 'metrics' does not exist on type 'unknown'.
src/index.ts(64,3): error TS2305: Module '"@/middleware/security"' has no exported member 'requestId'.
src/index.ts(65,3): error TS2305: Module '"@/middleware/security"' has no exported member 'trustProxy'.
src/index.ts(66,3): error TS2305: Module '"@/middleware/security"' has no exported member 'httpsOnly'.
src/index.ts(68,3): error TS2305: Module '"@/middleware/security"' has no exported member 'authLimiter'.
src/index.ts(69,3): error TS2305: Module '"@/middleware/security"' has no exported member 'loginSlowDown'.
src/index.ts(70,3): error TS2305: Module '"@/middleware/security"' has no exported member 'paymentLimiter'.
src/index.ts(72,3): error TS2305: Module '"@/middleware/security"' has no exported member 'deviceFingerprint'.
src/index.ts(74,3): error TS2305: Module '"@/middleware/security"' has no exported member 'sanitizeInput'.
src/index.ts(190,9): error TS2769: No overload matches this call.
  The last overload gave the following error.
    Argument of type '(request: FastifyRequest, reply: FastifyReply) => Promise<void>' is not assignable to parameter of type 'PathParams'.
src/index.ts(240,9): error TS2769: No overload matches this call.
  The last overload gave the following error.
    Argument of type '(request: FastifyRequest, reply: FastifyReply) => Promise<void>' is not assignable to parameter of type 'PathParams'.
src/index.ts(333,55): error TS2769: No overload matches this call.
  The last overload gave the following error.
    Argument of type '(request: FastifyRequest, reply: FastifyReply) => Promise<void>' is not assignable to parameter of type 'RequestHandlerParams<ParamsDictionary, any, any, ParsedQs, Record<string, any>>'.
      Type '(request: FastifyRequest, reply: FastifyReply) => Promise<void>' is not assignable to type 'RequestHandler<ParamsDictionary, any, any, ParsedQs, Record<string, any>>'.
        Types of parameters 'request' and 'req' are incompatible.
          Type 'Request<ParamsDictionary, any, any, ParsedQs, Record<string, any>>' is missing the following properties from type 'FastifyRequest<RouteGenericInterface, RawServerDefault, IncomingMessage, FastifySchema, FastifyTypeProviderDefault, unknown, FastifyBaseLogger, ResolveFastifyRequestType<...>>': id, raw, log, server, and 9 more.
src/index.ts(335,53): error TS2769: No overload matches this call.
  The last overload gave the following error.
    Argument of type '(request: FastifyRequest, reply: FastifyReply) => Promise<void>' is not assignable to parameter of type 'RequestHandlerParams<ParamsDictionary, any, any, ParsedQs, Record<string, any>>'.
      Type '(request: FastifyRequest, reply: FastifyReply) => Promise<void>' is not assignable to type 'RequestHandler<ParamsDictionary, any, any, ParsedQs, Record<string, any>>'.
        Types of parameters 'request' and 'req' are incompatible.
          Type 'Request<ParamsDictionary, any, any, ParsedQs, Record<string, any>>' is missing the following properties from type 'FastifyRequest<RouteGenericInterface, RawServerDefault, IncomingMessage, FastifySchema, FastifyTypeProviderDefault, unknown, FastifyBaseLogger, ResolveFastifyRequestType<...>>': id, raw, log, server, and 9 more.
src/index.ts(337,54): error TS2769: No overload matches this call.
  The last overload gave the following error.
    Argument of type '(request: FastifyRequest, reply: FastifyReply) => Promise<void>' is not assignable to parameter of type 'RequestHandlerParams<ParamsDictionary, any, any, ParsedQs, Record<string, any>>'.
      Type '(request: FastifyRequest, reply: FastifyReply) => Promise<void>' is not assignable to type 'RequestHandler<ParamsDictionary, any, any, ParsedQs, Record<string, any>>'.
        Types of parameters 'request' and 'req' are incompatible.
          Type 'Request<ParamsDictionary, any, any, ParsedQs, Record<string, any>>' is missing the following properties from type 'FastifyRequest<RouteGenericInterface, RawServerDefault, IncomingMessage, FastifySchema, FastifyTypeProviderDefault, unknown, FastifyBaseLogger, ResolveFastifyRequestType<...>>': id, raw, log, server, and 9 more.
src/index.ts(339,52): error TS2769: No overload matches this call.
  The last overload gave the following error.
    Argument of type '(request: FastifyRequest, reply: FastifyReply) => Promise<void>' is not assignable to parameter of type 'RequestHandlerParams<ParamsDictionary, any, any, ParsedQs, Record<string, any>>'.
      Type '(request: FastifyRequest, reply: FastifyReply) => Promise<void>' is not assignable to type 'RequestHandler<ParamsDictionary, any, any, ParsedQs, Record<string, any>>'.
        Types of parameters 'request' and 'req' are incompatible.
          Type 'Request<ParamsDictionary, any, any, ParsedQs, Record<string, any>>' is missing the following properties from type 'FastifyRequest<RouteGenericInterface, RawServerDefault, IncomingMessage, FastifySchema, FastifyTypeProviderDefault, unknown, FastifyBaseLogger, ResolveFastifyRequestType<...>>': id, raw, log, server, and 9 more.
src/index.ts(507,31): error TS2339: Property 'initialize' does not exist on type 'AIHyperPersonalizationEngine'.
src/index.ts(515,33): error TS2339: Property 'initialize' does not exist on type 'AdvancedGiftEconomyService'.
src/index.ts(523,30): error TS2339: Property 'initialize' does not exist on type 'FortressSecuritySystem'.
src/index.ts(531,32): error TS2339: Property 'initialize' does not exist on type 'GamificationAddictionEngine'.
src/middleware/advancedMonitoring.ts(289,14): error TS2339: Property 'totalRequests' does not exist on type 'unknown'.
src/middleware/advancedMonitoring.ts(290,44): error TS2339: Property 'totalErrors' does not exist on type 'unknown'.
src/middleware/advancedMonitoring.ts(291,14): error TS2339: Property 'totalResponseTime' does not exist on type 'unknown'.
src/middleware/advancedMonitoring.ts(293,19): error TS2339: Property 'endpoints' does not exist on type 'unknown'.
src/middleware/advancedMonitoring.ts(294,16): error TS2339: Property 'endpoints' does not exist on type 'unknown'.
src/middleware/advancedMonitoring.ts(301,14): error TS2339: Property 'endpoints' does not exist on type 'unknown'.
src/middleware/advancedMonitoring.ts(302,44): error TS2339: Property 'endpoints' does not exist on type 'unknown'.
src/middleware/advancedMonitoring.ts(303,14): error TS2339: Property 'endpoints' does not exist on type 'unknown'.
src/middleware/advancedMonitoring.ts(508,25): error TS2365: Operator '+' cannot be applied to types 'unknown' and '1'.
src/middleware/advancedMonitoring.ts(515,14): error TS2339: Property 'lastSeen' does not exist on type 'unknown'.
src/middleware/advancedMonitoring.ts(516,14): error TS2339: Property 'endpoints' does not exist on type 'unknown'.
src/middleware/advancedMonitoring.ts(516,42): error TS2339: Property 'endpoints' does not exist on type 'unknown'.
src/middleware/advancedMonitoring.ts(550,25): error TS2365: Operator '+' cannot be applied to types 'unknown' and '1'.
src/middleware/advancedMonitoring.ts(552,9): error TS2365: Operator '>' cannot be applied to types 'unknown' and 'number'.
src/middleware/advancedMonitoring.ts(556,19): error TS2365: Operator '+' cannot be applied to types 'unknown' and '1'.
src/middleware/advancedMonitoring.ts(578,13): error TS2339: Property 'paths' does not exist on type 'unknown'.
src/middleware/advancedMonitoring.ts(579,13): error TS2339: Property 'timestamps' does not exist on type 'unknown'.
src/middleware/advancedMonitoring.ts(582,17): error TS2339: Property 'paths' does not exist on type 'unknown'.
src/middleware/advancedMonitoring.ts(583,15): error TS2339: Property 'paths' does not exist on type 'unknown'.
src/middleware/advancedMonitoring.ts(583,31): error TS2339: Property 'paths' does not exist on type 'unknown'.
src/middleware/advancedMonitoring.ts(584,15): error TS2339: Property 'timestamps' does not exist on type 'unknown'.
src/middleware/advancedMonitoring.ts(584,36): error TS2339: Property 'timestamps' does not exist on type 'unknown'.
src/middleware/advancedMonitoring.ts(590,38): error TS2339: Property 'paths' does not exist on type 'unknown'.
src/middleware/advancedMonitoring.ts(602,22): error TS2365: Operator '+' cannot be applied to types 'unknown' and '1'.
src/middleware/auth.ts(136,32): error TS2769: No overload matches this call.
  Overload 1 of 5, '(payload: string | object | Buffer<ArrayBufferLike>, secretOrPrivateKey: null, options?: SignOptions & { algorithm: "none"; }): string', gave the following error.
    Argument of type 'string' is not assignable to parameter of type 'null'.
  Overload 2 of 5, '(payload: string | object | Buffer<ArrayBufferLike>, secretOrPrivateKey: Buffer<ArrayBufferLike> | Secret | JsonWebKeyInput | PrivateKeyInput, options?: SignOptions): string', gave the following error.
    Type 'string' is not assignable to type 'number | StringValue'.
  Overload 3 of 5, '(payload: string | object | Buffer<ArrayBufferLike>, secretOrPrivateKey: Buffer<ArrayBufferLike> | Secret | JsonWebKeyInput | PrivateKeyInput, callback: SignCallback): void', gave the following error.
    Object literal may only specify known properties, and 'expiresIn' does not exist in type 'SignCallback'.
src/middleware/auth.ts(304,22): error TS2365: Operator '>=' cannot be applied to types 'unknown' and 'number'.
src/middleware/auth.ts(311,31): error TS2365: Operator '+' cannot be applied to types 'unknown' and '1'.
src/middleware/auth.ts(416,24): error TS2551: Property 'isAgeVerified' does not exist on type 'Document<unknown, {}, IUser, {}, {}> & IUser & Required<{ _id: unknown; }> & { __v: number; }'. Did you mean 'ageVerified'?
src/middleware/EnhancedAuthMiddleware.ts(151,31): error TS2339: Property 'role' does not exist on type '{ id: string; email: string; username: string; isVerified: boolean; isAdmin: boolean; ogLevel: number; trustScore: number; mfaEnabled: boolean; lastLoginAt: Date; }'.
src/middleware/EnhancedAuthMiddleware.ts(167,31): error TS2339: Property 'verified' does not exist on type 'unknown'.
src/middleware/EnhancedAuthMiddleware.ts(199,11): error TS2365: Operator '>=' cannot be applied to types 'unknown' and 'number'.
src/middleware/EnhancedAuthMiddleware.ts(206,27): error TS2365: Operator '+' cannot be applied to types 'unknown' and '1'.
src/middleware/enhancedSecurity.ts(271,44): error TS2345: Argument of type '"base32"' is not assignable to parameter of type 'BufferEncoding'.
src/middleware/enhancedSecurity.ts(278,24): error TS2769: No overload matches this call.
  Overload 1 of 4, '(arrayBuffer: WithImplicitCoercion<ArrayBufferLike>, byteOffset?: number, length?: number): Buffer<ArrayBufferLike>', gave the following error.
    Argument of type 'string' is not assignable to parameter of type 'WithImplicitCoercion<ArrayBufferLike>'.
  Overload 2 of 4, '(string: WithImplicitCoercion<string>, encoding?: BufferEncoding): Buffer<ArrayBuffer>', gave the following error.
    Argument of type '"base32"' is not assignable to parameter of type 'BufferEncoding'.
src/middleware/enhancedSecurity.ts(508,21): error TS2339: Property 'deviceFingerprint' does not exist on type 'unknown'.
src/middleware/enhancedSecurity.ts(524,32): error TS2339: Property 'mfaVerified' does not exist on type 'unknown'.
src/middleware/enhancedSecurity.ts(585,14): error TS2451: Cannot redeclare block-scoped variable 'requireAdmin'.
src/middleware/enhancedSecurity.ts(728,9): error TS2339: Property 'user' does not exist on type 'Request<ParamsDictionary, any, any, ParsedQs, Record<string, any>>'.
src/middleware/enhancedSecurity.ts(735,14): error TS2451: Cannot redeclare block-scoped variable 'requireAdmin'.
src/middleware/enhancedSecurity.ts(737,14): error TS2339: Property 'user' does not exist on type 'Request<ParamsDictionary, any, any, ParsedQs, Record<string, any>>'.
src/middleware/enhancedSecurity.ts(741,13): error TS2339: Property 'user' does not exist on type 'Request<ParamsDictionary, any, any, ParsedQs, Record<string, any>>'.
src/models/AuditLog.ts(90,5): error TS2322: Type '{ gdprApplicable: boolean; dataRetentionChecked: boolean; piiSanitized: boolean; } | {}' is not assignable to type '{ gdprApplicable: boolean; dataRetentionChecked: boolean; piiSanitized: boolean; }'.
  Type '{}' is missing the following properties from type '{ gdprApplicable: boolean; dataRetentionChecked: boolean; piiSanitized: boolean; }': gdprApplicable, dataRetentionChecked, piiSanitized
src/models/CoinTransaction.ts(275,43): error TS2339: Property 'findOne' does not exist on type 'Function'.
src/routes/admin.ts(12,10): error TS2305: Module '"@/middleware/security"' has no exported member 'adminLimiter'.
src/routes/admin.ts(56,7): error TS2769: No overload matches this call.
  Overload 1 of 2, '(options: GenerateSecretWithOtpAuthUrlOptions): GeneratedSecretWithOtpAuthUrl', gave the following error.
    Object literal may only specify known properties, and 'account' does not exist in type 'GenerateSecretWithOtpAuthUrlOptions'.
  Overload 2 of 2, '(options?: GenerateSecretOptions): GeneratedSecret', gave the following error.
    Object literal may only specify known properties, and 'account' does not exist in type 'GenerateSecretOptions'.
src/routes/admin.ts(106,7): error TS2322: Type 'unknown' is not assignable to type 'string'.
src/routes/advanced-analytics.ts(153,31): error TS2528: A module cannot have multiple default exports.
src/routes/advanced-analytics.ts(155,5): error TS2554: Expected 0 arguments, but got 5.
src/routes/advanced-analytics.ts(155,13): error TS2339: Property 'mongo' does not exist on type 'FastifyInstance<RawServerDefault, IncomingMessage, ServerResponse<IncomingMessage>, FastifyBaseLogger, FastifyTypeProviderDefault>'.
src/routes/advanced-analytics.ts(156,13): error TS2339: Property 'mongo' does not exist on type 'FastifyInstance<RawServerDefault, IncomingMessage, ServerResponse<IncomingMessage>, FastifyBaseLogger, FastifyTypeProviderDefault>'.
src/routes/advanced-analytics.ts(157,13): error TS2339: Property 'mongo' does not exist on type 'FastifyInstance<RawServerDefault, IncomingMessage, ServerResponse<IncomingMessage>, FastifyBaseLogger, FastifyTypeProviderDefault>'.
src/routes/advanced-analytics.ts(158,13): error TS2339: Property 'mongo' does not exist on type 'FastifyInstance<RawServerDefault, IncomingMessage, ServerResponse<IncomingMessage>, FastifyBaseLogger, FastifyTypeProviderDefault>'.
src/routes/advanced-analytics.ts(159,13): error TS2339: Property 'redis' does not exist on type 'FastifyInstance<RawServerDefault, IncomingMessage, ServerResponse<IncomingMessage>, FastifyBaseLogger, FastifyTypeProviderDefault>'.
src/routes/advanced-analytics.ts(182,18): error TS2322: Type '(req: Request, res: Response, next: NextFunction) => Promise<Response<any, Record<string, any>>>' is not assignable to type 'preHandlerHookHandler<RawServerDefault, IncomingMessage, ServerResponse<IncomingMessage>, { Querystring: DashboardQuery; }, unknown, NoInfer<FastifySchema>, FastifyTypeProviderDefault, FastifyBaseLogger>'.
  Types of parameters 'req' and 'request' are incompatible.
    Type 'FastifyRequest<{ Querystring: DashboardQuery; }, RawServerDefault, IncomingMessage, NoInfer<FastifySchema>, FastifyTypeProviderDefault, unknown, FastifyBaseLogger, ResolveFastifyRequestType<...>>' is missing the following properties from type 'Request<ParamsDictionary, any, any, ParsedQs, Record<string, any>>': get, header, accepts, acceptsCharsets, and 85 more.
src/routes/advanced-analytics.ts(182,31): error TS2322: Type '(req: AuthenticatedRequest, res: Response, next: NextFunction) => Promise<void>' is not assignable to type 'preHandlerHookHandler<RawServerDefault, IncomingMessage, ServerResponse<IncomingMessage>, { Querystring: DashboardQuery; }, unknown, NoInfer<FastifySchema>, FastifyTypeProviderDefault, FastifyBaseLogger>'.
  Types of parameters 'req' and 'request' are incompatible.
    Type 'FastifyRequest<{ Querystring: DashboardQuery; }, RawServerDefault, IncomingMessage, NoInfer<FastifySchema>, FastifyTypeProviderDefault, unknown, FastifyBaseLogger, ResolveFastifyRequestType<...>>' is missing the following properties from type 'AuthenticatedRequest': get, header, accepts, acceptsCharsets, and 85 more.
src/routes/advanced-analytics.ts(182,45): error TS2322: Type 'RateLimitRequestHandler' is not assignable to type 'preHandlerHookHandler<RawServerDefault, IncomingMessage, ServerResponse<IncomingMessage>, { Querystring: DashboardQuery; }, unknown, NoInfer<FastifySchema>, FastifyTypeProviderDefault, FastifyBaseLogger>'.
  Types of parameters 'req' and 'request' are incompatible.
    Type 'FastifyRequest<{ Querystring: DashboardQuery; }, RawServerDefault, IncomingMessage, NoInfer<FastifySchema>, FastifyTypeProviderDefault, unknown, FastifyBaseLogger, ResolveFastifyRequestType<...>>' is missing the following properties from type 'Request<ParamsDictionary, any, any, ParsedQs, Record<string, any>>': get, header, accepts, acceptsCharsets, and 85 more.
src/routes/advanced-analytics.ts(182,65): error TS2322: Type '(req: Request, res: Response, next: NextFunction) => void' is not assignable to type 'preHandlerHookHandler<RawServerDefault, IncomingMessage, ServerResponse<IncomingMessage>, { Querystring: DashboardQuery; }, unknown, NoInfer<FastifySchema>, FastifyTypeProviderDefault, FastifyBaseLogger>'.
  Types of parameters 'req' and 'request' are incompatible.
    Type 'FastifyRequest<{ Querystring: DashboardQuery; }, RawServerDefault, IncomingMessage, NoInfer<FastifySchema>, FastifyTypeProviderDefault, unknown, FastifyBaseLogger, ResolveFastifyRequestType<...>>' is missing the following properties from type 'Request<ParamsDictionary, any, any, ParsedQs, Record<string, any>>': get, header, accepts, acceptsCharsets, and 85 more.
src/routes/advanced-analytics.ts(510,85): error TS2554: Expected 1 arguments, but got 2.
src/routes/advanced-analytics.ts(528,11): error TS2322: Type '{ streamsPerDay: any[]; videosPerDay: any[]; averageWatchTime: any[]; topCategories: Array<{ category: string; count: number; engagement: number; }>; topCreators: Array<{ creatorId: string; creatorName: string; streams: number; videos: number; totalViews: number; totalRevenue: number; }>; }' is not assignable to type '{ streamsPerDay: { timestamp: string; value: number; metadata?: any; }[]; videosPerDay: { timestamp: string; value: number; metadata?: any; }[]; averageWatchTime: { timestamp: string; value: number; metadata?: any; }[]; topCategories: { ...; }[]; topCreators: { ...; }[]; }'.
  Types of property 'topCreators' are incompatible.
    Type '{ creatorId: string; creatorName: string; streams: number; videos: number; totalViews: number; totalRevenue: number; }[]' is not assignable to type '{ creatorId: string; creatorName: string; streams: number; videos: number; totalViews: number; revenue: number; }[]'.
      Property 'revenue' is missing in type '{ creatorId: string; creatorName: string; streams: number; videos: number; totalViews: number; totalRevenue: number; }' but required in type '{ creatorId: string; creatorName: string; streams: number; videos: number; totalViews: number; revenue: number; }'.
src/routes/advanced-analytics.ts(534,11): error TS2741: Property 'viralCoefficient' is missing in type '{ likesPerDay: any[]; sharesPerDay: any[]; commentsPerDay: any[]; giftsPerDay: any[]; engagementRate: any[]; dailyEngagement: TimeSeriesData[]; engagementByContent: Array<{ contentType: string; engagement: number; count: number; }>; trendingContent: Array<{ contentId: string; title: string; engagement: number; views...' but required in type '{ likesPerDay: { timestamp: string; value: number; metadata?: any; }[]; sharesPerDay: { timestamp: string; value: number; metadata?: any; }[]; commentsPerDay: { timestamp: string; value: number; metadata?: any; }[]; giftsPerDay: { ...; }[]; engagementRate: { ...; }[]; viralCoefficient: number; }'.
src/routes/advanced-analytics.ts(536,70): error TS2339: Property 'likesPerDay' does not exist on type '{ dailyEngagement: TimeSeriesData[]; engagementByContent: { contentType: string; engagement: number; count: number; }[]; trendingContent: { contentId: string; title: string; engagement: number; views: number; }[]; }'.
src/routes/advanced-analytics.ts(537,71): error TS2339: Property 'sharesPerDay' does not exist on type '{ dailyEngagement: TimeSeriesData[]; engagementByContent: { contentType: string; engagement: number; count: number; }[]; trendingContent: { contentId: string; title: string; engagement: number; views: number; }[]; }'.
src/routes/advanced-analytics.ts(538,73): error TS2339: Property 'commentsPerDay' does not exist on type '{ dailyEngagement: TimeSeriesData[]; engagementByContent: { contentType: string; engagement: number; count: number; }[]; trendingContent: { contentId: string; title: string; engagement: number; views: number; }[]; }'.
src/routes/advanced-analytics.ts(539,70): error TS2339: Property 'giftsPerDay' does not exist on type '{ dailyEngagement: TimeSeriesData[]; engagementByContent: { contentType: string; engagement: number; count: number; }[]; trendingContent: { contentId: string; title: string; engagement: number; views: number; }[]; }'.
src/routes/advanced-analytics.ts(540,73): error TS2339: Property 'engagementRate' does not exist on type '{ dailyEngagement: TimeSeriesData[]; engagementByContent: { contentType: string; engagement: number; count: number; }[]; trendingContent: { contentId: string; title: string; engagement: number; views: number; }[]; }'.
src/routes/advanced-analytics.ts(542,11): error TS2322: Type '{ revenuePerDay: any[]; averageRevenuePerUser: any[]; conversionRate: any[]; dailyRevenue: TimeSeriesData[]; revenueBySource: Array<{ source: string; amount: number; percentage: number; }>; topRevenueGenerators: Array<{ userId: string; username: string; revenue: number; transactions: number; }>; }' is not assignable to type '{ revenuePerDay: { timestamp: string; value: number; metadata?: any; }[]; revenueBySource: { source: string; amount: number; percentage: number; }[]; averageRevenuePerUser: { timestamp: string; value: number; metadata?: any; }[]; conversionRate: { ...; }[]; topRevenueGenerators: { ...; }[]; }'.
  Types of property 'topRevenueGenerators' are incompatible.
    Type '{ userId: string; username: string; revenue: number; transactions: number; }[]' is not assignable to type '{ userId: string; userName: string; revenue: number; streams: number; videos: number; }[]'.
      Type '{ userId: string; username: string; revenue: number; transactions: number; }' is missing the following properties from type '{ userId: string; userName: string; revenue: number; streams: number; videos: number; }': userName, streams, videos
src/routes/advanced-analytics.ts(544,69): error TS2339: Property 'revenuePerDay' does not exist on type '{ dailyRevenue: TimeSeriesData[]; revenueBySource: { source: string; amount: number; percentage: number; }[]; topRevenueGenerators: { userId: string; username: string; revenue: number; transactions: number; }[]; }'.
src/routes/advanced-analytics.ts(545,77): error TS2339: Property 'averageRevenuePerUser' does not exist on type '{ dailyRevenue: TimeSeriesData[]; revenueBySource: { source: string; amount: number; percentage: number; }[]; topRevenueGenerators: { userId: string; username: string; revenue: number; transactions: number; }[]; }'.
src/routes/advanced-analytics.ts(546,70): error TS2339: Property 'conversionRate' does not exist on type '{ dailyRevenue: TimeSeriesData[]; revenueBySource: { source: string; amount: number; percentage: number; }[]; topRevenueGenerators: { userId: string; username: string; revenue: number; transactions: number; }[]; }'.
src/routes/advanced-analytics.ts(549,24): error TS2339: Property 'technicalMetrics' does not exist on type 'DashboardMetrics'.
src/routes/advanced-analytics.ts(550,56): error TS2339: Property 'technicalMetrics' does not exist on type 'DashboardMetrics'.
src/routes/advanced-analytics.ts(551,50): error TS2339: Property 'technicalMetrics' does not exist on type 'DashboardMetrics'.
src/routes/advanced-analytics.ts(552,58): error TS2339: Property 'technicalMetrics' does not exist on type 'DashboardMetrics'.
src/routes/advanced-analytics.ts(553,53): error TS2339: Property 'technicalMetrics' does not exist on type 'DashboardMetrics'.
src/routes/advanced-analytics.ts(559,61): error TS2345: Argument of type 'any' is not assignable to parameter of type 'never'.
src/routes/advanced-analytics.ts(618,18): error TS2322: Type '(req: Request, res: Response, next: NextFunction) => Promise<Response<any, Record<string, any>>>' is not assignable to type 'preHandlerHookHandler<RawServerDefault, IncomingMessage, ServerResponse<IncomingMessage>, RouteGenericInterface, unknown, NoInfer<FastifySchema>, FastifyTypeProviderDefault, FastifyBaseLogger>'.
  Types of parameters 'req' and 'request' are incompatible.
    Type 'FastifyRequest<RouteGenericInterface, RawServerDefault, IncomingMessage, NoInfer<FastifySchema>, FastifyTypeProviderDefault, unknown, FastifyBaseLogger, ResolveFastifyRequestType<...>>' is missing the following properties from type 'Request<ParamsDictionary, any, any, ParsedQs, Record<string, any>>': get, header, accepts, acceptsCharsets, and 85 more.
src/routes/advanced-analytics.ts(618,31): error TS2322: Type '(req: AuthenticatedRequest, res: Response, next: NextFunction) => Promise<void>' is not assignable to type 'preHandlerHookHandler<RawServerDefault, IncomingMessage, ServerResponse<IncomingMessage>, RouteGenericInterface, unknown, NoInfer<FastifySchema>, FastifyTypeProviderDefault, FastifyBaseLogger>'.
  Types of parameters 'req' and 'request' are incompatible.
    Type 'FastifyRequest<RouteGenericInterface, RawServerDefault, IncomingMessage, NoInfer<FastifySchema>, FastifyTypeProviderDefault, unknown, FastifyBaseLogger, ResolveFastifyRequestType<...>>' is missing the following properties from type 'AuthenticatedRequest': get, header, accepts, acceptsCharsets, and 85 more.
src/routes/advanced-analytics.ts(618,45): error TS2322: Type 'RateLimitRequestHandler' is not assignable to type 'preHandlerHookHandler<RawServerDefault, IncomingMessage, ServerResponse<IncomingMessage>, RouteGenericInterface, unknown, NoInfer<FastifySchema>, FastifyTypeProviderDefault, FastifyBaseLogger>'.
  Types of parameters 'req' and 'request' are incompatible.
    Type 'FastifyRequest<RouteGenericInterface, RawServerDefault, IncomingMessage, NoInfer<FastifySchema>, FastifyTypeProviderDefault, unknown, FastifyBaseLogger, ResolveFastifyRequestType<...>>' is missing the following properties from type 'Request<ParamsDictionary, any, any, ParsedQs, Record<string, any>>': get, header, accepts, acceptsCharsets, and 85 more.
src/routes/advanced-analytics.ts(678,55): error TS2339: Property 'getPredictiveInsights' does not exist on type 'AdvancedAnalyticsService'.
src/routes/advanced-analytics.ts(686,63): error TS2345: Argument of type 'any' is not assignable to parameter of type 'never'.
src/routes/advanced-analytics.ts(721,18): error TS2322: Type '(req: Request, res: Response, next: NextFunction) => Promise<Response<any, Record<string, any>>>' is not assignable to type 'preHandlerHookHandler<RawServerDefault, IncomingMessage, ServerResponse<IncomingMessage>, RouteGenericInterface, unknown, NoInfer<FastifySchema>, FastifyTypeProviderDefault, FastifyBaseLogger>'.
  Types of parameters 'req' and 'request' are incompatible.
    Type 'FastifyRequest<RouteGenericInterface, RawServerDefault, IncomingMessage, NoInfer<FastifySchema>, FastifyTypeProviderDefault, unknown, FastifyBaseLogger, ResolveFastifyRequestType<...>>' is missing the following properties from type 'Request<ParamsDictionary, any, any, ParsedQs, Record<string, any>>': get, header, accepts, acceptsCharsets, and 85 more.
src/routes/advanced-analytics.ts(721,31): error TS2322: Type '(req: AuthenticatedRequest, res: Response, next: NextFunction) => Promise<void>' is not assignable to type 'preHandlerHookHandler<RawServerDefault, IncomingMessage, ServerResponse<IncomingMessage>, RouteGenericInterface, unknown, NoInfer<FastifySchema>, FastifyTypeProviderDefault, FastifyBaseLogger>'.
  Types of parameters 'req' and 'request' are incompatible.
    Type 'FastifyRequest<RouteGenericInterface, RawServerDefault, IncomingMessage, NoInfer<FastifySchema>, FastifyTypeProviderDefault, unknown, FastifyBaseLogger, ResolveFastifyRequestType<...>>' is missing the following properties from type 'AuthenticatedRequest': get, header, accepts, acceptsCharsets, and 85 more.
src/routes/advanced-analytics.ts(721,45): error TS2322: Type 'RateLimitRequestHandler' is not assignable to type 'preHandlerHookHandler<RawServerDefault, IncomingMessage, ServerResponse<IncomingMessage>, RouteGenericInterface, unknown, NoInfer<FastifySchema>, FastifyTypeProviderDefault, FastifyBaseLogger>'.
  Types of parameters 'req' and 'request' are incompatible.
    Type 'FastifyRequest<RouteGenericInterface, RawServerDefault, IncomingMessage, NoInfer<FastifySchema>, FastifyTypeProviderDefault, unknown, FastifyBaseLogger, ResolveFastifyRequestType<...>>' is missing the following properties from type 'Request<ParamsDictionary, any, any, ParsedQs, Record<string, any>>': get, header, accepts, acceptsCharsets, and 85 more.
src/routes/advanced-analytics.ts(779,38): error TS2339: Property 'alerts' does not exist on type '{ activeStreams: number; activeUsers: number; recentTransactions: number; recentEngagement: any; timestamp: Date; }'.
src/routes/advanced-analytics.ts(786,9): error TS2739: Type '{ alerts: any; activeStreams: number; activeUsers: number; recentTransactions: number; recentEngagement: any; timestamp: Date; }' is missing the following properties from type '{ activeStreams: number; activeUsers: number; currentRevenue: number; topTrendingContent: { contentId: string; contentType: "stream" | "video"; views: number; engagement: number; }[]; systemHealth: { ...; }; alerts: { ...; }[]; }': currentRevenue, topTrendingContent, systemHealth
src/routes/advanced-analytics.ts(793,61): error TS2345: Argument of type 'any' is not assignable to parameter of type 'never'.
src/routes/advanced-analytics.ts(826,18): error TS2322: Type '(req: Request, res: Response, next: NextFunction) => Promise<Response<any, Record<string, any>>>' is not assignable to type 'preHandlerHookHandler<RawServerDefault, IncomingMessage, ServerResponse<IncomingMessage>, { Querystring: { format: "json" | "xlsx" | "csv"; timeRange?: "week" | ... 2 more ... | "month"; metrics?: string[]; }; }, unknown, NoInfer<FastifySchema>, FastifyTypeProviderDefault, FastifyBaseLogger>'.
  Types of parameters 'req' and 'request' are incompatible.
    Type 'FastifyRequest<{ Querystring: { format: "json" | "xlsx" | "csv"; timeRange?: "week" | "day" | "hour" | "month"; metrics?: string[]; }; }, RawServerDefault, IncomingMessage, ... 4 more ..., ResolveFastifyRequestType<...>>' is missing the following properties from type 'Request<ParamsDictionary, any, any, ParsedQs, Record<string, any>>': get, header, accepts, acceptsCharsets, and 85 more.
src/routes/advanced-analytics.ts(826,31): error TS2322: Type '(req: AuthenticatedRequest, res: Response, next: NextFunction) => Promise<void>' is not assignable to type 'preHandlerHookHandler<RawServerDefault, IncomingMessage, ServerResponse<IncomingMessage>, { Querystring: { format: "json" | "xlsx" | "csv"; timeRange?: "week" | ... 2 more ... | "month"; metrics?: string[]; }; }, unknown, NoInfer<FastifySchema>, FastifyTypeProviderDefault, FastifyBaseLogger>'.
  Types of parameters 'req' and 'request' are incompatible.
    Type 'FastifyRequest<{ Querystring: { format: "json" | "xlsx" | "csv"; timeRange?: "week" | "day" | "hour" | "month"; metrics?: string[]; }; }, RawServerDefault, IncomingMessage, ... 4 more ..., ResolveFastifyRequestType<...>>' is missing the following properties from type 'AuthenticatedRequest': get, header, accepts, acceptsCharsets, and 85 more.
src/routes/advanced-analytics.ts(826,45): error TS2322: Type 'RateLimitRequestHandler' is not assignable to type 'preHandlerHookHandler<RawServerDefault, IncomingMessage, ServerResponse<IncomingMessage>, { Querystring: { format: "json" | "xlsx" | "csv"; timeRange?: "week" | ... 2 more ... | "month"; metrics?: string[]; }; }, unknown, NoInfer<FastifySchema>, FastifyTypeProviderDefault, FastifyBaseLogger>'.
  Types of parameters 'req' and 'request' are incompatible.
    Type 'FastifyRequest<{ Querystring: { format: "json" | "xlsx" | "csv"; timeRange?: "week" | "day" | "hour" | "month"; metrics?: string[]; }; }, RawServerDefault, IncomingMessage, ... 4 more ..., ResolveFastifyRequestType<...>>' is missing the following properties from type 'Request<ParamsDictionary, any, any, ParsedQs, Record<string, any>>': get, header, accepts, acceptsCharsets, and 85 more.
src/routes/advanced-analytics.ts(826,65): error TS2322: Type '(req: Request, res: Response, next: NextFunction) => void' is not assignable to type 'preHandlerHookHandler<RawServerDefault, IncomingMessage, ServerResponse<IncomingMessage>, { Querystring: { format: "json" | "xlsx" | "csv"; timeRange?: "week" | ... 2 more ... | "month"; metrics?: string[]; }; }, unknown, NoInfer<FastifySchema>, FastifyTypeProviderDefault, FastifyBaseLogger>'.
  Types of parameters 'req' and 'request' are incompatible.
    Type 'FastifyRequest<{ Querystring: { format: "json" | "xlsx" | "csv"; timeRange?: "week" | "day" | "hour" | "month"; metrics?: string[]; }; }, RawServerDefault, IncomingMessage, ... 4 more ..., ResolveFastifyRequestType<...>>' is missing the following properties from type 'Request<ParamsDictionary, any, any, ParsedQs, Record<string, any>>': get, header, accepts, acceptsCharsets, and 85 more.
src/routes/advanced-analytics.ts(868,88): error TS2554: Expected 1 arguments, but got 2.
src/routes/advanced-analytics.ts(876,21): error TS2339: Property 'mongo' does not exist on type 'FastifyInstance<RawServerDefault, IncomingMessage, ServerResponse<IncomingMessage>, FastifyBaseLogger, FastifyTypeProviderDefault>'.
src/routes/advanced-analytics.ts(901,60): error TS2345: Argument of type 'any' is not assignable to parameter of type 'never'.
src/routes/advanced-analytics.ts(939,18): error TS2322: Type '(req: Request, res: Response, next: NextFunction) => Promise<Response<any, Record<string, any>>>' is not assignable to type 'preHandlerHookHandler<RawServerDefault, IncomingMessage, ServerResponse<IncomingMessage>, { Body: { name: string; description: string; metrics: string[]; filters: { ...; }; schedule?: { ...; }; }; }, unknown, NoInfer<FastifySchema>, FastifyTypeProviderDefault, FastifyBaseLogger>'.
  Types of parameters 'req' and 'request' are incompatible.
    Type 'FastifyRequest<{ Body: { name: string; description: string; metrics: string[]; filters: { timeRange: "week" | "day" | "hour" | "month"; granularity: "day" | "hour" | "minute"; categories?: string[]; creators?: string[]; users?: string[]; }; schedule?: { ...; }; }; }, ... 6 more ..., ResolveFastifyRequestType<...>>' is missing the following properties from type 'Request<ParamsDictionary, any, any, ParsedQs, Record<string, any>>': get, header, accepts, acceptsCharsets, and 85 more.
src/routes/advanced-analytics.ts(939,31): error TS2322: Type '(req: AuthenticatedRequest, res: Response, next: NextFunction) => Promise<void>' is not assignable to type 'preHandlerHookHandler<RawServerDefault, IncomingMessage, ServerResponse<IncomingMessage>, { Body: { name: string; description: string; metrics: string[]; filters: { ...; }; schedule?: { ...; }; }; }, unknown, NoInfer<FastifySchema>, FastifyTypeProviderDefault, FastifyBaseLogger>'.
  Types of parameters 'req' and 'request' are incompatible.
    Type 'FastifyRequest<{ Body: { name: string; description: string; metrics: string[]; filters: { timeRange: "week" | "day" | "hour" | "month"; granularity: "day" | "hour" | "minute"; categories?: string[]; creators?: string[]; users?: string[]; }; schedule?: { ...; }; }; }, ... 6 more ..., ResolveFastifyRequestType<...>>' is missing the following properties from type 'AuthenticatedRequest': get, header, accepts, acceptsCharsets, and 85 more.
src/routes/advanced-analytics.ts(939,45): error TS2322: Type 'RateLimitRequestHandler' is not assignable to type 'preHandlerHookHandler<RawServerDefault, IncomingMessage, ServerResponse<IncomingMessage>, { Body: { name: string; description: string; metrics: string[]; filters: { ...; }; schedule?: { ...; }; }; }, unknown, NoInfer<FastifySchema>, FastifyTypeProviderDefault, FastifyBaseLogger>'.
  Types of parameters 'req' and 'request' are incompatible.
    Type 'FastifyRequest<{ Body: { name: string; description: string; metrics: string[]; filters: { timeRange: "week" | "day" | "hour" | "month"; granularity: "day" | "hour" | "minute"; categories?: string[]; creators?: string[]; users?: string[]; }; schedule?: { ...; }; }; }, ... 6 more ..., ResolveFastifyRequestType<...>>' is missing the following properties from type 'Request<ParamsDictionary, any, any, ParsedQs, Record<string, any>>': get, header, accepts, acceptsCharsets, and 85 more.
src/routes/advanced-analytics.ts(939,65): error TS2322: Type '(req: Request, res: Response, next: NextFunction) => void' is not assignable to type 'preHandlerHookHandler<RawServerDefault, IncomingMessage, ServerResponse<IncomingMessage>, { Body: { name: string; description: string; metrics: string[]; filters: { ...; }; schedule?: { ...; }; }; }, unknown, NoInfer<FastifySchema>, FastifyTypeProviderDefault, FastifyBaseLogger>'.
  Types of parameters 'req' and 'request' are incompatible.
    Type 'FastifyRequest<{ Body: { name: string; description: string; metrics: string[]; filters: { timeRange: "week" | "day" | "hour" | "month"; granularity: "day" | "hour" | "minute"; categories?: string[]; creators?: string[]; users?: string[]; }; schedule?: { ...; }; }; }, ... 6 more ..., ResolveFastifyRequestType<...>>' is missing the following properties from type 'Request<ParamsDictionary, any, any, ParsedQs, Record<string, any>>': get, header, accepts, acceptsCharsets, and 85 more.
src/routes/advanced-analytics.ts(1022,21): error TS2339: Property 'mongo' does not exist on type 'FastifyInstance<RawServerDefault, IncomingMessage, ServerResponse<IncomingMessage>, FastifyBaseLogger, FastifyTypeProviderDefault>'.
src/routes/advanced-analytics.ts(1036,21): error TS2339: Property 'mongo' does not exist on type 'FastifyInstance<RawServerDefault, IncomingMessage, ServerResponse<IncomingMessage>, FastifyBaseLogger, FastifyTypeProviderDefault>'.
src/routes/advanced-analytics.ts(1063,58): error TS2345: Argument of type 'any' is not assignable to parameter of type 'never'.
src/routes/advanced-analytics.ts(1107,16): error TS2528: A module cannot have multiple default exports.
src/routes/advanced-fraud-detection.ts(33,5): error TS2554: Expected 0 arguments, but got 3.
src/routes/advanced-fraud-detection.ts(33,13): error TS2339: Property 'mongo' does not exist on type 'FastifyInstance<RawServerDefault, IncomingMessage, ServerResponse<IncomingMessage>, FastifyBaseLogger, FastifyTypeProviderDefault>'.
src/routes/advanced-fraud-detection.ts(34,13): error TS2339: Property 'mongo' does not exist on type 'FastifyInstance<RawServerDefault, IncomingMessage, ServerResponse<IncomingMessage>, FastifyBaseLogger, FastifyTypeProviderDefault>'.
src/routes/advanced-fraud-detection.ts(35,13): error TS2339: Property 'redis' does not exist on type 'FastifyInstance<RawServerDefault, IncomingMessage, ServerResponse<IncomingMessage>, FastifyBaseLogger, FastifyTypeProviderDefault>'.
src/routes/advanced-fraud-detection.ts(58,18): error TS2322: Type '(req: Request, res: Response, next: NextFunction) => Promise<Response<any, Record<string, any>>>' is not assignable to type 'preHandlerHookHandler<RawServerDefault, IncomingMessage, ServerResponse<IncomingMessage>, { Body: FraudPatternRequest; }, unknown, NoInfer<FastifySchema>, FastifyTypeProviderDefault, FastifyBaseLogger>'.
  Types of parameters 'req' and 'request' are incompatible.
    Type 'FastifyRequest<{ Body: FraudPatternRequest; }, RawServerDefault, IncomingMessage, NoInfer<FastifySchema>, FastifyTypeProviderDefault, unknown, FastifyBaseLogger, ResolveFastifyRequestType<...>>' is missing the following properties from type 'Request<ParamsDictionary, any, any, ParsedQs, Record<string, any>>': get, header, accepts, acceptsCharsets, and 85 more.
src/routes/advanced-fraud-detection.ts(58,31): error TS2322: Type '(req: AuthenticatedRequest, res: Response, next: NextFunction) => Promise<void>' is not assignable to type 'preHandlerHookHandler<RawServerDefault, IncomingMessage, ServerResponse<IncomingMessage>, { Body: FraudPatternRequest; }, unknown, NoInfer<FastifySchema>, FastifyTypeProviderDefault, FastifyBaseLogger>'.
  Types of parameters 'req' and 'request' are incompatible.
    Type 'FastifyRequest<{ Body: FraudPatternRequest; }, RawServerDefault, IncomingMessage, NoInfer<FastifySchema>, FastifyTypeProviderDefault, unknown, FastifyBaseLogger, ResolveFastifyRequestType<...>>' is missing the following properties from type 'AuthenticatedRequest': get, header, accepts, acceptsCharsets, and 85 more.
src/routes/advanced-fraud-detection.ts(58,45): error TS2322: Type 'RateLimitRequestHandler' is not assignable to type 'preHandlerHookHandler<RawServerDefault, IncomingMessage, ServerResponse<IncomingMessage>, { Body: FraudPatternRequest; }, unknown, NoInfer<FastifySchema>, FastifyTypeProviderDefault, FastifyBaseLogger>'.
  Types of parameters 'req' and 'request' are incompatible.
    Type 'FastifyRequest<{ Body: FraudPatternRequest; }, RawServerDefault, IncomingMessage, NoInfer<FastifySchema>, FastifyTypeProviderDefault, unknown, FastifyBaseLogger, ResolveFastifyRequestType<...>>' is missing the following properties from type 'Request<ParamsDictionary, any, any, ParsedQs, Record<string, any>>': get, header, accepts, acceptsCharsets, and 85 more.
src/routes/advanced-fraud-detection.ts(58,61): error TS2322: Type '(req: Request, res: Response, next: NextFunction) => void' is not assignable to type 'preHandlerHookHandler<RawServerDefault, IncomingMessage, ServerResponse<IncomingMessage>, { Body: FraudPatternRequest; }, unknown, NoInfer<FastifySchema>, FastifyTypeProviderDefault, FastifyBaseLogger>'.
  Types of parameters 'req' and 'request' are incompatible.
    Type 'FastifyRequest<{ Body: FraudPatternRequest; }, RawServerDefault, IncomingMessage, NoInfer<FastifySchema>, FastifyTypeProviderDefault, unknown, FastifyBaseLogger, ResolveFastifyRequestType<...>>' is missing the following properties from type 'Request<ParamsDictionary, any, any, ParsedQs, Record<string, any>>': get, header, accepts, acceptsCharsets, and 85 more.
src/routes/advanced-fraud-detection.ts(114,21): error TS2339: Property 'mongo' does not exist on type 'FastifyInstance<RawServerDefault, IncomingMessage, ServerResponse<IncomingMessage>, FastifyBaseLogger, FastifyTypeProviderDefault>'.
src/routes/advanced-fraud-detection.ts(142,58): error TS2345: Argument of type 'any' is not assignable to parameter of type 'never'.
src/routes/advanced-fraud-detection.ts(166,18): error TS2322: Type '(req: Request, res: Response, next: NextFunction) => Promise<Response<any, Record<string, any>>>' is not assignable to type 'preHandlerHookHandler<RawServerDefault, IncomingMessage, ServerResponse<IncomingMessage>, { Body: FraudAnalysisRequest; }, unknown, NoInfer<FastifySchema>, FastifyTypeProviderDefault, FastifyBaseLogger>'.
  Types of parameters 'req' and 'request' are incompatible.
    Type 'FastifyRequest<{ Body: FraudAnalysisRequest; }, RawServerDefault, IncomingMessage, NoInfer<FastifySchema>, FastifyTypeProviderDefault, unknown, FastifyBaseLogger, ResolveFastifyRequestType<...>>' is missing the following properties from type 'Request<ParamsDictionary, any, any, ParsedQs, Record<string, any>>': get, header, accepts, acceptsCharsets, and 85 more.
src/routes/advanced-fraud-detection.ts(166,31): error TS2322: Type '(req: AuthenticatedRequest, res: Response, next: NextFunction) => Promise<void>' is not assignable to type 'preHandlerHookHandler<RawServerDefault, IncomingMessage, ServerResponse<IncomingMessage>, { Body: FraudAnalysisRequest; }, unknown, NoInfer<FastifySchema>, FastifyTypeProviderDefault, FastifyBaseLogger>'.
  Types of parameters 'req' and 'request' are incompatible.
    Type 'FastifyRequest<{ Body: FraudAnalysisRequest; }, RawServerDefault, IncomingMessage, NoInfer<FastifySchema>, FastifyTypeProviderDefault, unknown, FastifyBaseLogger, ResolveFastifyRequestType<...>>' is missing the following properties from type 'AuthenticatedRequest': get, header, accepts, acceptsCharsets, and 85 more.
src/routes/advanced-fraud-detection.ts(166,45): error TS2322: Type 'RateLimitRequestHandler' is not assignable to type 'preHandlerHookHandler<RawServerDefault, IncomingMessage, ServerResponse<IncomingMessage>, { Body: FraudAnalysisRequest; }, unknown, NoInfer<FastifySchema>, FastifyTypeProviderDefault, FastifyBaseLogger>'.
  Types of parameters 'req' and 'request' are incompatible.
    Type 'FastifyRequest<{ Body: FraudAnalysisRequest; }, RawServerDefault, IncomingMessage, NoInfer<FastifySchema>, FastifyTypeProviderDefault, unknown, FastifyBaseLogger, ResolveFastifyRequestType<...>>' is missing the following properties from type 'Request<ParamsDictionary, any, any, ParsedQs, Record<string, any>>': get, header, accepts, acceptsCharsets, and 85 more.
src/routes/advanced-fraud-detection.ts(166,61): error TS2322: Type '(req: Request, res: Response, next: NextFunction) => void' is not assignable to type 'preHandlerHookHandler<RawServerDefault, IncomingMessage, ServerResponse<IncomingMessage>, { Body: FraudAnalysisRequest; }, unknown, NoInfer<FastifySchema>, FastifyTypeProviderDefault, FastifyBaseLogger>'.
  Types of parameters 'req' and 'request' are incompatible.
    Type 'FastifyRequest<{ Body: FraudAnalysisRequest; }, RawServerDefault, IncomingMessage, NoInfer<FastifySchema>, FastifyTypeProviderDefault, unknown, FastifyBaseLogger, ResolveFastifyRequestType<...>>' is missing the following properties from type 'Request<ParamsDictionary, any, any, ParsedQs, Record<string, any>>': get, header, accepts, acceptsCharsets, and 85 more.
src/routes/advanced-fraud-detection.ts(222,21): error TS2339: Property 'mongo' does not exist on type 'FastifyInstance<RawServerDefault, IncomingMessage, ServerResponse<IncomingMessage>, FastifyBaseLogger, FastifyTypeProviderDefault>'.
src/routes/advanced-fraud-detection.ts(251,60): error TS2345: Argument of type 'any' is not assignable to parameter of type 'never'.
src/routes/advanced-fraud-detection.ts(268,18): error TS2322: Type '(req: Request, res: Response, next: NextFunction) => Promise<Response<any, Record<string, any>>>' is not assignable to type 'preHandlerHookHandler<RawServerDefault, IncomingMessage, ServerResponse<IncomingMessage>, { Params: { userId: string; }; }, unknown, NoInfer<FastifySchema>, FastifyTypeProviderDefault, FastifyBaseLogger>'.
  Types of parameters 'req' and 'request' are incompatible.
    Type 'FastifyRequest<{ Params: { userId: string; }; }, RawServerDefault, IncomingMessage, NoInfer<FastifySchema>, FastifyTypeProviderDefault, unknown, FastifyBaseLogger, ResolveFastifyRequestType<...>>' is missing the following properties from type 'Request<ParamsDictionary, any, any, ParsedQs, Record<string, any>>': get, header, accepts, acceptsCharsets, and 85 more.
src/routes/advanced-fraud-detection.ts(268,31): error TS2322: Type '(req: AuthenticatedRequest, res: Response, next: NextFunction) => Promise<void>' is not assignable to type 'preHandlerHookHandler<RawServerDefault, IncomingMessage, ServerResponse<IncomingMessage>, { Params: { userId: string; }; }, unknown, NoInfer<FastifySchema>, FastifyTypeProviderDefault, FastifyBaseLogger>'.
  Types of parameters 'req' and 'request' are incompatible.
    Type 'FastifyRequest<{ Params: { userId: string; }; }, RawServerDefault, IncomingMessage, NoInfer<FastifySchema>, FastifyTypeProviderDefault, unknown, FastifyBaseLogger, ResolveFastifyRequestType<...>>' is missing the following properties from type 'AuthenticatedRequest': get, header, accepts, acceptsCharsets, and 85 more.
src/routes/advanced-fraud-detection.ts(268,45): error TS2322: Type 'RateLimitRequestHandler' is not assignable to type 'preHandlerHookHandler<RawServerDefault, IncomingMessage, ServerResponse<IncomingMessage>, { Params: { userId: string; }; }, unknown, NoInfer<FastifySchema>, FastifyTypeProviderDefault, FastifyBaseLogger>'.
  Types of parameters 'req' and 'request' are incompatible.
    Type 'FastifyRequest<{ Params: { userId: string; }; }, RawServerDefault, IncomingMessage, NoInfer<FastifySchema>, FastifyTypeProviderDefault, unknown, FastifyBaseLogger, ResolveFastifyRequestType<...>>' is missing the following properties from type 'Request<ParamsDictionary, any, any, ParsedQs, Record<string, any>>': get, header, accepts, acceptsCharsets, and 85 more.
src/routes/advanced-fraud-detection.ts(337,58): error TS2345: Argument of type 'any' is not assignable to parameter of type 'never'.
src/routes/advanced-fraud-detection.ts(367,18): error TS2322: Type '(req: Request, res: Response, next: NextFunction) => Promise<Response<any, Record<string, any>>>' is not assignable to type 'preHandlerHookHandler<RawServerDefault, IncomingMessage, ServerResponse<IncomingMessage>, { Params: { userId: string; }; }, unknown, NoInfer<FastifySchema>, FastifyTypeProviderDefault, FastifyBaseLogger>'.
  Types of parameters 'req' and 'request' are incompatible.
    Type 'FastifyRequest<{ Params: { userId: string; }; }, RawServerDefault, IncomingMessage, NoInfer<FastifySchema>, FastifyTypeProviderDefault, unknown, FastifyBaseLogger, ResolveFastifyRequestType<...>>' is missing the following properties from type 'Request<ParamsDictionary, any, any, ParsedQs, Record<string, any>>': get, header, accepts, acceptsCharsets, and 85 more.
src/routes/advanced-fraud-detection.ts(367,31): error TS2322: Type '(req: AuthenticatedRequest, res: Response, next: NextFunction) => Promise<void>' is not assignable to type 'preHandlerHookHandler<RawServerDefault, IncomingMessage, ServerResponse<IncomingMessage>, { Params: { userId: string; }; }, unknown, NoInfer<FastifySchema>, FastifyTypeProviderDefault, FastifyBaseLogger>'.
  Types of parameters 'req' and 'request' are incompatible.
    Type 'FastifyRequest<{ Params: { userId: string; }; }, RawServerDefault, IncomingMessage, NoInfer<FastifySchema>, FastifyTypeProviderDefault, unknown, FastifyBaseLogger, ResolveFastifyRequestType<...>>' is missing the following properties from type 'AuthenticatedRequest': get, header, accepts, acceptsCharsets, and 85 more.
src/routes/advanced-fraud-detection.ts(367,45): error TS2322: Type 'RateLimitRequestHandler' is not assignable to type 'preHandlerHookHandler<RawServerDefault, IncomingMessage, ServerResponse<IncomingMessage>, { Params: { userId: string; }; }, unknown, NoInfer<FastifySchema>, FastifyTypeProviderDefault, FastifyBaseLogger>'.
  Types of parameters 'req' and 'request' are incompatible.
    Type 'FastifyRequest<{ Params: { userId: string; }; }, RawServerDefault, IncomingMessage, NoInfer<FastifySchema>, FastifyTypeProviderDefault, unknown, FastifyBaseLogger, ResolveFastifyRequestType<...>>' is missing the following properties from type 'Request<ParamsDictionary, any, any, ParsedQs, Record<string, any>>': get, header, accepts, acceptsCharsets, and 85 more.
src/routes/advanced-fraud-detection.ts(432,55): error TS2345: Argument of type 'any' is not assignable to parameter of type 'never'.
src/routes/advanced-fraud-detection.ts(456,18): error TS2322: Type '(req: Request, res: Response, next: NextFunction) => Promise<Response<any, Record<string, any>>>' is not assignable to type 'preHandlerHookHandler<RawServerDefault, IncomingMessage, ServerResponse<IncomingMessage>, { Querystring: { timeRange?: "week" | "day" | "hour" | "month"; }; }, unknown, NoInfer<FastifySchema>, FastifyTypeProviderDefault, FastifyBaseLogger>'.
  Types of parameters 'req' and 'request' are incompatible.
    Type 'FastifyRequest<{ Querystring: { timeRange?: "week" | "day" | "hour" | "month"; }; }, RawServerDefault, IncomingMessage, NoInfer<FastifySchema>, FastifyTypeProviderDefault, unknown, FastifyBaseLogger, ResolveFastifyRequestType<...>>' is missing the following properties from type 'Request<ParamsDictionary, any, any, ParsedQs, Record<string, any>>': get, header, accepts, acceptsCharsets, and 85 more.
src/routes/advanced-fraud-detection.ts(456,31): error TS2322: Type '(req: AuthenticatedRequest, res: Response, next: NextFunction) => Promise<void>' is not assignable to type 'preHandlerHookHandler<RawServerDefault, IncomingMessage, ServerResponse<IncomingMessage>, { Querystring: { timeRange?: "week" | "day" | "hour" | "month"; }; }, unknown, NoInfer<FastifySchema>, FastifyTypeProviderDefault, FastifyBaseLogger>'.
  Types of parameters 'req' and 'request' are incompatible.
    Type 'FastifyRequest<{ Querystring: { timeRange?: "week" | "day" | "hour" | "month"; }; }, RawServerDefault, IncomingMessage, NoInfer<FastifySchema>, FastifyTypeProviderDefault, unknown, FastifyBaseLogger, ResolveFastifyRequestType<...>>' is missing the following properties from type 'AuthenticatedRequest': get, header, accepts, acceptsCharsets, and 85 more.
src/routes/advanced-fraud-detection.ts(456,45): error TS2322: Type 'RateLimitRequestHandler' is not assignable to type 'preHandlerHookHandler<RawServerDefault, IncomingMessage, ServerResponse<IncomingMessage>, { Querystring: { timeRange?: "week" | "day" | "hour" | "month"; }; }, unknown, NoInfer<FastifySchema>, FastifyTypeProviderDefault, FastifyBaseLogger>'.
  Types of parameters 'req' and 'request' are incompatible.
    Type 'FastifyRequest<{ Querystring: { timeRange?: "week" | "day" | "hour" | "month"; }; }, RawServerDefault, IncomingMessage, NoInfer<FastifySchema>, FastifyTypeProviderDefault, unknown, FastifyBaseLogger, ResolveFastifyRequestType<...>>' is missing the following properties from type 'Request<ParamsDictionary, any, any, ParsedQs, Record<string, any>>': get, header, accepts, acceptsCharsets, and 85 more.
src/routes/advanced-fraud-detection.ts(538,57): error TS2345: Argument of type 'any' is not assignable to parameter of type 'never'.
src/routes/advanced-fraud-detection.ts(564,18): error TS2322: Type '(req: Request, res: Response, next: NextFunction) => Promise<Response<any, Record<string, any>>>' is not assignable to type 'preHandlerHookHandler<RawServerDefault, IncomingMessage, ServerResponse<IncomingMessage>, { Body: FraudAlertResolutionRequest; }, unknown, NoInfer<FastifySchema>, FastifyTypeProviderDefault, FastifyBaseLogger>'.
  Types of parameters 'req' and 'request' are incompatible.
    Type 'FastifyRequest<{ Body: FraudAlertResolutionRequest; }, RawServerDefault, IncomingMessage, NoInfer<FastifySchema>, FastifyTypeProviderDefault, unknown, FastifyBaseLogger, ResolveFastifyRequestType<...>>' is missing the following properties from type 'Request<ParamsDictionary, any, any, ParsedQs, Record<string, any>>': get, header, accepts, acceptsCharsets, and 85 more.
src/routes/advanced-fraud-detection.ts(564,31): error TS2322: Type '(req: AuthenticatedRequest, res: Response, next: NextFunction) => Promise<void>' is not assignable to type 'preHandlerHookHandler<RawServerDefault, IncomingMessage, ServerResponse<IncomingMessage>, { Body: FraudAlertResolutionRequest; }, unknown, NoInfer<FastifySchema>, FastifyTypeProviderDefault, FastifyBaseLogger>'.
  Types of parameters 'req' and 'request' are incompatible.
    Type 'FastifyRequest<{ Body: FraudAlertResolutionRequest; }, RawServerDefault, IncomingMessage, NoInfer<FastifySchema>, FastifyTypeProviderDefault, unknown, FastifyBaseLogger, ResolveFastifyRequestType<...>>' is missing the following properties from type 'AuthenticatedRequest': get, header, accepts, acceptsCharsets, and 85 more.
src/routes/advanced-fraud-detection.ts(564,45): error TS2322: Type 'RateLimitRequestHandler' is not assignable to type 'preHandlerHookHandler<RawServerDefault, IncomingMessage, ServerResponse<IncomingMessage>, { Body: FraudAlertResolutionRequest; }, unknown, NoInfer<FastifySchema>, FastifyTypeProviderDefault, FastifyBaseLogger>'.
  Types of parameters 'req' and 'request' are incompatible.
    Type 'FastifyRequest<{ Body: FraudAlertResolutionRequest; }, RawServerDefault, IncomingMessage, NoInfer<FastifySchema>, FastifyTypeProviderDefault, unknown, FastifyBaseLogger, ResolveFastifyRequestType<...>>' is missing the following properties from type 'Request<ParamsDictionary, any, any, ParsedQs, Record<string, any>>': get, header, accepts, acceptsCharsets, and 85 more.
src/routes/advanced-fraud-detection.ts(564,61): error TS2322: Type '(req: Request, res: Response, next: NextFunction) => void' is not assignable to type 'preHandlerHookHandler<RawServerDefault, IncomingMessage, ServerResponse<IncomingMessage>, { Body: FraudAlertResolutionRequest; }, unknown, NoInfer<FastifySchema>, FastifyTypeProviderDefault, FastifyBaseLogger>'.
  Types of parameters 'req' and 'request' are incompatible.
    Type 'FastifyRequest<{ Body: FraudAlertResolutionRequest; }, RawServerDefault, IncomingMessage, NoInfer<FastifySchema>, FastifyTypeProviderDefault, unknown, FastifyBaseLogger, ResolveFastifyRequestType<...>>' is missing the following properties from type 'Request<ParamsDictionary, any, any, ParsedQs, Record<string, any>>': get, header, accepts, acceptsCharsets, and 85 more.
src/routes/advanced-fraud-detection.ts(604,57): error TS2345: Argument of type 'any' is not assignable to parameter of type 'never'.
src/routes/advanced-fraud-detection.ts(625,18): error TS2322: Type '(req: Request, res: Response, next: NextFunction) => Promise<Response<any, Record<string, any>>>' is not assignable to type 'preHandlerHookHandler<RawServerDefault, IncomingMessage, ServerResponse<IncomingMessage>, { Querystring: { status?: "new" | "resolved" | "investigating" | "false_positive"; severity?: "high" | ... 2 more ... | "critical"; limit?: number; offset?: number; }; }, unknown, NoInfer<FastifySchema>, FastifyTypeProviderDefa...'.
  Types of parameters 'req' and 'request' are incompatible.
    Type 'FastifyRequest<{ Querystring: { status?: "new" | "resolved" | "investigating" | "false_positive"; severity?: "high" | "medium" | "low" | "critical"; limit?: number; offset?: number; }; }, RawServerDefault, ... 5 more ..., ResolveFastifyRequestType<...>>' is missing the following properties from type 'Request<ParamsDictionary, any, any, ParsedQs, Record<string, any>>': get, header, accepts, acceptsCharsets, and 85 more.
src/routes/advanced-fraud-detection.ts(625,31): error TS2322: Type '(req: AuthenticatedRequest, res: Response, next: NextFunction) => Promise<void>' is not assignable to type 'preHandlerHookHandler<RawServerDefault, IncomingMessage, ServerResponse<IncomingMessage>, { Querystring: { status?: "new" | "resolved" | "investigating" | "false_positive"; severity?: "high" | ... 2 more ... | "critical"; limit?: number; offset?: number; }; }, unknown, NoInfer<FastifySchema>, FastifyTypeProviderDefa...'.
  Types of parameters 'req' and 'request' are incompatible.
    Type 'FastifyRequest<{ Querystring: { status?: "new" | "resolved" | "investigating" | "false_positive"; severity?: "high" | "medium" | "low" | "critical"; limit?: number; offset?: number; }; }, RawServerDefault, ... 5 more ..., ResolveFastifyRequestType<...>>' is missing the following properties from type 'AuthenticatedRequest': get, header, accepts, acceptsCharsets, and 85 more.
src/routes/advanced-fraud-detection.ts(625,45): error TS2322: Type 'RateLimitRequestHandler' is not assignable to type 'preHandlerHookHandler<RawServerDefault, IncomingMessage, ServerResponse<IncomingMessage>, { Querystring: { status?: "new" | "resolved" | "investigating" | "false_positive"; severity?: "high" | ... 2 more ... | "critical"; limit?: number; offset?: number; }; }, unknown, NoInfer<FastifySchema>, FastifyTypeProviderDefa...'.
  Types of parameters 'req' and 'request' are incompatible.
    Type 'FastifyRequest<{ Querystring: { status?: "new" | "resolved" | "investigating" | "false_positive"; severity?: "high" | "medium" | "low" | "critical"; limit?: number; offset?: number; }; }, RawServerDefault, ... 5 more ..., ResolveFastifyRequestType<...>>' is missing the following properties from type 'Request<ParamsDictionary, any, any, ParsedQs, Record<string, any>>': get, header, accepts, acceptsCharsets, and 85 more.
src/routes/advanced-fraud-detection.ts(691,36): error TS2339: Property 'mongo' does not exist on type 'FastifyInstance<RawServerDefault, IncomingMessage, ServerResponse<IncomingMessage>, FastifyBaseLogger, FastifyTypeProviderDefault>'.
src/routes/advanced-fraud-detection.ts(698,35): error TS2339: Property 'mongo' does not exist on type 'FastifyInstance<RawServerDefault, IncomingMessage, ServerResponse<IncomingMessage>, FastifyBaseLogger, FastifyTypeProviderDefault>'.
src/routes/advanced-fraud-detection.ts(724,56): error TS2345: Argument of type 'any' is not assignable to parameter of type 'never'.
src/routes/advanced-fraud-detection.ts(744,18): error TS2322: Type '(req: Request, res: Response, next: NextFunction) => Promise<Response<any, Record<string, any>>>' is not assignable to type 'preHandlerHookHandler<RawServerDefault, IncomingMessage, ServerResponse<IncomingMessage>, RouteGenericInterface, unknown, NoInfer<FastifySchema>, FastifyTypeProviderDefault, FastifyBaseLogger>'.
  Types of parameters 'req' and 'request' are incompatible.
    Type 'FastifyRequest<RouteGenericInterface, RawServerDefault, IncomingMessage, NoInfer<FastifySchema>, FastifyTypeProviderDefault, unknown, FastifyBaseLogger, ResolveFastifyRequestType<...>>' is missing the following properties from type 'Request<ParamsDictionary, any, any, ParsedQs, Record<string, any>>': get, header, accepts, acceptsCharsets, and 85 more.
src/routes/advanced-fraud-detection.ts(744,31): error TS2322: Type '(req: AuthenticatedRequest, res: Response, next: NextFunction) => Promise<void>' is not assignable to type 'preHandlerHookHandler<RawServerDefault, IncomingMessage, ServerResponse<IncomingMessage>, RouteGenericInterface, unknown, NoInfer<FastifySchema>, FastifyTypeProviderDefault, FastifyBaseLogger>'.
  Types of parameters 'req' and 'request' are incompatible.
    Type 'FastifyRequest<RouteGenericInterface, RawServerDefault, IncomingMessage, NoInfer<FastifySchema>, FastifyTypeProviderDefault, unknown, FastifyBaseLogger, ResolveFastifyRequestType<...>>' is missing the following properties from type 'AuthenticatedRequest': get, header, accepts, acceptsCharsets, and 85 more.
src/routes/advanced-fraud-detection.ts(744,45): error TS2322: Type 'RateLimitRequestHandler' is not assignable to type 'preHandlerHookHandler<RawServerDefault, IncomingMessage, ServerResponse<IncomingMessage>, RouteGenericInterface, unknown, NoInfer<FastifySchema>, FastifyTypeProviderDefault, FastifyBaseLogger>'.
  Types of parameters 'req' and 'request' are incompatible.
    Type 'FastifyRequest<RouteGenericInterface, RawServerDefault, IncomingMessage, NoInfer<FastifySchema>, FastifyTypeProviderDefault, unknown, FastifyBaseLogger, ResolveFastifyRequestType<...>>' is missing the following properties from type 'Request<ParamsDictionary, any, any, ParsedQs, Record<string, any>>': get, header, accepts, acceptsCharsets, and 85 more.
src/routes/advanced-fraud-detection.ts(804,58): error TS2345: Argument of type 'any' is not assignable to parameter of type 'never'.
src/routes/advanced-games.ts(115,24): error TS2339: Property 'user' does not exist on type 'Request<ParamsDictionary, any, any, ParsedQs, Record<string, any>>'.
src/routes/advanced-games.ts(134,21): error TS2339: Property 'user' does not exist on type 'Request<ParamsDictionary, any, any, ParsedQs, Record<string, any>>'.
src/routes/advanced-games.ts(248,24): error TS2339: Property 'user' does not exist on type 'Request<ParamsDictionary, any, any, ParsedQs, Record<string, any>>'.
src/routes/advanced-games.ts(376,24): error TS2339: Property 'user' does not exist on type 'Request<ParamsDictionary, any, any, ParsedQs, Record<string, any>>'.
src/routes/advanced-gifts.ts(12,48): error TS2339: Property 'getAvailableGiftPackages' does not exist on type 'AdvancedGiftEconomyService'.
src/routes/advanced-gifts.ts(60,47): error TS2339: Property 'getGiftHistory' does not exist on type 'AdvancedGiftEconomyService'.
src/routes/advanced-gifts.ts(83,49): error TS2339: Property 'getGiftAnalytics' does not exist on type 'AdvancedGiftEconomyService'.
src/routes/advanced-gifts.ts(101,48): error TS2339: Property 'getTrendingGifts' does not exist on type 'AdvancedGiftEconomyService'.
src/routes/advanced-gifts.ts(121,51): error TS2339: Property 'calculateGiftValue' does not exist on type 'AdvancedGiftEconomyService'.
src/routes/advanced-gifts.ts(145,51): error TS2339: Property 'getGiftLeaderboard' does not exist on type 'AdvancedGiftEconomyService'.
src/routes/advanced-gifts.ts(169,46): error TS2339: Property 'processGiftCombo' does not exist on type 'AdvancedGiftEconomyService'.
src/routes/advanced-gifts.ts(194,55): error TS2339: Property 'getGiftRecommendations' does not exist on type 'AdvancedGiftEconomyService'.
src/routes/ai-business.ts(70,43): error TS2345: Argument of type '{ from: Date; to: Date; country: string; granularity: string; }' is not assignable to parameter of type 'KPIFilter'.
  Types of property 'granularity' are incompatible.
    Type 'string' is not assignable to type '"monthly" | "daily" | "weekly"'.
src/routes/ai-business.ts(180,48): error TS2339: Property 'generatePrediction' does not exist on type 'PredictiveAnalyticsService'.
src/routes/ai-business.ts(248,55): error TS2345: Argument of type '{ period: string; format: string; country: string; includeCharts: boolean; userId: string; }' is not assignable to parameter of type 'ReportOptions'.
  Types of property 'period' are incompatible.
    Type 'string' is not assignable to type '"custom" | "monthly" | "daily" | "weekly"'.
src/routes/ai-content.ts(15,3): error TS2769: No overload matches this call.
  The last overload gave the following error.
    Type '(request: FastifyRequest, reply: FastifyReply) => Promise<void>' is not assignable to type 'ErrorRequestHandler<Record<string, any>, any, any, ParsedQs, Record<string, any>> | RequestHandler<Record<string, any>, any, any, ParsedQs, Record<...>>'.
      Type '(request: FastifyRequest, reply: FastifyReply) => Promise<void>' is not assignable to type 'ErrorRequestHandler<Record<string, any>, any, any, ParsedQs, Record<string, any>>'.
        Types of parameters 'reply' and 'req' are incompatible.
          Type 'Request<Record<string, any>, any, any, ParsedQs, Record<string, any>>' is missing the following properties from type 'FastifyReply<RouteGenericInterface, RawServerDefault, IncomingMessage, ServerResponse<IncomingMessage>, unknown, FastifySchema, FastifyTypeProviderDefault, unknown>': routeOptions, raw, elapsedTime, log, and 25 more.
src/routes/ai-content.ts(40,27): error TS2339: Property 'user' does not exist on type 'Request<{}, any, any, ParsedQs, Record<string, any>>'.
src/routes/ai-content.ts(78,3): error TS2769: No overload matches this call.
  The last overload gave the following error.
    Type '(request: FastifyRequest, reply: FastifyReply) => Promise<void>' is not assignable to type 'ErrorRequestHandler<Record<string, any>, any, any, ParsedQs, Record<string, any>> | RequestHandler<Record<string, any>, any, any, ParsedQs, Record<...>>'.
      Type '(request: FastifyRequest, reply: FastifyReply) => Promise<void>' is not assignable to type 'ErrorRequestHandler<Record<string, any>, any, any, ParsedQs, Record<string, any>>'.
        Types of parameters 'reply' and 'req' are incompatible.
          Type 'Request<Record<string, any>, any, any, ParsedQs, Record<string, any>>' is missing the following properties from type 'FastifyReply<RouteGenericInterface, RawServerDefault, IncomingMessage, ServerResponse<IncomingMessage>, unknown, FastifySchema, FastifyTypeProviderDefault, unknown>': routeOptions, raw, elapsedTime, log, and 25 more.
src/routes/ai-content.ts(90,27): error TS2339: Property 'user' does not exist on type 'Request<{}, any, any, ParsedQs, Record<string, any>>'.
src/routes/ai-content.ts(122,3): error TS2769: No overload matches this call.
  The last overload gave the following error.
    Type '(request: FastifyRequest, reply: FastifyReply) => Promise<void>' is not assignable to type 'ErrorRequestHandler<Record<string, any>, any, any, ParsedQs, Record<string, any>> | RequestHandler<Record<string, any>, any, any, ParsedQs, Record<...>>'.
      Type '(request: FastifyRequest, reply: FastifyReply) => Promise<void>' is not assignable to type 'ErrorRequestHandler<Record<string, any>, any, any, ParsedQs, Record<string, any>>'.
        Types of parameters 'reply' and 'req' are incompatible.
          Type 'Request<Record<string, any>, any, any, ParsedQs, Record<string, any>>' is missing the following properties from type 'FastifyReply<RouteGenericInterface, RawServerDefault, IncomingMessage, ServerResponse<IncomingMessage>, unknown, FastifySchema, FastifyTypeProviderDefault, unknown>': routeOptions, raw, elapsedTime, log, and 25 more.
src/routes/ai-content.ts(139,27): error TS2339: Property 'user' does not exist on type 'Request<{}, any, any, ParsedQs, Record<string, any>>'.
src/routes/ai-content.ts(176,3): error TS2769: No overload matches this call.
  The last overload gave the following error.
    Type '(request: FastifyRequest, reply: FastifyReply) => Promise<void>' is not assignable to type 'ErrorRequestHandler<Record<string, any>, any, any, ParsedQs, Record<string, any>> | RequestHandler<Record<string, any>, any, any, ParsedQs, Record<...>>'.
      Type '(request: FastifyRequest, reply: FastifyReply) => Promise<void>' is not assignable to type 'ErrorRequestHandler<Record<string, any>, any, any, ParsedQs, Record<string, any>>'.
        Types of parameters 'reply' and 'req' are incompatible.
          Type 'Request<Record<string, any>, any, any, ParsedQs, Record<string, any>>' is missing the following properties from type 'FastifyReply<RouteGenericInterface, RawServerDefault, IncomingMessage, ServerResponse<IncomingMessage>, unknown, FastifySchema, FastifyTypeProviderDefault, unknown>': routeOptions, raw, elapsedTime, log, and 25 more.
src/routes/ai-content.ts(186,27): error TS2339: Property 'user' does not exist on type 'Request<{}, any, any, ParsedQs, Record<string, any>>'.
src/routes/ai-personalization.ts(31,48): error TS2339: Property 'getPersonalizedExperience' does not exist on type 'AIHyperPersonalizationEngine'.
src/routes/ai-personalization.ts(52,44): error TS2339: Property 'updateUserPreferences' does not exist on type 'AIHyperPersonalizationEngine'.
src/routes/ai-personalization.ts(71,46): error TS2339: Property 'getUserBehaviorInsights' does not exist on type 'AIHyperPersonalizationEngine'.
src/routes/ai-personalization.ts(92,29): error TS2339: Property 'recordUserInteraction' does not exist on type 'AIHyperPersonalizationEngine'.
src/routes/ai-personalization.ts(111,48): error TS2339: Property 'getPersonalizedChallenges' does not exist on type 'AIHyperPersonalizationEngine'.
src/routes/ai-personalization.ts(130,50): error TS2339: Property 'getEngagementOptimization' does not exist on type 'AIHyperPersonalizationEngine'.
src/routes/ai-recommendations.ts(3,10): error TS2305: Module '"../middleware/auth"' has no exported member 'requireAuth'.
src/routes/ai-recommendations.ts(54,13): error TS2339: Property 'mongo' does not exist on type 'FastifyInstance<RawServerDefault, IncomingMessage, ServerResponse<IncomingMessage>, FastifyBaseLogger, FastifyTypeProviderDefault>'.
src/routes/ai-recommendations.ts(55,13): error TS2339: Property 'mongo' does not exist on type 'FastifyInstance<RawServerDefault, IncomingMessage, ServerResponse<IncomingMessage>, FastifyBaseLogger, FastifyTypeProviderDefault>'.
src/routes/ai-recommendations.ts(56,13): error TS2339: Property 'mongo' does not exist on type 'FastifyInstance<RawServerDefault, IncomingMessage, ServerResponse<IncomingMessage>, FastifyBaseLogger, FastifyTypeProviderDefault>'.
src/routes/ai-recommendations.ts(57,13): error TS2339: Property 'mongo' does not exist on type 'FastifyInstance<RawServerDefault, IncomingMessage, ServerResponse<IncomingMessage>, FastifyBaseLogger, FastifyTypeProviderDefault>'.
src/routes/ai-recommendations.ts(58,13): error TS2339: Property 'redis' does not exist on type 'FastifyInstance<RawServerDefault, IncomingMessage, ServerResponse<IncomingMessage>, FastifyBaseLogger, FastifyTypeProviderDefault>'.
src/routes/ai-recommendations.ts(165,21): error TS2339: Property 'mongo' does not exist on type 'FastifyInstance<RawServerDefault, IncomingMessage, ServerResponse<IncomingMessage>, FastifyBaseLogger, FastifyTypeProviderDefault>'.
src/routes/ai-recommendations.ts(191,62): error TS2345: Argument of type 'any' is not assignable to parameter of type 'never'.
src/routes/ai-recommendations.ts(259,21): error TS2339: Property 'mongo' does not exist on type 'FastifyInstance<RawServerDefault, IncomingMessage, ServerResponse<IncomingMessage>, FastifyBaseLogger, FastifyTypeProviderDefault>'.
src/routes/ai-recommendations.ts(278,69): error TS2345: Argument of type 'any' is not assignable to parameter of type 'never'.
src/routes/ai-recommendations.ts(360,68): error TS2345: Argument of type 'any' is not assignable to parameter of type 'never'.
src/routes/ai-recommendations.ts(430,21): error TS2339: Property 'redis' does not exist on type 'FastifyInstance<RawServerDefault, IncomingMessage, ServerResponse<IncomingMessage>, FastifyBaseLogger, FastifyTypeProviderDefault>'.
src/routes/ai-recommendations.ts(440,21): error TS2339: Property 'mongo' does not exist on type 'FastifyInstance<RawServerDefault, IncomingMessage, ServerResponse<IncomingMessage>, FastifyBaseLogger, FastifyTypeProviderDefault>'.
src/routes/ai-recommendations.ts(458,62): error TS2345: Argument of type 'any' is not assignable to parameter of type 'never'.
src/routes/ai-recommendations.ts(478,18): error TS2322: Type 'RateLimitRequestHandler' is not assignable to type 'preHandlerHookHandler<RawServerDefault, IncomingMessage, ServerResponse<IncomingMessage>, { Querystring: { limit?: number; category?: string; timeRange?: "week" | ... 1 more ... | "hour"; }; }, unknown, NoInfer<FastifySchema>, FastifyTypeProviderDefault, FastifyBaseLogger>'.
  Types of parameters 'req' and 'request' are incompatible.
    Type 'FastifyRequest<{ Querystring: { limit?: number; category?: string; timeRange?: "week" | "day" | "hour"; }; }, RawServerDefault, IncomingMessage, NoInfer<FastifySchema>, FastifyTypeProviderDefault, unknown, FastifyBaseLogger, ResolveFastifyRequestType<...>>' is missing the following properties from type 'Request<ParamsDictionary, any, any, ParsedQs, Record<string, any>>': get, header, accepts, acceptsCharsets, and 85 more.
src/routes/ai-recommendations.ts(563,44): error TS2339: Property 'mongo' does not exist on type 'FastifyInstance<RawServerDefault, IncomingMessage, ServerResponse<IncomingMessage>, FastifyBaseLogger, FastifyTypeProviderDefault>'.
src/routes/ai-recommendations.ts(624,60): error TS2345: Argument of type 'any' is not assignable to parameter of type 'never'.
src/routes/auth.ts(106,29): error TS2769: No overload matches this call.
  Overload 1 of 5, '(payload: string | object | Buffer<ArrayBufferLike>, secretOrPrivateKey: null, options?: SignOptions & { algorithm: "none"; }): string', gave the following error.
    Argument of type 'string' is not assignable to parameter of type 'null'.
  Overload 2 of 5, '(payload: string | object | Buffer<ArrayBufferLike>, secretOrPrivateKey: Buffer<ArrayBufferLike> | Secret | JsonWebKeyInput | PrivateKeyInput, options?: SignOptions): string', gave the following error.
    Type 'string' is not assignable to type 'number | StringValue'.
  Overload 3 of 5, '(payload: string | object | Buffer<ArrayBufferLike>, secretOrPrivateKey: Buffer<ArrayBufferLike> | Secret | JsonWebKeyInput | PrivateKeyInput, callback: SignCallback): void', gave the following error.
    Object literal may only specify known properties, and 'expiresIn' does not exist in type 'SignCallback'.
src/routes/auth.ts(112,30): error TS2769: No overload matches this call.
  Overload 1 of 5, '(payload: string | object | Buffer<ArrayBufferLike>, secretOrPrivateKey: null, options?: SignOptions & { algorithm: "none"; }): string', gave the following error.
    Argument of type 'string' is not assignable to parameter of type 'null'.
  Overload 2 of 5, '(payload: string | object | Buffer<ArrayBufferLike>, secretOrPrivateKey: Buffer<ArrayBufferLike> | Secret | JsonWebKeyInput | PrivateKeyInput, options?: SignOptions): string', gave the following error.
    Type 'string' is not assignable to type 'number | StringValue'.
  Overload 3 of 5, '(payload: string | object | Buffer<ArrayBufferLike>, secretOrPrivateKey: Buffer<ArrayBufferLike> | Secret | JsonWebKeyInput | PrivateKeyInput, callback: SignCallback): void', gave the following error.
    Object literal may only specify known properties, and 'expiresIn' does not exist in type 'SignCallback'.
src/routes/auth.ts(234,29): error TS2769: No overload matches this call.
  Overload 1 of 5, '(payload: string | object | Buffer<ArrayBufferLike>, secretOrPrivateKey: null, options?: SignOptions & { algorithm: "none"; }): string', gave the following error.
    Argument of type 'string' is not assignable to parameter of type 'null'.
  Overload 2 of 5, '(payload: string | object | Buffer<ArrayBufferLike>, secretOrPrivateKey: Buffer<ArrayBufferLike> | Secret | JsonWebKeyInput | PrivateKeyInput, options?: SignOptions): string', gave the following error.
    Type 'string' is not assignable to type 'number | StringValue'.
  Overload 3 of 5, '(payload: string | object | Buffer<ArrayBufferLike>, secretOrPrivateKey: Buffer<ArrayBufferLike> | Secret | JsonWebKeyInput | PrivateKeyInput, callback: SignCallback): void', gave the following error.
    Object literal may only specify known properties, and 'expiresIn' does not exist in type 'SignCallback'.
src/routes/auth.ts(240,30): error TS2769: No overload matches this call.
  Overload 1 of 5, '(payload: string | object | Buffer<ArrayBufferLike>, secretOrPrivateKey: null, options?: SignOptions & { algorithm: "none"; }): string', gave the following error.
    Argument of type 'string' is not assignable to parameter of type 'null'.
  Overload 2 of 5, '(payload: string | object | Buffer<ArrayBufferLike>, secretOrPrivateKey: Buffer<ArrayBufferLike> | Secret | JsonWebKeyInput | PrivateKeyInput, options?: SignOptions): string', gave the following error.
    Type 'string' is not assignable to type 'number | StringValue'.
  Overload 3 of 5, '(payload: string | object | Buffer<ArrayBufferLike>, secretOrPrivateKey: Buffer<ArrayBufferLike> | Secret | JsonWebKeyInput | PrivateKeyInput, callback: SignCallback): void', gave the following error.
    Object literal may only specify known properties, and 'expiresIn' does not exist in type 'SignCallback'.
src/routes/auth.ts(427,32): error TS2769: No overload matches this call.
  Overload 1 of 5, '(payload: string | object | Buffer<ArrayBufferLike>, secretOrPrivateKey: null, options?: SignOptions & { algorithm: "none"; }): string', gave the following error.
    Argument of type 'Secret' is not assignable to parameter of type 'null'.
      Type 'string' is not assignable to type 'null'.
  Overload 2 of 5, '(payload: string | object | Buffer<ArrayBufferLike>, secretOrPrivateKey: Buffer<ArrayBufferLike> | Secret | JsonWebKeyInput | PrivateKeyInput, options?: SignOptions): string', gave the following error.
    Type 'string' is not assignable to type 'number | StringValue'.
  Overload 3 of 5, '(payload: string | object | Buffer<ArrayBufferLike>, secretOrPrivateKey: Buffer<ArrayBufferLike> | Secret | JsonWebKeyInput | PrivateKeyInput, callback: SignCallback): void', gave the following error.
    Object literal may only specify known properties, and 'expiresIn' does not exist in type 'SignCallback'.
src/routes/auth.ts(434,33): error TS2769: No overload matches this call.
  Overload 1 of 5, '(payload: string | object | Buffer<ArrayBufferLike>, secretOrPrivateKey: null, options?: SignOptions & { algorithm: "none"; }): string', gave the following error.
    Argument of type 'Secret' is not assignable to parameter of type 'null'.
      Type 'string' is not assignable to type 'null'.
  Overload 2 of 5, '(payload: string | object | Buffer<ArrayBufferLike>, secretOrPrivateKey: Buffer<ArrayBufferLike> | Secret | JsonWebKeyInput | PrivateKeyInput, options?: SignOptions): string', gave the following error.
    Type 'string' is not assignable to type 'number | StringValue'.
  Overload 3 of 5, '(payload: string | object | Buffer<ArrayBufferLike>, secretOrPrivateKey: Buffer<ArrayBufferLike> | Secret | JsonWebKeyInput | PrivateKeyInput, callback: SignCallback): void', gave the following error.
    Object literal may only specify known properties, and 'expiresIn' does not exist in type 'SignCallback'.
src/routes/blockchain.ts(13,12): error TS2769: No overload matches this call.
  The last overload gave the following error.
    Argument of type '(request: FastifyRequest, reply: FastifyReply) => Promise<void>' is not assignable to parameter of type 'PathParams'.
src/routes/coins.ts(4,8): error TS1192: Module '"D:/halobuzz by cursor/backend/src/middleware/security"' has no default export.
src/routes/coins.ts(4,30): error TS2305: Module '"../middleware/security"' has no exported member 'SecurityLevel'.
src/routes/coins.ts(63,24): error TS2339: Property 'securityContext' does not exist on type 'Request<ParamsDictionary, any, any, ParsedQs, Record<string, any>>'.
src/routes/coins.ts(111,24): error TS2339: Property 'securityContext' does not exist on type 'Request<ParamsDictionary, any, any, ParsedQs, Record<string, any>>'.
src/routes/coins.ts(160,24): error TS2339: Property 'securityContext' does not exist on type 'Request<ParamsDictionary, any, any, ParsedQs, Record<string, any>>'.
src/routes/coins.ts(244,24): error TS2339: Property 'securityContext' does not exist on type 'Request<ParamsDictionary, any, any, ParsedQs, Record<string, any>>'.
src/routes/coins.ts(338,24): error TS2339: Property 'securityContext' does not exist on type 'Request<ParamsDictionary, any, any, ParsedQs, Record<string, any>>'.
src/routes/coins.ts(462,24): error TS2339: Property 'securityContext' does not exist on type 'Request<ParamsDictionary, any, any, ParsedQs, Record<string, any>>'.
src/routes/collaboration.ts(13,12): error TS2769: No overload matches this call.
  The last overload gave the following error.
    Argument of type '(request: FastifyRequest, reply: FastifyReply) => Promise<void>' is not assignable to parameter of type 'PathParams'.
src/routes/commerce.ts(13,12): error TS2769: No overload matches this call.
  The last overload gave the following error.
    Argument of type '(request: FastifyRequest, reply: FastifyReply) => Promise<void>' is not assignable to parameter of type 'PathParams'.
src/routes/creator-analytics.ts(13,12): error TS2769: No overload matches this call.
  The last overload gave the following error.
    Argument of type '(request: FastifyRequest, reply: FastifyReply) => Promise<void>' is not assignable to parameter of type 'PathParams'.
src/routes/cultural.ts(13,12): error TS2769: No overload matches this call.
  The last overload gave the following error.
    Argument of type '(request: FastifyRequest, reply: FastifyReply) => Promise<void>' is not assignable to parameter of type 'PathParams'.
src/routes/dao.ts(13,12): error TS2769: No overload matches this call.
  The last overload gave the following error.
    Argument of type '(request: FastifyRequest, reply: FastifyReply) => Promise<void>' is not assignable to parameter of type 'PathParams'.
src/routes/empire.ts(53,26): error TS2339: Property 'authenticate' does not exist on type 'FastifyInstance<RawServerDefault, IncomingMessage, ServerResponse<IncomingMessage>, FastifyBaseLogger, FastifyTypeProviderDefault>'.
src/routes/empire.ts(53,48): error TS2339: Property 'authorize' does not exist on type 'FastifyInstance<RawServerDefault, IncomingMessage, ServerResponse<IncomingMessage>, FastifyBaseLogger, FastifyTypeProviderDefault>'.
src/routes/empire.ts(266,26): error TS2339: Property 'authenticate' does not exist on type 'FastifyInstance<RawServerDefault, IncomingMessage, ServerResponse<IncomingMessage>, FastifyBaseLogger, FastifyTypeProviderDefault>'.
src/routes/empire.ts(266,48): error TS2339: Property 'authorize' does not exist on type 'FastifyInstance<RawServerDefault, IncomingMessage, ServerResponse<IncomingMessage>, FastifyBaseLogger, FastifyTypeProviderDefault>'.
src/routes/empire.ts(368,26): error TS2339: Property 'authenticate' does not exist on type 'FastifyInstance<RawServerDefault, IncomingMessage, ServerResponse<IncomingMessage>, FastifyBaseLogger, FastifyTypeProviderDefault>'.
src/routes/empire.ts(368,48): error TS2339: Property 'authorize' does not exist on type 'FastifyInstance<RawServerDefault, IncomingMessage, ServerResponse<IncomingMessage>, FastifyBaseLogger, FastifyTypeProviderDefault>'.
src/routes/empire.ts(478,41): error TS2551: Property 'projectedKpis' does not exist on type 'SimulationResult'. Did you mean 'projected'?
src/routes/empire.ts(479,40): error TS2551: Property 'baselineKpis' does not exist on type 'SimulationResult'. Did you mean 'baseline'?
src/routes/empire.ts(480,43): error TS2339: Property 'deltaVsBaseline' does not exist on type 'SimulationResult'.
src/routes/empire.ts(481,36): error TS2339: Property 'insights' does not exist on type 'SimulationResult'.
src/routes/empire.ts(487,41): error TS2551: Property 'projectedKpis' does not exist on type 'SimulationResult'. Did you mean 'projected'?
src/routes/empire.ts(488,43): error TS2339: Property 'deltaVsBaseline' does not exist on type 'SimulationResult'.
src/routes/empire.ts(489,40): error TS2551: Property 'baselineKpis' does not exist on type 'SimulationResult'. Did you mean 'baseline'?
src/routes/empire.ts(490,36): error TS2339: Property 'insights' does not exist on type 'SimulationResult'.
src/routes/empire.ts(515,26): error TS2339: Property 'authenticate' does not exist on type 'FastifyInstance<RawServerDefault, IncomingMessage, ServerResponse<IncomingMessage>, FastifyBaseLogger, FastifyTypeProviderDefault>'.
src/routes/empire.ts(515,48): error TS2339: Property 'authorize' does not exist on type 'FastifyInstance<RawServerDefault, IncomingMessage, ServerResponse<IncomingMessage>, FastifyBaseLogger, FastifyTypeProviderDefault>'.
src/routes/empire.ts(582,25): error TS2339: Property 'insights' does not exist on type 'FlattenMaps<IAnalyticsSimulation> & Required<{ _id: FlattenMaps<unknown>; }> & { __v: number; }'.
src/routes/enhanced-auth.ts(66,58): error TS2341: Property 'analyzeSecurityContext' is private and only accessible within class 'EnhancedAuthMiddleware'.
src/routes/enhanced-auth.ts(69,36): error TS2341: Property 'handleSuspiciousActivity' is private and only accessible within class 'EnhancedAuthMiddleware'.
src/routes/enhanced-auth.ts(77,23): error TS2769: No overload matches this call.
  Overload 1 of 5, '(payload: string | object | Buffer<ArrayBufferLike>, secretOrPrivateKey: null, options?: SignOptions & { algorithm: "none"; }): string', gave the following error.
    Argument of type 'string' is not assignable to parameter of type 'null'.
  Overload 2 of 5, '(payload: string | object | Buffer<ArrayBufferLike>, secretOrPrivateKey: Buffer<ArrayBufferLike> | Secret | JsonWebKeyInput | PrivateKeyInput, options?: SignOptions): string', gave the following error.
    Type 'string' is not assignable to type 'number | StringValue'.
  Overload 3 of 5, '(payload: string | object | Buffer<ArrayBufferLike>, secretOrPrivateKey: Buffer<ArrayBufferLike> | Secret | JsonWebKeyInput | PrivateKeyInput, callback: SignCallback): void', gave the following error.
    Object literal may only specify known properties, and 'expiresIn' does not exist in type 'SignCallback'.
src/routes/enhanced-auth.ts(89,34): error TS2341: Property 'updateUserActivity' is private and only accessible within class 'EnhancedAuthMiddleware'.
src/routes/enhanced-auth.ts(109,23): error TS2339: Property 'isAdmin' does not exist on type 'Document<unknown, {}, IUser, {}, {}> & IUser & Required<{ _id: unknown; }> & { __v: number; }'.
src/routes/enhanced-auth.ts(157,36): error TS2341: Property 'logFailedMFAAttempt' is private and only accessible within class 'EnhancedAuthMiddleware'.
src/routes/enhanced-auth.ts(165,34): error TS2341: Property 'markMFAVerified' is private and only accessible within class 'EnhancedAuthMiddleware'.
src/routes/enhanced-auth.ts(205,58): error TS2341: Property 'analyzeSecurityContext' is private and only accessible within class 'EnhancedAuthMiddleware'.
src/routes/fortress-security.ts(29,44): error TS2339: Property 'getThreatDetectionStatus' does not exist on type 'FortressSecuritySystem'.
src/routes/fortress-security.ts(47,46): error TS2551: Property 'getSecurityAnalytics' does not exist on type 'FortressSecuritySystem'. Did you mean 'getSecurityAlerts'?
src/routes/fortress-security.ts(66,51): error TS2339: Property 'getFraudDetectionResults' does not exist on type 'FortressSecuritySystem'.
src/routes/fortress-security.ts(89,7): error TS2554: Expected 1 arguments, but got 5.
src/routes/fortress-security.ts(167,63): error TS2554: Expected 2 arguments, but got 3.
src/routes/games-v2.ts(78,49): error TS2769: No overload matches this call.
  The last overload gave the following error.
    Argument of type '(request: FastifyRequest, reply: FastifyReply) => Promise<void>' is not assignable to parameter of type 'RequestHandlerParams<Record<string, any>, any, any, ParsedQs, Record<string, any>>'.
      Type '(request: FastifyRequest, reply: FastifyReply) => Promise<void>' is not assignable to type 'RequestHandler<Record<string, any>, any, any, ParsedQs, Record<string, any>>'.
        Types of parameters 'request' and 'req' are incompatible.
          Type 'Request<Record<string, any>, any, any, ParsedQs, Record<string, any>>' is missing the following properties from type 'FastifyRequest<RouteGenericInterface, RawServerDefault, IncomingMessage, FastifySchema, FastifyTypeProviderDefault, unknown, FastifyBaseLogger, ResolveFastifyRequestType<...>>': id, raw, log, server, and 9 more.
src/routes/gamification.ts(31,72): error TS2554: Expected 0 arguments, but got 1.
src/routes/gamification.ts(71,62): error TS2554: Expected 0 arguments, but got 1.
src/routes/gamification.ts(109,62): error TS2554: Expected 0 arguments, but got 1.
src/routes/gamification.ts(133,7): error TS2554: Expected 2 arguments, but got 3.
src/routes/gamification.ts(154,7): error TS2554: Expected 0 arguments, but got 2.
src/routes/gamification.ts(175,63): error TS2554: Expected 0 arguments, but got 1.
src/routes/gamification.ts(234,60): error TS2554: Expected 0 arguments, but got 1.
src/routes/gamification.ts(253,66): error TS2554: Expected 0 arguments, but got 1.
src/routes/haloai.ts(17,24): error TS2339: Property 'user' does not exist on type 'Request<ParamsDictionary, any, any, ParsedQs, Record<string, any>>'.
src/routes/haloai.ts(44,24): error TS2339: Property 'user' does not exist on type 'Request<ParamsDictionary, any, any, ParsedQs, Record<string, any>>'.
src/routes/haloai.ts(78,24): error TS2339: Property 'user' does not exist on type 'Request<ParamsDictionary, any, any, ParsedQs, Record<string, any>>'.
src/routes/haloai.ts(98,7): error TS2353: Object literal may only specify known properties, and 'autoGifter' does not exist in type '{ notifications: { push: boolean; email: boolean; sms: boolean; }; privacy: { profileVisibility: "public" | "private" | "followers"; showOnlineStatus: boolean; allowGifts: boolean; allowMessages: boolean; }; language: string; timezone: string; }'.
src/routes/haloai.ts(155,24): error TS2339: Property 'user' does not exist on type 'Request<ParamsDictionary, any, any, ParsedQs, Record<string, any>>'.
src/routes/haloai.ts(159,16): error TS2339: Property 'isAdmin' does not exist on type 'Document<unknown, {}, IUser, {}, {}> & IUser & Required<{ _id: unknown; }> & { __v: number; }'.
src/routes/haloai.ts(188,24): error TS2339: Property 'user' does not exist on type 'Request<ParamsDictionary, any, any, ParsedQs, Record<string, any>>'.
src/routes/haloai.ts(235,24): error TS2339: Property 'user' does not exist on type 'Request<ParamsDictionary, any, any, ParsedQs, Record<string, any>>'.
src/routes/haloai.ts(268,24): error TS2339: Property 'user' does not exist on type 'Request<ParamsDictionary, any, any, ParsedQs, Record<string, any>>'.
src/routes/karma-reputation.ts(28,51): error TS2339: Property 'isAdmin' does not exist on type '{ userId: string; id: string; email: string; role: string; isVerified: boolean; isBanned: boolean; }'.
src/routes/karma-reputation.ts(452,51): error TS2339: Property 'isAdmin' does not exist on type '{ userId: string; id: string; email: string; role: string; isVerified: boolean; isBanned: boolean; }'.
src/routes/karma-reputation.ts(574,20): error TS2339: Property 'isAdmin' does not exist on type '{ userId: string; id: string; email: string; role: string; isVerified: boolean; isBanned: boolean; }'.
src/routes/karma-reputation.ts(612,20): error TS2339: Property 'isAdmin' does not exist on type '{ userId: string; id: string; email: string; role: string; isVerified: boolean; isBanned: boolean; }'.
src/routes/karma-reputation.ts(650,20): error TS2339: Property 'isAdmin' does not exist on type '{ userId: string; id: string; email: string; role: string; isVerified: boolean; isBanned: boolean; }'.
src/routes/leaderboards.ts(75,18): error TS2532: Object is possibly 'undefined'.
src/routes/leaderboards.ts(109,18): error TS2532: Object is possibly 'undefined'.
src/routes/leaderboards.ts(127,24): error TS2339: Property 'user' does not exist on type 'Request<ParamsDictionary, any, any, ParsedQs, Record<string, any>>'.
src/routes/leaderboards.ts(273,24): error TS2339: Property 'user' does not exist on type 'Request<ParamsDictionary, any, any, ParsedQs, Record<string, any>>'.
src/routes/leaderboards.ts(284,21): error TS2339: Property 'user' does not exist on type 'Request<ParamsDictionary, any, any, ParsedQs, Record<string, any>>'.
src/routes/mfa.ts(22,50): error TS2304: Cannot find name 'FastifyInstance'.
src/routes/mfa.ts(172,23): error TS2339: Property 'mfaVerified' does not exist on type 'unknown'.
src/routes/mfa.ts(217,34): error TS2339: Property 'userId' does not exist on type 'unknown'.
src/routes/mfa.ts(241,19): error TS2339: Property 'mfaVerified' does not exist on type 'unknown'.
src/routes/mfa.ts(242,19): error TS2339: Property 'lastActivity' does not exist on type 'unknown'.
src/routes/mfa.ts(289,34): error TS2339: Property 'userId' does not exist on type 'unknown'.
src/routes/mfa.ts(322,19): error TS2339: Property 'mfaVerified' does not exist on type 'unknown'.
src/routes/mfa.ts(323,19): error TS2339: Property 'lastActivity' does not exist on type 'unknown'.
src/routes/ml-optimization.ts(55,13): error TS2339: Property 'mongo' does not exist on type 'FastifyInstance<RawServerDefault, IncomingMessage, ServerResponse<IncomingMessage>, FastifyBaseLogger, FastifyTypeProviderDefault>'.
src/routes/ml-optimization.ts(56,13): error TS2339: Property 'mongo' does not exist on type 'FastifyInstance<RawServerDefault, IncomingMessage, ServerResponse<IncomingMessage>, FastifyBaseLogger, FastifyTypeProviderDefault>'.
src/routes/ml-optimization.ts(57,13): error TS2339: Property 'redis' does not exist on type 'FastifyInstance<RawServerDefault, IncomingMessage, ServerResponse<IncomingMessage>, FastifyBaseLogger, FastifyTypeProviderDefault>'.
src/routes/ml-optimization.ts(80,18): error TS2322: Type '(req: Request, res: Response, next: NextFunction) => Promise<Response<any, Record<string, any>>>' is not assignable to type 'preHandlerHookHandler<RawServerDefault, IncomingMessage, ServerResponse<IncomingMessage>, { Body: ABTestCreateRequest; }, unknown, NoInfer<FastifySchema>, FastifyTypeProviderDefault, FastifyBaseLogger>'.
  Types of parameters 'req' and 'request' are incompatible.
    Type 'FastifyRequest<{ Body: ABTestCreateRequest; }, RawServerDefault, IncomingMessage, NoInfer<FastifySchema>, FastifyTypeProviderDefault, unknown, FastifyBaseLogger, ResolveFastifyRequestType<...>>' is missing the following properties from type 'Request<ParamsDictionary, any, any, ParsedQs, Record<string, any>>': get, header, accepts, acceptsCharsets, and 85 more.
src/routes/ml-optimization.ts(80,31): error TS2322: Type '(req: AuthenticatedRequest, res: Response, next: NextFunction) => Promise<void>' is not assignable to type 'preHandlerHookHandler<RawServerDefault, IncomingMessage, ServerResponse<IncomingMessage>, { Body: ABTestCreateRequest; }, unknown, NoInfer<FastifySchema>, FastifyTypeProviderDefault, FastifyBaseLogger>'.
  Types of parameters 'req' and 'request' are incompatible.
    Type 'FastifyRequest<{ Body: ABTestCreateRequest; }, RawServerDefault, IncomingMessage, NoInfer<FastifySchema>, FastifyTypeProviderDefault, unknown, FastifyBaseLogger, ResolveFastifyRequestType<...>>' is missing the following properties from type 'AuthenticatedRequest': get, header, accepts, acceptsCharsets, and 85 more.
src/routes/ml-optimization.ts(80,45): error TS2322: Type 'RateLimitRequestHandler' is not assignable to type 'preHandlerHookHandler<RawServerDefault, IncomingMessage, ServerResponse<IncomingMessage>, { Body: ABTestCreateRequest; }, unknown, NoInfer<FastifySchema>, FastifyTypeProviderDefault, FastifyBaseLogger>'.
  Types of parameters 'req' and 'request' are incompatible.
    Type 'FastifyRequest<{ Body: ABTestCreateRequest; }, RawServerDefault, IncomingMessage, NoInfer<FastifySchema>, FastifyTypeProviderDefault, unknown, FastifyBaseLogger, ResolveFastifyRequestType<...>>' is missing the following properties from type 'Request<ParamsDictionary, any, any, ParsedQs, Record<string, any>>': get, header, accepts, acceptsCharsets, and 85 more.
src/routes/ml-optimization.ts(80,58): error TS2322: Type '(req: Request, res: Response, next: NextFunction) => void' is not assignable to type 'preHandlerHookHandler<RawServerDefault, IncomingMessage, ServerResponse<IncomingMessage>, { Body: ABTestCreateRequest; }, unknown, NoInfer<FastifySchema>, FastifyTypeProviderDefault, FastifyBaseLogger>'.
  Types of parameters 'req' and 'request' are incompatible.
    Type 'FastifyRequest<{ Body: ABTestCreateRequest; }, RawServerDefault, IncomingMessage, NoInfer<FastifySchema>, FastifyTypeProviderDefault, unknown, FastifyBaseLogger, ResolveFastifyRequestType<...>>' is missing the following properties from type 'Request<ParamsDictionary, any, any, ParsedQs, Record<string, any>>': get, header, accepts, acceptsCharsets, and 85 more.
src/routes/ml-optimization.ts(167,21): error TS2339: Property 'mongo' does not exist on type 'FastifyInstance<RawServerDefault, IncomingMessage, ServerResponse<IncomingMessage>, FastifyBaseLogger, FastifyTypeProviderDefault>'.
src/routes/ml-optimization.ts(192,53): error TS2345: Argument of type 'any' is not assignable to parameter of type 'never'.
src/routes/ml-optimization.ts(214,18): error TS2322: Type '(req: Request, res: Response, next: NextFunction) => Promise<Response<any, Record<string, any>>>' is not assignable to type 'preHandlerHookHandler<RawServerDefault, IncomingMessage, ServerResponse<IncomingMessage>, { Params: { testId: string; }; }, unknown, NoInfer<FastifySchema>, FastifyTypeProviderDefault, FastifyBaseLogger>'.
  Types of parameters 'req' and 'request' are incompatible.
    Type 'FastifyRequest<{ Params: { testId: string; }; }, RawServerDefault, IncomingMessage, NoInfer<FastifySchema>, FastifyTypeProviderDefault, unknown, FastifyBaseLogger, ResolveFastifyRequestType<...>>' is missing the following properties from type 'Request<ParamsDictionary, any, any, ParsedQs, Record<string, any>>': get, header, accepts, acceptsCharsets, and 85 more.
src/routes/ml-optimization.ts(214,31): error TS2322: Type '(req: AuthenticatedRequest, res: Response, next: NextFunction) => Promise<void>' is not assignable to type 'preHandlerHookHandler<RawServerDefault, IncomingMessage, ServerResponse<IncomingMessage>, { Params: { testId: string; }; }, unknown, NoInfer<FastifySchema>, FastifyTypeProviderDefault, FastifyBaseLogger>'.
  Types of parameters 'req' and 'request' are incompatible.
    Type 'FastifyRequest<{ Params: { testId: string; }; }, RawServerDefault, IncomingMessage, NoInfer<FastifySchema>, FastifyTypeProviderDefault, unknown, FastifyBaseLogger, ResolveFastifyRequestType<...>>' is missing the following properties from type 'AuthenticatedRequest': get, header, accepts, acceptsCharsets, and 85 more.
src/routes/ml-optimization.ts(214,45): error TS2322: Type 'RateLimitRequestHandler' is not assignable to type 'preHandlerHookHandler<RawServerDefault, IncomingMessage, ServerResponse<IncomingMessage>, { Params: { testId: string; }; }, unknown, NoInfer<FastifySchema>, FastifyTypeProviderDefault, FastifyBaseLogger>'.
  Types of parameters 'req' and 'request' are incompatible.
    Type 'FastifyRequest<{ Params: { testId: string; }; }, RawServerDefault, IncomingMessage, NoInfer<FastifySchema>, FastifyTypeProviderDefault, unknown, FastifyBaseLogger, ResolveFastifyRequestType<...>>' is missing the following properties from type 'Request<ParamsDictionary, any, any, ParsedQs, Record<string, any>>': get, header, accepts, acceptsCharsets, and 85 more.
src/routes/ml-optimization.ts(242,23): error TS2339: Property 'mongo' does not exist on type 'FastifyInstance<RawServerDefault, IncomingMessage, ServerResponse<IncomingMessage>, FastifyBaseLogger, FastifyTypeProviderDefault>'.
src/routes/ml-optimization.ts(265,53): error TS2345: Argument of type 'any' is not assignable to parameter of type 'never'.
src/routes/ml-optimization.ts(281,18): error TS2322: Type '(req: Request, res: Response, next: NextFunction) => Promise<Response<any, Record<string, any>>>' is not assignable to type 'preHandlerHookHandler<RawServerDefault, IncomingMessage, ServerResponse<IncomingMessage>, { Params: { testId: string; }; }, unknown, NoInfer<FastifySchema>, FastifyTypeProviderDefault, FastifyBaseLogger>'.
  Types of parameters 'req' and 'request' are incompatible.
    Type 'FastifyRequest<{ Params: { testId: string; }; }, RawServerDefault, IncomingMessage, NoInfer<FastifySchema>, FastifyTypeProviderDefault, unknown, FastifyBaseLogger, ResolveFastifyRequestType<...>>' is missing the following properties from type 'Request<ParamsDictionary, any, any, ParsedQs, Record<string, any>>': get, header, accepts, acceptsCharsets, and 85 more.
src/routes/ml-optimization.ts(281,31): error TS2322: Type '(req: AuthenticatedRequest, res: Response, next: NextFunction) => Promise<void>' is not assignable to type 'preHandlerHookHandler<RawServerDefault, IncomingMessage, ServerResponse<IncomingMessage>, { Params: { testId: string; }; }, unknown, NoInfer<FastifySchema>, FastifyTypeProviderDefault, FastifyBaseLogger>'.
  Types of parameters 'req' and 'request' are incompatible.
    Type 'FastifyRequest<{ Params: { testId: string; }; }, RawServerDefault, IncomingMessage, NoInfer<FastifySchema>, FastifyTypeProviderDefault, unknown, FastifyBaseLogger, ResolveFastifyRequestType<...>>' is missing the following properties from type 'AuthenticatedRequest': get, header, accepts, acceptsCharsets, and 85 more.
src/routes/ml-optimization.ts(281,45): error TS2322: Type 'RateLimitRequestHandler' is not assignable to type 'preHandlerHookHandler<RawServerDefault, IncomingMessage, ServerResponse<IncomingMessage>, { Params: { testId: string; }; }, unknown, NoInfer<FastifySchema>, FastifyTypeProviderDefault, FastifyBaseLogger>'.
  Types of parameters 'req' and 'request' are incompatible.
    Type 'FastifyRequest<{ Params: { testId: string; }; }, RawServerDefault, IncomingMessage, NoInfer<FastifySchema>, FastifyTypeProviderDefault, unknown, FastifyBaseLogger, ResolveFastifyRequestType<...>>' is missing the following properties from type 'Request<ParamsDictionary, any, any, ParsedQs, Record<string, any>>': get, header, accepts, acceptsCharsets, and 85 more.
src/routes/ml-optimization.ts(370,60): error TS2345: Argument of type 'any' is not assignable to parameter of type 'never'.
src/routes/ml-optimization.ts(395,18): error TS2322: Type '(req: Request, res: Response, next: NextFunction) => Promise<Response<any, Record<string, any>>>' is not assignable to type 'preHandlerHookHandler<RawServerDefault, IncomingMessage, ServerResponse<IncomingMessage>, { Body: { testId: string; }; }, unknown, NoInfer<FastifySchema>, FastifyTypeProviderDefault, FastifyBaseLogger>'.
  Types of parameters 'req' and 'request' are incompatible.
    Type 'FastifyRequest<{ Body: { testId: string; }; }, RawServerDefault, IncomingMessage, NoInfer<FastifySchema>, FastifyTypeProviderDefault, unknown, FastifyBaseLogger, ResolveFastifyRequestType<...>>' is missing the following properties from type 'Request<ParamsDictionary, any, any, ParsedQs, Record<string, any>>': get, header, accepts, acceptsCharsets, and 85 more.
src/routes/ml-optimization.ts(395,31): error TS2322: Type 'RateLimitRequestHandler' is not assignable to type 'preHandlerHookHandler<RawServerDefault, IncomingMessage, ServerResponse<IncomingMessage>, { Body: { testId: string; }; }, unknown, NoInfer<FastifySchema>, FastifyTypeProviderDefault, FastifyBaseLogger>'.
  Types of parameters 'req' and 'request' are incompatible.
    Type 'FastifyRequest<{ Body: { testId: string; }; }, RawServerDefault, IncomingMessage, NoInfer<FastifySchema>, FastifyTypeProviderDefault, unknown, FastifyBaseLogger, ResolveFastifyRequestType<...>>' is missing the following properties from type 'Request<ParamsDictionary, any, any, ParsedQs, Record<string, any>>': get, header, accepts, acceptsCharsets, and 85 more.
src/routes/ml-optimization.ts(449,61): error TS2345: Argument of type 'any' is not assignable to parameter of type 'never'.
src/routes/ml-optimization.ts(473,18): error TS2322: Type '(req: Request, res: Response, next: NextFunction) => Promise<Response<any, Record<string, any>>>' is not assignable to type 'preHandlerHookHandler<RawServerDefault, IncomingMessage, ServerResponse<IncomingMessage>, { Body: { testId: string; metricName: string; value?: number; }; }, unknown, NoInfer<FastifySchema>, FastifyTypeProviderDefault, FastifyBaseLogger>'.
  Types of parameters 'req' and 'request' are incompatible.
    Type 'FastifyRequest<{ Body: { testId: string; metricName: string; value?: number; }; }, RawServerDefault, IncomingMessage, NoInfer<FastifySchema>, FastifyTypeProviderDefault, unknown, FastifyBaseLogger, ResolveFastifyRequestType<...>>' is missing the following properties from type 'Request<ParamsDictionary, any, any, ParsedQs, Record<string, any>>': get, header, accepts, acceptsCharsets, and 85 more.
src/routes/ml-optimization.ts(473,31): error TS2322: Type 'RateLimitRequestHandler' is not assignable to type 'preHandlerHookHandler<RawServerDefault, IncomingMessage, ServerResponse<IncomingMessage>, { Body: { testId: string; metricName: string; value?: number; }; }, unknown, NoInfer<FastifySchema>, FastifyTypeProviderDefault, FastifyBaseLogger>'.
  Types of parameters 'req' and 'request' are incompatible.
    Type 'FastifyRequest<{ Body: { testId: string; metricName: string; value?: number; }; }, RawServerDefault, IncomingMessage, NoInfer<FastifySchema>, FastifyTypeProviderDefault, unknown, FastifyBaseLogger, ResolveFastifyRequestType<...>>' is missing the following properties from type 'Request<ParamsDictionary, any, any, ParsedQs, Record<string, any>>': get, header, accepts, acceptsCharsets, and 85 more.
src/routes/ml-optimization.ts(506,56): error TS2345: Argument of type 'any' is not assignable to parameter of type 'never'.
src/routes/ml-optimization.ts(522,18): error TS2322: Type '(req: Request, res: Response, next: NextFunction) => Promise<Response<any, Record<string, any>>>' is not assignable to type 'preHandlerHookHandler<RawServerDefault, IncomingMessage, ServerResponse<IncomingMessage>, { Body: ModelTrainRequest; }, unknown, NoInfer<FastifySchema>, FastifyTypeProviderDefault, FastifyBaseLogger>'.
  Types of parameters 'req' and 'request' are incompatible.
    Type 'FastifyRequest<{ Body: ModelTrainRequest; }, RawServerDefault, IncomingMessage, NoInfer<FastifySchema>, FastifyTypeProviderDefault, unknown, FastifyBaseLogger, ResolveFastifyRequestType<...>>' is missing the following properties from type 'Request<ParamsDictionary, any, any, ParsedQs, Record<string, any>>': get, header, accepts, acceptsCharsets, and 85 more.
src/routes/ml-optimization.ts(522,31): error TS2322: Type '(req: AuthenticatedRequest, res: Response, next: NextFunction) => Promise<void>' is not assignable to type 'preHandlerHookHandler<RawServerDefault, IncomingMessage, ServerResponse<IncomingMessage>, { Body: ModelTrainRequest; }, unknown, NoInfer<FastifySchema>, FastifyTypeProviderDefault, FastifyBaseLogger>'.
  Types of parameters 'req' and 'request' are incompatible.
    Type 'FastifyRequest<{ Body: ModelTrainRequest; }, RawServerDefault, IncomingMessage, NoInfer<FastifySchema>, FastifyTypeProviderDefault, unknown, FastifyBaseLogger, ResolveFastifyRequestType<...>>' is missing the following properties from type 'AuthenticatedRequest': get, header, accepts, acceptsCharsets, and 85 more.
src/routes/ml-optimization.ts(522,45): error TS2322: Type 'RateLimitRequestHandler' is not assignable to type 'preHandlerHookHandler<RawServerDefault, IncomingMessage, ServerResponse<IncomingMessage>, { Body: ModelTrainRequest; }, unknown, NoInfer<FastifySchema>, FastifyTypeProviderDefault, FastifyBaseLogger>'.
  Types of parameters 'req' and 'request' are incompatible.
    Type 'FastifyRequest<{ Body: ModelTrainRequest; }, RawServerDefault, IncomingMessage, NoInfer<FastifySchema>, FastifyTypeProviderDefault, unknown, FastifyBaseLogger, ResolveFastifyRequestType<...>>' is missing the following properties from type 'Request<ParamsDictionary, any, any, ParsedQs, Record<string, any>>': get, header, accepts, acceptsCharsets, and 85 more.
src/routes/ml-optimization.ts(522,58): error TS2322: Type '(req: Request, res: Response, next: NextFunction) => void' is not assignable to type 'preHandlerHookHandler<RawServerDefault, IncomingMessage, ServerResponse<IncomingMessage>, { Body: ModelTrainRequest; }, unknown, NoInfer<FastifySchema>, FastifyTypeProviderDefault, FastifyBaseLogger>'.
  Types of parameters 'req' and 'request' are incompatible.
    Type 'FastifyRequest<{ Body: ModelTrainRequest; }, RawServerDefault, IncomingMessage, NoInfer<FastifySchema>, FastifyTypeProviderDefault, unknown, FastifyBaseLogger, ResolveFastifyRequestType<...>>' is missing the following properties from type 'Request<ParamsDictionary, any, any, ParsedQs, Record<string, any>>': get, header, accepts, acceptsCharsets, and 85 more.
src/routes/ml-optimization.ts(572,60): error TS2345: Argument of type 'ModelTrainRequest' is not assignable to parameter of type 'Omit<PredictionModel, "status" | "performance" | "lastTrained" | "modelId">'.
  Type 'ModelTrainRequest' is missing the following properties from type 'Omit<PredictionModel, "status" | "performance" | "lastTrained" | "modelId">': accuracy, precision, recall, f1Score
src/routes/ml-optimization.ts(575,21): error TS2339: Property 'mongo' does not exist on type 'FastifyInstance<RawServerDefault, IncomingMessage, ServerResponse<IncomingMessage>, FastifyBaseLogger, FastifyTypeProviderDefault>'.
src/routes/ml-optimization.ts(605,50): error TS2345: Argument of type 'any' is not assignable to parameter of type 'never'.
src/routes/ml-optimization.ts(636,18): error TS2322: Type '(req: Request, res: Response, next: NextFunction) => Promise<Response<any, Record<string, any>>>' is not assignable to type 'preHandlerHookHandler<RawServerDefault, IncomingMessage, ServerResponse<IncomingMessage>, { Body: PredictionRequest; }, unknown, NoInfer<FastifySchema>, FastifyTypeProviderDefault, FastifyBaseLogger>'.
  Types of parameters 'req' and 'request' are incompatible.
    Type 'FastifyRequest<{ Body: PredictionRequest; }, RawServerDefault, IncomingMessage, NoInfer<FastifySchema>, FastifyTypeProviderDefault, unknown, FastifyBaseLogger, ResolveFastifyRequestType<...>>' is missing the following properties from type 'Request<ParamsDictionary, any, any, ParsedQs, Record<string, any>>': get, header, accepts, acceptsCharsets, and 85 more.
src/routes/ml-optimization.ts(636,31): error TS2322: Type 'RateLimitRequestHandler' is not assignable to type 'preHandlerHookHandler<RawServerDefault, IncomingMessage, ServerResponse<IncomingMessage>, { Body: PredictionRequest; }, unknown, NoInfer<FastifySchema>, FastifyTypeProviderDefault, FastifyBaseLogger>'.
  Types of parameters 'req' and 'request' are incompatible.
    Type 'FastifyRequest<{ Body: PredictionRequest; }, RawServerDefault, IncomingMessage, NoInfer<FastifySchema>, FastifyTypeProviderDefault, unknown, FastifyBaseLogger, ResolveFastifyRequestType<...>>' is missing the following properties from type 'Request<ParamsDictionary, any, any, ParsedQs, Record<string, any>>': get, header, accepts, acceptsCharsets, and 85 more.
src/routes/ml-optimization.ts(636,52): error TS2322: Type '(req: Request, res: Response, next: NextFunction) => void' is not assignable to type 'preHandlerHookHandler<RawServerDefault, IncomingMessage, ServerResponse<IncomingMessage>, { Body: PredictionRequest; }, unknown, NoInfer<FastifySchema>, FastifyTypeProviderDefault, FastifyBaseLogger>'.
  Types of parameters 'req' and 'request' are incompatible.
    Type 'FastifyRequest<{ Body: PredictionRequest; }, RawServerDefault, IncomingMessage, NoInfer<FastifySchema>, FastifyTypeProviderDefault, unknown, FastifyBaseLogger, ResolveFastifyRequestType<...>>' is missing the following properties from type 'Request<ParamsDictionary, any, any, ParsedQs, Record<string, any>>': get, header, accepts, acceptsCharsets, and 85 more.
src/routes/ml-optimization.ts(680,53): error TS2345: Argument of type 'any' is not assignable to parameter of type 'never'.
src/routes/ml-optimization.ts(699,18): error TS2322: Type '(req: Request, res: Response, next: NextFunction) => Promise<Response<any, Record<string, any>>>' is not assignable to type 'preHandlerHookHandler<RawServerDefault, IncomingMessage, ServerResponse<IncomingMessage>, RouteGenericInterface, unknown, NoInfer<FastifySchema>, FastifyTypeProviderDefault, FastifyBaseLogger>'.
  Types of parameters 'req' and 'request' are incompatible.
    Type 'FastifyRequest<RouteGenericInterface, RawServerDefault, IncomingMessage, NoInfer<FastifySchema>, FastifyTypeProviderDefault, unknown, FastifyBaseLogger, ResolveFastifyRequestType<...>>' is missing the following properties from type 'Request<ParamsDictionary, any, any, ParsedQs, Record<string, any>>': get, header, accepts, acceptsCharsets, and 85 more.
src/routes/ml-optimization.ts(699,31): error TS2322: Type '(req: AuthenticatedRequest, res: Response, next: NextFunction) => Promise<void>' is not assignable to type 'preHandlerHookHandler<RawServerDefault, IncomingMessage, ServerResponse<IncomingMessage>, RouteGenericInterface, unknown, NoInfer<FastifySchema>, FastifyTypeProviderDefault, FastifyBaseLogger>'.
  Types of parameters 'req' and 'request' are incompatible.
    Type 'FastifyRequest<RouteGenericInterface, RawServerDefault, IncomingMessage, NoInfer<FastifySchema>, FastifyTypeProviderDefault, unknown, FastifyBaseLogger, ResolveFastifyRequestType<...>>' is missing the following properties from type 'AuthenticatedRequest': get, header, accepts, acceptsCharsets, and 85 more.
src/routes/ml-optimization.ts(699,45): error TS2322: Type 'RateLimitRequestHandler' is not assignable to type 'preHandlerHookHandler<RawServerDefault, IncomingMessage, ServerResponse<IncomingMessage>, RouteGenericInterface, unknown, NoInfer<FastifySchema>, FastifyTypeProviderDefault, FastifyBaseLogger>'.
  Types of parameters 'req' and 'request' are incompatible.
    Type 'FastifyRequest<RouteGenericInterface, RawServerDefault, IncomingMessage, NoInfer<FastifySchema>, FastifyTypeProviderDefault, unknown, FastifyBaseLogger, ResolveFastifyRequestType<...>>' is missing the following properties from type 'Request<ParamsDictionary, any, any, ParsedQs, Record<string, any>>': get, header, accepts, acceptsCharsets, and 85 more.
src/routes/ml-optimization.ts(751,72): error TS2345: Argument of type 'any' is not assignable to parameter of type 'never'.
src/routes/ml-optimization.ts(766,18): error TS2322: Type '(req: Request, res: Response, next: NextFunction) => Promise<Response<any, Record<string, any>>>' is not assignable to type 'preHandlerHookHandler<RawServerDefault, IncomingMessage, ServerResponse<IncomingMessage>, RouteGenericInterface, unknown, NoInfer<FastifySchema>, FastifyTypeProviderDefault, FastifyBaseLogger>'.
  Types of parameters 'req' and 'request' are incompatible.
    Type 'FastifyRequest<RouteGenericInterface, RawServerDefault, IncomingMessage, NoInfer<FastifySchema>, FastifyTypeProviderDefault, unknown, FastifyBaseLogger, ResolveFastifyRequestType<...>>' is missing the following properties from type 'Request<ParamsDictionary, any, any, ParsedQs, Record<string, any>>': get, header, accepts, acceptsCharsets, and 85 more.
src/routes/ml-optimization.ts(766,31): error TS2322: Type '(req: AuthenticatedRequest, res: Response, next: NextFunction) => Promise<void>' is not assignable to type 'preHandlerHookHandler<RawServerDefault, IncomingMessage, ServerResponse<IncomingMessage>, RouteGenericInterface, unknown, NoInfer<FastifySchema>, FastifyTypeProviderDefault, FastifyBaseLogger>'.
  Types of parameters 'req' and 'request' are incompatible.
    Type 'FastifyRequest<RouteGenericInterface, RawServerDefault, IncomingMessage, NoInfer<FastifySchema>, FastifyTypeProviderDefault, unknown, FastifyBaseLogger, ResolveFastifyRequestType<...>>' is missing the following properties from type 'AuthenticatedRequest': get, header, accepts, acceptsCharsets, and 85 more.
src/routes/ml-optimization.ts(766,45): error TS2322: Type 'RateLimitRequestHandler' is not assignable to type 'preHandlerHookHandler<RawServerDefault, IncomingMessage, ServerResponse<IncomingMessage>, RouteGenericInterface, unknown, NoInfer<FastifySchema>, FastifyTypeProviderDefault, FastifyBaseLogger>'.
  Types of parameters 'req' and 'request' are incompatible.
    Type 'FastifyRequest<RouteGenericInterface, RawServerDefault, IncomingMessage, NoInfer<FastifySchema>, FastifyTypeProviderDefault, unknown, FastifyBaseLogger, ResolveFastifyRequestType<...>>' is missing the following properties from type 'Request<ParamsDictionary, any, any, ParsedQs, Record<string, any>>': get, header, accepts, acceptsCharsets, and 85 more.
src/routes/ml-optimization.ts(804,55): error TS2345: Argument of type 'any' is not assignable to parameter of type 'never'.
src/routes/ml-optimization.ts(819,18): error TS2322: Type '(req: Request, res: Response, next: NextFunction) => Promise<Response<any, Record<string, any>>>' is not assignable to type 'preHandlerHookHandler<RawServerDefault, IncomingMessage, ServerResponse<IncomingMessage>, RouteGenericInterface, unknown, NoInfer<FastifySchema>, FastifyTypeProviderDefault, FastifyBaseLogger>'.
  Types of parameters 'req' and 'request' are incompatible.
    Type 'FastifyRequest<RouteGenericInterface, RawServerDefault, IncomingMessage, NoInfer<FastifySchema>, FastifyTypeProviderDefault, unknown, FastifyBaseLogger, ResolveFastifyRequestType<...>>' is missing the following properties from type 'Request<ParamsDictionary, any, any, ParsedQs, Record<string, any>>': get, header, accepts, acceptsCharsets, and 85 more.
src/routes/ml-optimization.ts(819,31): error TS2322: Type '(req: AuthenticatedRequest, res: Response, next: NextFunction) => Promise<void>' is not assignable to type 'preHandlerHookHandler<RawServerDefault, IncomingMessage, ServerResponse<IncomingMessage>, RouteGenericInterface, unknown, NoInfer<FastifySchema>, FastifyTypeProviderDefault, FastifyBaseLogger>'.
  Types of parameters 'req' and 'request' are incompatible.
    Type 'FastifyRequest<RouteGenericInterface, RawServerDefault, IncomingMessage, NoInfer<FastifySchema>, FastifyTypeProviderDefault, unknown, FastifyBaseLogger, ResolveFastifyRequestType<...>>' is missing the following properties from type 'AuthenticatedRequest': get, header, accepts, acceptsCharsets, and 85 more.
src/routes/ml-optimization.ts(819,45): error TS2322: Type 'RateLimitRequestHandler' is not assignable to type 'preHandlerHookHandler<RawServerDefault, IncomingMessage, ServerResponse<IncomingMessage>, RouteGenericInterface, unknown, NoInfer<FastifySchema>, FastifyTypeProviderDefault, FastifyBaseLogger>'.
  Types of parameters 'req' and 'request' are incompatible.
    Type 'FastifyRequest<RouteGenericInterface, RawServerDefault, IncomingMessage, NoInfer<FastifySchema>, FastifyTypeProviderDefault, unknown, FastifyBaseLogger, ResolveFastifyRequestType<...>>' is missing the following properties from type 'Request<ParamsDictionary, any, any, ParsedQs, Record<string, any>>': get, header, accepts, acceptsCharsets, and 85 more.
src/routes/ml-optimization.ts(877,50): error TS2345: Argument of type 'any' is not assignable to parameter of type 'never'.
src/routes/moderation.ts(4,10): error TS2305: Module '"../middleware/admin"' has no exported member 'adminMiddleware'.
src/routes/moderation.ts(16,24): error TS2339: Property 'user' does not exist on type 'Request<ParamsDictionary, any, any, ParsedQs, Record<string, any>>'.
src/routes/moderation.ts(52,24): error TS2339: Property 'user' does not exist on type 'Request<ParamsDictionary, any, any, ParsedQs, Record<string, any>>'.
src/routes/moderation.ts(75,24): error TS2339: Property 'user' does not exist on type 'Request<ParamsDictionary, any, any, ParsedQs, Record<string, any>>'.
src/routes/moderation.ts(78,40): error TS2339: Property 'findByUser' does not exist on type 'Model<IModerationFlag, {}, {}, {}, Document<unknown, {}, IModerationFlag, {}, {}> & IModerationFlag & Required<{ _id: unknown; }> & { ...; }, any>'.
src/routes/moderation.ts(126,24): error TS2339: Property 'user' does not exist on type 'Request<ParamsDictionary, any, any, ParsedQs, Record<string, any>>'.
src/routes/moderation.ts(137,51): error TS2339: Property 'user' does not exist on type 'Request<ParamsDictionary, any, any, ParsedQs, Record<string, any>>'.
src/routes/moderation.ts(144,16): error TS2339: Property 'resolve' does not exist on type 'Document<unknown, {}, IModerationFlag, {}, {}> & IModerationFlag & Required<{ _id: unknown; }> & { __v: number; }'.
src/routes/moderation.ts(166,25): error TS2339: Property 'user' does not exist on type 'Request<{}, any, any, ParsedQs, Record<string, any>>'.
src/routes/moderation.ts(182,22): error TS2339: Property 'resolve' does not exist on type 'Document<unknown, {}, IModerationFlag, {}, {}> & IModerationFlag & Required<{ _id: unknown; }> & { __v: number; }'.
src/routes/moderation.ts(185,22): error TS2339: Property 'flag' does not exist on type 'Document<unknown, {}, IModerationFlag, {}, {}> & IModerationFlag & Required<{ _id: unknown; }> & { __v: number; }'.
src/routes/moderation.ts(216,40): error TS2339: Property 'findPending' does not exist on type 'Model<IModerationFlag, {}, {}, {}, Document<unknown, {}, IModerationFlag, {}, {}> & IModerationFlag & Required<{ _id: unknown; }> & { ...; }, any>'.
src/routes/monetization.ts(34,24): error TS2339: Property 'user' does not exist on type 'Request<ParamsDictionary, any, any, ParsedQs, Record<string, any>>'.
src/routes/monetization.ts(63,24): error TS2339: Property 'user' does not exist on type 'Request<ParamsDictionary, any, any, ParsedQs, Record<string, any>>'.
src/routes/monetization.ts(143,24): error TS2339: Property 'user' does not exist on type 'Request<ParamsDictionary, any, any, ParsedQs, Record<string, any>>'.
src/routes/monetization.ts(211,24): error TS2339: Property 'user' does not exist on type 'Request<ParamsDictionary, any, any, ParsedQs, Record<string, any>>'.
src/routes/monetization.ts(242,24): error TS2339: Property 'user' does not exist on type 'Request<ParamsDictionary, any, any, ParsedQs, Record<string, any>>'.
src/routes/monetization.ts(281,24): error TS2339: Property 'user' does not exist on type 'Request<ParamsDictionary, any, any, ParsedQs, Record<string, any>>'.
src/routes/monetization.ts(341,24): error TS2339: Property 'user' does not exist on type 'Request<ParamsDictionary, any, any, ParsedQs, Record<string, any>>'.
src/routes/monetization.ts(380,24): error TS2339: Property 'user' does not exist on type 'Request<ParamsDictionary, any, any, ParsedQs, Record<string, any>>'.
src/routes/monetization.ts(410,24): error TS2339: Property 'user' does not exist on type 'Request<ParamsDictionary, any, any, ParsedQs, Record<string, any>>'.
src/routes/monetization.ts(448,24): error TS2339: Property 'user' does not exist on type 'Request<ParamsDictionary, any, any, ParsedQs, Record<string, any>>'.
src/routes/monitoring.ts(18,50): error TS2339: Property 'getHealthStatus' does not exist on type 'MonitoringService'.
src/routes/monitoring.ts(29,45): error TS2339: Property 'collectMetrics' does not exist on type 'MonitoringService'.
src/routes/monitoring.ts(41,39): error TS2339: Property 'getMetrics' does not exist on type 'MonitoringService'.
src/routes/monitoring.ts(69,38): error TS2339: Property 'getAlertConfig' does not exist on type 'MonitoringService'.
src/routes/monitoring.ts(90,23): error TS2339: Property 'updateAlertConfig' does not exist on type 'MonitoringService'.
src/routes/monitoring.ts(103,39): error TS2339: Property 'getMetrics' does not exist on type 'MonitoringService'.
src/routes/monitoring.ts(104,38): error TS2339: Property 'getLatestMetrics' does not exist on type 'MonitoringService'.
src/routes/monitoring.ts(160,38): error TS2339: Property 'getLatestMetrics' does not exist on type 'MonitoringService'.
src/routes/nft.ts(13,12): error TS2769: No overload matches this call.
  The last overload gave the following error.
    Argument of type '(request: FastifyRequest, reply: FastifyReply) => Promise<void>' is not assignable to parameter of type 'PathParams'.
src/routes/notifications.ts(34,26): error TS2339: Property 'authenticate' does not exist on type 'FastifyInstance<RawServerDefault, IncomingMessage, ServerResponse<IncomingMessage>, FastifyBaseLogger, FastifyTypeProviderDefault>'.
src/routes/notifications.ts(63,34): error TS2339: Property 'json' does not exist on type 'FastifyReply<RouteGenericInterface, RawServerDefault, IncomingMessage, ServerResponse<IncomingMessage>, unknown, FastifySchema, FastifyTypeProviderDefault, unknown>'.
src/routes/notifications.ts(77,34): error TS2339: Property 'json' does not exist on type 'FastifyReply<RouteGenericInterface, RawServerDefault, IncomingMessage, ServerResponse<IncomingMessage>, unknown, FastifySchema, FastifyTypeProviderDefault, unknown>'.
src/routes/notifications.ts(101,20): error TS2339: Property 'json' does not exist on type 'FastifyReply<RouteGenericInterface, RawServerDefault, IncomingMessage, ServerResponse<IncomingMessage>, unknown, FastifySchema, FastifyTypeProviderDefault, unknown>'.
src/routes/notifications.ts(107,32): error TS2339: Property 'json' does not exist on type 'FastifyReply<RouteGenericInterface, RawServerDefault, IncomingMessage, ServerResponse<IncomingMessage>, unknown, FastifySchema, FastifyTypeProviderDefault, unknown>'.
src/routes/notifications.ts(116,26): error TS2339: Property 'authenticate' does not exist on type 'FastifyInstance<RawServerDefault, IncomingMessage, ServerResponse<IncomingMessage>, FastifyBaseLogger, FastifyTypeProviderDefault>'.
src/routes/notifications.ts(139,34): error TS2339: Property 'json' does not exist on type 'FastifyReply<RouteGenericInterface, RawServerDefault, IncomingMessage, ServerResponse<IncomingMessage>, unknown, FastifySchema, FastifyTypeProviderDefault, unknown>'.
src/routes/notifications.ts(153,20): error TS2339: Property 'preferences' does not exist on type 'unknown'.
src/routes/notifications.ts(159,20): error TS2339: Property 'json' does not exist on type 'FastifyReply<RouteGenericInterface, RawServerDefault, IncomingMessage, ServerResponse<IncomingMessage>, unknown, FastifySchema, FastifyTypeProviderDefault, unknown>'.
src/routes/notifications.ts(165,32): error TS2339: Property 'json' does not exist on type 'FastifyReply<RouteGenericInterface, RawServerDefault, IncomingMessage, ServerResponse<IncomingMessage>, unknown, FastifySchema, FastifyTypeProviderDefault, unknown>'.
src/routes/notifications.ts(174,26): error TS2339: Property 'authenticate' does not exist on type 'FastifyInstance<RawServerDefault, IncomingMessage, ServerResponse<IncomingMessage>, FastifyBaseLogger, FastifyTypeProviderDefault>'.
src/routes/notifications.ts(180,34): error TS2339: Property 'json' does not exist on type 'FastifyReply<RouteGenericInterface, RawServerDefault, IncomingMessage, ServerResponse<IncomingMessage>, unknown, FastifySchema, FastifyTypeProviderDefault, unknown>'.
src/routes/notifications.ts(189,20): error TS2339: Property 'json' does not exist on type 'FastifyReply<RouteGenericInterface, RawServerDefault, IncomingMessage, ServerResponse<IncomingMessage>, unknown, FastifySchema, FastifyTypeProviderDefault, unknown>'.
src/routes/notifications.ts(195,32): error TS2339: Property 'json' does not exist on type 'FastifyReply<RouteGenericInterface, RawServerDefault, IncomingMessage, ServerResponse<IncomingMessage>, unknown, FastifySchema, FastifyTypeProviderDefault, unknown>'.
src/routes/notifications.ts(204,26): error TS2339: Property 'authenticate' does not exist on type 'FastifyInstance<RawServerDefault, IncomingMessage, ServerResponse<IncomingMessage>, FastifyBaseLogger, FastifyTypeProviderDefault>'.
src/routes/notifications.ts(226,34): error TS2339: Property 'json' does not exist on type 'FastifyReply<RouteGenericInterface, RawServerDefault, IncomingMessage, ServerResponse<IncomingMessage>, unknown, FastifySchema, FastifyTypeProviderDefault, unknown>'.
src/routes/notifications.ts(234,24): error TS2339: Property 'token' does not exist on type 'unknown'.
src/routes/notifications.ts(235,34): error TS2339: Property 'json' does not exist on type 'FastifyReply<RouteGenericInterface, RawServerDefault, IncomingMessage, ServerResponse<IncomingMessage>, unknown, FastifySchema, FastifyTypeProviderDefault, unknown>'.
src/routes/notifications.ts(243,24): error TS2339: Property 'token' does not exist on type 'unknown'.
src/routes/notifications.ts(247,27): error TS2339: Property 'preferences' does not exist on type 'unknown'.
src/routes/notifications.ts(255,20): error TS2339: Property 'json' does not exist on type 'FastifyReply<RouteGenericInterface, RawServerDefault, IncomingMessage, ServerResponse<IncomingMessage>, unknown, FastifySchema, FastifyTypeProviderDefault, unknown>'.
src/routes/notifications.ts(261,32): error TS2339: Property 'json' does not exist on type 'FastifyReply<RouteGenericInterface, RawServerDefault, IncomingMessage, ServerResponse<IncomingMessage>, unknown, FastifySchema, FastifyTypeProviderDefault, unknown>'.
src/routes/notifications.ts(270,26): error TS2339: Property 'authenticate' does not exist on type 'FastifyInstance<RawServerDefault, IncomingMessage, ServerResponse<IncomingMessage>, FastifyBaseLogger, FastifyTypeProviderDefault>'.
src/routes/notifications.ts(276,34): error TS2339: Property 'json' does not exist on type 'FastifyReply<RouteGenericInterface, RawServerDefault, IncomingMessage, ServerResponse<IncomingMessage>, unknown, FastifySchema, FastifyTypeProviderDefault, unknown>'.
src/routes/notifications.ts(292,20): error TS2339: Property 'json' does not exist on type 'FastifyReply<RouteGenericInterface, RawServerDefault, IncomingMessage, ServerResponse<IncomingMessage>, unknown, FastifySchema, FastifyTypeProviderDefault, unknown>'.
src/routes/notifications.ts(298,32): error TS2339: Property 'json' does not exist on type 'FastifyReply<RouteGenericInterface, RawServerDefault, IncomingMessage, ServerResponse<IncomingMessage>, unknown, FastifySchema, FastifyTypeProviderDefault, unknown>'.
src/routes/notifications.ts(307,26): error TS2339: Property 'authenticate' does not exist on type 'FastifyInstance<RawServerDefault, IncomingMessage, ServerResponse<IncomingMessage>, FastifyBaseLogger, FastifyTypeProviderDefault>'.
src/routes/notifications.ts(307,48): error TS2339: Property 'requireAdmin' does not exist on type 'FastifyInstance<RawServerDefault, IncomingMessage, ServerResponse<IncomingMessage>, FastifyBaseLogger, FastifyTypeProviderDefault>'.
src/routes/notifications.ts(340,20): error TS2339: Property 'json' does not exist on type 'FastifyReply<RouteGenericInterface, RawServerDefault, IncomingMessage, ServerResponse<IncomingMessage>, unknown, FastifySchema, FastifyTypeProviderDefault, unknown>'.
src/routes/notifications.ts(351,32): error TS2339: Property 'json' does not exist on type 'FastifyReply<RouteGenericInterface, RawServerDefault, IncomingMessage, ServerResponse<IncomingMessage>, unknown, FastifySchema, FastifyTypeProviderDefault, unknown>'.
src/routes/og.ts(8,19): error TS2307: Cannot find module 'dayjs' or its corresponding type declarations.
src/routes/paypal.ts(54,48): error TS2551: Property 'capturePayPalOrder' does not exist on type 'PaymentService'. Did you mean 'createPayPalOrder'?
src/routes/paypal.ts(85,48): error TS2339: Property 'getTransactionByOrderId' does not exist on type 'PaymentService'.
src/routes/paypal.ts(92,30): error TS2339: Property 'updateUserCoins' does not exist on type 'PaymentService'.
src/routes/paypal.ts(112,48): error TS2339: Property 'getTransactionByOrderId' does not exist on type 'PaymentService'.
src/routes/production-monitoring.ts(2,45): error TS2307: Cannot find module '../services/ProductionMonitoringService' or its corresponding type declarations.
src/routes/real-time-personalization.ts(45,5): error TS2554: Expected 0 arguments, but got 5.
src/routes/real-time-personalization.ts(45,13): error TS2339: Property 'mongo' does not exist on type 'FastifyInstance<RawServerDefault, IncomingMessage, ServerResponse<IncomingMessage>, FastifyBaseLogger, FastifyTypeProviderDefault>'.
src/routes/real-time-personalization.ts(46,13): error TS2339: Property 'mongo' does not exist on type 'FastifyInstance<RawServerDefault, IncomingMessage, ServerResponse<IncomingMessage>, FastifyBaseLogger, FastifyTypeProviderDefault>'.
src/routes/real-time-personalization.ts(47,13): error TS2339: Property 'mongo' does not exist on type 'FastifyInstance<RawServerDefault, IncomingMessage, ServerResponse<IncomingMessage>, FastifyBaseLogger, FastifyTypeProviderDefault>'.
src/routes/real-time-personalization.ts(48,13): error TS2339: Property 'mongo' does not exist on type 'FastifyInstance<RawServerDefault, IncomingMessage, ServerResponse<IncomingMessage>, FastifyBaseLogger, FastifyTypeProviderDefault>'.
src/routes/real-time-personalization.ts(49,13): error TS2339: Property 'redis' does not exist on type 'FastifyInstance<RawServerDefault, IncomingMessage, ServerResponse<IncomingMessage>, FastifyBaseLogger, FastifyTypeProviderDefault>'.
src/routes/real-time-personalization.ts(72,18): error TS2322: Type '(req: Request, res: Response, next: NextFunction) => Promise<Response<any, Record<string, any>>>' is not assignable to type 'preHandlerHookHandler<RawServerDefault, IncomingMessage, ServerResponse<IncomingMessage>, { Querystring: ContentFeedRequest; }, unknown, NoInfer<FastifySchema>, FastifyTypeProviderDefault, FastifyBaseLogger>'.
  Types of parameters 'req' and 'request' are incompatible.
    Type 'FastifyRequest<{ Querystring: ContentFeedRequest; }, RawServerDefault, IncomingMessage, NoInfer<FastifySchema>, FastifyTypeProviderDefault, unknown, FastifyBaseLogger, ResolveFastifyRequestType<...>>' is missing the following properties from type 'Request<ParamsDictionary, any, any, ParsedQs, Record<string, any>>': get, header, accepts, acceptsCharsets, and 85 more.
src/routes/real-time-personalization.ts(72,31): error TS2322: Type 'RateLimitRequestHandler' is not assignable to type 'preHandlerHookHandler<RawServerDefault, IncomingMessage, ServerResponse<IncomingMessage>, { Querystring: ContentFeedRequest; }, unknown, NoInfer<FastifySchema>, FastifyTypeProviderDefault, FastifyBaseLogger>'.
  Types of parameters 'req' and 'request' are incompatible.
    Type 'FastifyRequest<{ Querystring: ContentFeedRequest; }, RawServerDefault, IncomingMessage, NoInfer<FastifySchema>, FastifyTypeProviderDefault, unknown, FastifyBaseLogger, ResolveFastifyRequestType<...>>' is missing the following properties from type 'Request<ParamsDictionary, any, any, ParsedQs, Record<string, any>>': get, header, accepts, acceptsCharsets, and 85 more.
src/routes/real-time-personalization.ts(72,57): error TS2322: Type '(req: Request, res: Response, next: NextFunction) => void' is not assignable to type 'preHandlerHookHandler<RawServerDefault, IncomingMessage, ServerResponse<IncomingMessage>, { Querystring: ContentFeedRequest; }, unknown, NoInfer<FastifySchema>, FastifyTypeProviderDefault, FastifyBaseLogger>'.
  Types of parameters 'req' and 'request' are incompatible.
    Type 'FastifyRequest<{ Querystring: ContentFeedRequest; }, RawServerDefault, IncomingMessage, NoInfer<FastifySchema>, FastifyTypeProviderDefault, unknown, FastifyBaseLogger, ResolveFastifyRequestType<...>>' is missing the following properties from type 'Request<ParamsDictionary, any, any, ParsedQs, Record<string, any>>': get, header, accepts, acceptsCharsets, and 85 more.
src/routes/real-time-personalization.ts(146,62): error TS2345: Argument of type 'any' is not assignable to parameter of type 'never'.
src/routes/real-time-personalization.ts(163,18): error TS2322: Type '(req: Request, res: Response, next: NextFunction) => Promise<Response<any, Record<string, any>>>' is not assignable to type 'preHandlerHookHandler<RawServerDefault, IncomingMessage, ServerResponse<IncomingMessage>, { Querystring: UIPersonalizationRequest; }, unknown, NoInfer<FastifySchema>, FastifyTypeProviderDefault, FastifyBaseLogger>'.
  Types of parameters 'req' and 'request' are incompatible.
    Type 'FastifyRequest<{ Querystring: UIPersonalizationRequest; }, RawServerDefault, IncomingMessage, NoInfer<FastifySchema>, FastifyTypeProviderDefault, unknown, FastifyBaseLogger, ResolveFastifyRequestType<...>>' is missing the following properties from type 'Request<ParamsDictionary, any, any, ParsedQs, Record<string, any>>': get, header, accepts, acceptsCharsets, and 85 more.
src/routes/real-time-personalization.ts(163,31): error TS2322: Type 'RateLimitRequestHandler' is not assignable to type 'preHandlerHookHandler<RawServerDefault, IncomingMessage, ServerResponse<IncomingMessage>, { Querystring: UIPersonalizationRequest; }, unknown, NoInfer<FastifySchema>, FastifyTypeProviderDefault, FastifyBaseLogger>'.
  Types of parameters 'req' and 'request' are incompatible.
    Type 'FastifyRequest<{ Querystring: UIPersonalizationRequest; }, RawServerDefault, IncomingMessage, NoInfer<FastifySchema>, FastifyTypeProviderDefault, unknown, FastifyBaseLogger, ResolveFastifyRequestType<...>>' is missing the following properties from type 'Request<ParamsDictionary, any, any, ParsedQs, Record<string, any>>': get, header, accepts, acceptsCharsets, and 85 more.
src/routes/real-time-personalization.ts(163,57): error TS2322: Type '(req: Request, res: Response, next: NextFunction) => void' is not assignable to type 'preHandlerHookHandler<RawServerDefault, IncomingMessage, ServerResponse<IncomingMessage>, { Querystring: UIPersonalizationRequest; }, unknown, NoInfer<FastifySchema>, FastifyTypeProviderDefault, FastifyBaseLogger>'.
  Types of parameters 'req' and 'request' are incompatible.
    Type 'FastifyRequest<{ Querystring: UIPersonalizationRequest; }, RawServerDefault, IncomingMessage, NoInfer<FastifySchema>, FastifyTypeProviderDefault, unknown, FastifyBaseLogger, ResolveFastifyRequestType<...>>' is missing the following properties from type 'Request<ParamsDictionary, any, any, ParsedQs, Record<string, any>>': get, header, accepts, acceptsCharsets, and 85 more.
src/routes/real-time-personalization.ts(290,52): error TS2345: Argument of type 'any' is not assignable to parameter of type 'never'.
src/routes/real-time-personalization.ts(332,18): error TS2322: Type '(req: Request, res: Response, next: NextFunction) => Promise<Response<any, Record<string, any>>>' is not assignable to type 'preHandlerHookHandler<RawServerDefault, IncomingMessage, ServerResponse<IncomingMessage>, { Querystring: NotificationPersonalizationRequest; }, unknown, NoInfer<FastifySchema>, FastifyTypeProviderDefault, FastifyBaseLogger>'.
  Types of parameters 'req' and 'request' are incompatible.
    Type 'FastifyRequest<{ Querystring: NotificationPersonalizationRequest; }, RawServerDefault, IncomingMessage, NoInfer<FastifySchema>, FastifyTypeProviderDefault, unknown, FastifyBaseLogger, ResolveFastifyRequestType<...>>' is missing the following properties from type 'Request<ParamsDictionary, any, any, ParsedQs, Record<string, any>>': get, header, accepts, acceptsCharsets, and 85 more.
src/routes/real-time-personalization.ts(332,31): error TS2322: Type 'RateLimitRequestHandler' is not assignable to type 'preHandlerHookHandler<RawServerDefault, IncomingMessage, ServerResponse<IncomingMessage>, { Querystring: NotificationPersonalizationRequest; }, unknown, NoInfer<FastifySchema>, FastifyTypeProviderDefault, FastifyBaseLogger>'.
  Types of parameters 'req' and 'request' are incompatible.
    Type 'FastifyRequest<{ Querystring: NotificationPersonalizationRequest; }, RawServerDefault, IncomingMessage, NoInfer<FastifySchema>, FastifyTypeProviderDefault, unknown, FastifyBaseLogger, ResolveFastifyRequestType<...>>' is missing the following properties from type 'Request<ParamsDictionary, any, any, ParsedQs, Record<string, any>>': get, header, accepts, acceptsCharsets, and 85 more.
src/routes/real-time-personalization.ts(332,57): error TS2322: Type '(req: Request, res: Response, next: NextFunction) => void' is not assignable to type 'preHandlerHookHandler<RawServerDefault, IncomingMessage, ServerResponse<IncomingMessage>, { Querystring: NotificationPersonalizationRequest; }, unknown, NoInfer<FastifySchema>, FastifyTypeProviderDefault, FastifyBaseLogger>'.
  Types of parameters 'req' and 'request' are incompatible.
    Type 'FastifyRequest<{ Querystring: NotificationPersonalizationRequest; }, RawServerDefault, IncomingMessage, NoInfer<FastifySchema>, FastifyTypeProviderDefault, unknown, FastifyBaseLogger, ResolveFastifyRequestType<...>>' is missing the following properties from type 'Request<ParamsDictionary, any, any, ParsedQs, Record<string, any>>': get, header, accepts, acceptsCharsets, and 85 more.
src/routes/real-time-personalization.ts(380,63): error TS2345: Argument of type 'any' is not assignable to parameter of type 'never'.
src/routes/real-time-personalization.ts(397,18): error TS2322: Type '(req: Request, res: Response, next: NextFunction) => Promise<Response<any, Record<string, any>>>' is not assignable to type 'preHandlerHookHandler<RawServerDefault, IncomingMessage, ServerResponse<IncomingMessage>, { Body: PricingPersonalizationRequest; }, unknown, NoInfer<FastifySchema>, FastifyTypeProviderDefault, FastifyBaseLogger>'.
  Types of parameters 'req' and 'request' are incompatible.
    Type 'FastifyRequest<{ Body: PricingPersonalizationRequest; }, RawServerDefault, IncomingMessage, NoInfer<FastifySchema>, FastifyTypeProviderDefault, unknown, FastifyBaseLogger, ResolveFastifyRequestType<...>>' is missing the following properties from type 'Request<ParamsDictionary, any, any, ParsedQs, Record<string, any>>': get, header, accepts, acceptsCharsets, and 85 more.
src/routes/real-time-personalization.ts(397,31): error TS2322: Type 'RateLimitRequestHandler' is not assignable to type 'preHandlerHookHandler<RawServerDefault, IncomingMessage, ServerResponse<IncomingMessage>, { Body: PricingPersonalizationRequest; }, unknown, NoInfer<FastifySchema>, FastifyTypeProviderDefault, FastifyBaseLogger>'.
  Types of parameters 'req' and 'request' are incompatible.
    Type 'FastifyRequest<{ Body: PricingPersonalizationRequest; }, RawServerDefault, IncomingMessage, NoInfer<FastifySchema>, FastifyTypeProviderDefault, unknown, FastifyBaseLogger, ResolveFastifyRequestType<...>>' is missing the following properties from type 'Request<ParamsDictionary, any, any, ParsedQs, Record<string, any>>': get, header, accepts, acceptsCharsets, and 85 more.
src/routes/real-time-personalization.ts(397,57): error TS2322: Type '(req: Request, res: Response, next: NextFunction) => void' is not assignable to type 'preHandlerHookHandler<RawServerDefault, IncomingMessage, ServerResponse<IncomingMessage>, { Body: PricingPersonalizationRequest; }, unknown, NoInfer<FastifySchema>, FastifyTypeProviderDefault, FastifyBaseLogger>'.
  Types of parameters 'req' and 'request' are incompatible.
    Type 'FastifyRequest<{ Body: PricingPersonalizationRequest; }, RawServerDefault, IncomingMessage, NoInfer<FastifySchema>, FastifyTypeProviderDefault, unknown, FastifyBaseLogger, ResolveFastifyRequestType<...>>' is missing the following properties from type 'Request<ParamsDictionary, any, any, ParsedQs, Record<string, any>>': get, header, accepts, acceptsCharsets, and 85 more.
src/routes/real-time-personalization.ts(443,57): error TS2345: Argument of type 'any' is not assignable to parameter of type 'never'.
src/routes/real-time-personalization.ts(465,18): error TS2322: Type '(req: Request, res: Response, next: NextFunction) => Promise<Response<any, Record<string, any>>>' is not assignable to type 'preHandlerHookHandler<RawServerDefault, IncomingMessage, ServerResponse<IncomingMessage>, { Body: PersonalizationRuleRequest; }, unknown, NoInfer<FastifySchema>, FastifyTypeProviderDefault, FastifyBaseLogger>'.
  Types of parameters 'req' and 'request' are incompatible.
    Type 'FastifyRequest<{ Body: PersonalizationRuleRequest; }, RawServerDefault, IncomingMessage, NoInfer<FastifySchema>, FastifyTypeProviderDefault, unknown, FastifyBaseLogger, ResolveFastifyRequestType<...>>' is missing the following properties from type 'Request<ParamsDictionary, any, any, ParsedQs, Record<string, any>>': get, header, accepts, acceptsCharsets, and 85 more.
src/routes/real-time-personalization.ts(465,31): error TS2322: Type '(req: AuthenticatedRequest, res: Response, next: NextFunction) => Promise<void>' is not assignable to type 'preHandlerHookHandler<RawServerDefault, IncomingMessage, ServerResponse<IncomingMessage>, { Body: PersonalizationRuleRequest; }, unknown, NoInfer<FastifySchema>, FastifyTypeProviderDefault, FastifyBaseLogger>'.
  Types of parameters 'req' and 'request' are incompatible.
    Type 'FastifyRequest<{ Body: PersonalizationRuleRequest; }, RawServerDefault, IncomingMessage, NoInfer<FastifySchema>, FastifyTypeProviderDefault, unknown, FastifyBaseLogger, ResolveFastifyRequestType<...>>' is missing the following properties from type 'AuthenticatedRequest': get, header, accepts, acceptsCharsets, and 85 more.
src/routes/real-time-personalization.ts(465,45): error TS2322: Type 'RateLimitRequestHandler' is not assignable to type 'preHandlerHookHandler<RawServerDefault, IncomingMessage, ServerResponse<IncomingMessage>, { Body: PersonalizationRuleRequest; }, unknown, NoInfer<FastifySchema>, FastifyTypeProviderDefault, FastifyBaseLogger>'.
  Types of parameters 'req' and 'request' are incompatible.
    Type 'FastifyRequest<{ Body: PersonalizationRuleRequest; }, RawServerDefault, IncomingMessage, NoInfer<FastifySchema>, FastifyTypeProviderDefault, unknown, FastifyBaseLogger, ResolveFastifyRequestType<...>>' is missing the following properties from type 'Request<ParamsDictionary, any, any, ParsedQs, Record<string, any>>': get, header, accepts, acceptsCharsets, and 85 more.
src/routes/real-time-personalization.ts(465,61): error TS2322: Type '(req: Request, res: Response, next: NextFunction) => void' is not assignable to type 'preHandlerHookHandler<RawServerDefault, IncomingMessage, ServerResponse<IncomingMessage>, { Body: PersonalizationRuleRequest; }, unknown, NoInfer<FastifySchema>, FastifyTypeProviderDefault, FastifyBaseLogger>'.
  Types of parameters 'req' and 'request' are incompatible.
    Type 'FastifyRequest<{ Body: PersonalizationRuleRequest; }, RawServerDefault, IncomingMessage, NoInfer<FastifySchema>, FastifyTypeProviderDefault, unknown, FastifyBaseLogger, ResolveFastifyRequestType<...>>' is missing the following properties from type 'Request<ParamsDictionary, any, any, ParsedQs, Record<string, any>>': get, header, accepts, acceptsCharsets, and 85 more.
src/routes/real-time-personalization.ts(527,21): error TS2339: Property 'mongo' does not exist on type 'FastifyInstance<RawServerDefault, IncomingMessage, ServerResponse<IncomingMessage>, FastifyBaseLogger, FastifyTypeProviderDefault>'.
src/routes/real-time-personalization.ts(552,65): error TS2345: Argument of type 'any' is not assignable to parameter of type 'never'.
src/routes/real-time-personalization.ts(576,18): error TS2322: Type '(req: Request, res: Response, next: NextFunction) => Promise<Response<any, Record<string, any>>>' is not assignable to type 'preHandlerHookHandler<RawServerDefault, IncomingMessage, ServerResponse<IncomingMessage>, { Querystring: { timeRange?: "week" | "day" | "hour" | "month"; }; }, unknown, NoInfer<FastifySchema>, FastifyTypeProviderDefault, FastifyBaseLogger>'.
  Types of parameters 'req' and 'request' are incompatible.
    Type 'FastifyRequest<{ Querystring: { timeRange?: "week" | "day" | "hour" | "month"; }; }, RawServerDefault, IncomingMessage, NoInfer<FastifySchema>, FastifyTypeProviderDefault, unknown, FastifyBaseLogger, ResolveFastifyRequestType<...>>' is missing the following properties from type 'Request<ParamsDictionary, any, any, ParsedQs, Record<string, any>>': get, header, accepts, acceptsCharsets, and 85 more.
src/routes/real-time-personalization.ts(576,31): error TS2322: Type '(req: AuthenticatedRequest, res: Response, next: NextFunction) => Promise<void>' is not assignable to type 'preHandlerHookHandler<RawServerDefault, IncomingMessage, ServerResponse<IncomingMessage>, { Querystring: { timeRange?: "week" | "day" | "hour" | "month"; }; }, unknown, NoInfer<FastifySchema>, FastifyTypeProviderDefault, FastifyBaseLogger>'.
  Types of parameters 'req' and 'request' are incompatible.
    Type 'FastifyRequest<{ Querystring: { timeRange?: "week" | "day" | "hour" | "month"; }; }, RawServerDefault, IncomingMessage, NoInfer<FastifySchema>, FastifyTypeProviderDefault, unknown, FastifyBaseLogger, ResolveFastifyRequestType<...>>' is missing the following properties from type 'AuthenticatedRequest': get, header, accepts, acceptsCharsets, and 85 more.
src/routes/real-time-personalization.ts(576,45): error TS2322: Type 'RateLimitRequestHandler' is not assignable to type 'preHandlerHookHandler<RawServerDefault, IncomingMessage, ServerResponse<IncomingMessage>, { Querystring: { timeRange?: "week" | "day" | "hour" | "month"; }; }, unknown, NoInfer<FastifySchema>, FastifyTypeProviderDefault, FastifyBaseLogger>'.
  Types of parameters 'req' and 'request' are incompatible.
    Type 'FastifyRequest<{ Querystring: { timeRange?: "week" | "day" | "hour" | "month"; }; }, RawServerDefault, IncomingMessage, NoInfer<FastifySchema>, FastifyTypeProviderDefault, unknown, FastifyBaseLogger, ResolveFastifyRequestType<...>>' is missing the following properties from type 'Request<ParamsDictionary, any, any, ParsedQs, Record<string, any>>': get, header, accepts, acceptsCharsets, and 85 more.
src/routes/real-time-personalization.ts(638,67): error TS2345: Argument of type 'any' is not assignable to parameter of type 'never'.
src/routes/real-time-personalization.ts(667,18): error TS2322: Type '(req: Request, res: Response, next: NextFunction) => Promise<Response<any, Record<string, any>>>' is not assignable to type 'preHandlerHookHandler<RawServerDefault, IncomingMessage, ServerResponse<IncomingMessage>, { Params: { userId: string; }; Querystring: { ...; }; }, unknown, NoInfer<FastifySchema>, FastifyTypeProviderDefault, FastifyBaseLogger>'.
  Types of parameters 'req' and 'request' are incompatible.
    Type 'FastifyRequest<{ Params: { userId: string; }; Querystring: { sessionId?: string; currentPage?: string; }; }, RawServerDefault, IncomingMessage, NoInfer<FastifySchema>, FastifyTypeProviderDefault, unknown, FastifyBaseLogger, ResolveFastifyRequestType<...>>' is missing the following properties from type 'Request<ParamsDictionary, any, any, ParsedQs, Record<string, any>>': get, header, accepts, acceptsCharsets, and 85 more.
src/routes/real-time-personalization.ts(667,31): error TS2322: Type '(req: AuthenticatedRequest, res: Response, next: NextFunction) => Promise<void>' is not assignable to type 'preHandlerHookHandler<RawServerDefault, IncomingMessage, ServerResponse<IncomingMessage>, { Params: { userId: string; }; Querystring: { ...; }; }, unknown, NoInfer<FastifySchema>, FastifyTypeProviderDefault, FastifyBaseLogger>'.
  Types of parameters 'req' and 'request' are incompatible.
    Type 'FastifyRequest<{ Params: { userId: string; }; Querystring: { sessionId?: string; currentPage?: string; }; }, RawServerDefault, IncomingMessage, NoInfer<FastifySchema>, FastifyTypeProviderDefault, unknown, FastifyBaseLogger, ResolveFastifyRequestType<...>>' is missing the following properties from type 'AuthenticatedRequest': get, header, accepts, acceptsCharsets, and 85 more.
src/routes/real-time-personalization.ts(667,45): error TS2322: Type 'RateLimitRequestHandler' is not assignable to type 'preHandlerHookHandler<RawServerDefault, IncomingMessage, ServerResponse<IncomingMessage>, { Params: { userId: string; }; Querystring: { ...; }; }, unknown, NoInfer<FastifySchema>, FastifyTypeProviderDefault, FastifyBaseLogger>'.
  Types of parameters 'req' and 'request' are incompatible.
    Type 'FastifyRequest<{ Params: { userId: string; }; Querystring: { sessionId?: string; currentPage?: string; }; }, RawServerDefault, IncomingMessage, NoInfer<FastifySchema>, FastifyTypeProviderDefault, unknown, FastifyBaseLogger, ResolveFastifyRequestType<...>>' is missing the following properties from type 'Request<ParamsDictionary, any, any, ParsedQs, Record<string, any>>': get, header, accepts, acceptsCharsets, and 85 more.
src/routes/real-time-personalization.ts(723,56): error TS2345: Argument of type 'any' is not assignable to parameter of type 'never'.
src/routes/real-time-personalization.ts(754,18): error TS2322: Type '(req: Request, res: Response, next: NextFunction) => Promise<Response<any, Record<string, any>>>' is not assignable to type 'preHandlerHookHandler<RawServerDefault, IncomingMessage, ServerResponse<IncomingMessage>, { Body: { personalizationType: string; contentId?: string; rating: number; feedback?: string; }; }, unknown, NoInfer<FastifySchema>, FastifyTypeProviderDefault, FastifyBaseLogger>'.
  Types of parameters 'req' and 'request' are incompatible.
    Type 'FastifyRequest<{ Body: { personalizationType: string; contentId?: string; rating: number; feedback?: string; }; }, RawServerDefault, IncomingMessage, NoInfer<FastifySchema>, FastifyTypeProviderDefault, unknown, FastifyBaseLogger, ResolveFastifyRequestType<...>>' is missing the following properties from type 'Request<ParamsDictionary, any, any, ParsedQs, Record<string, any>>': get, header, accepts, acceptsCharsets, and 85 more.
src/routes/real-time-personalization.ts(754,31): error TS2322: Type 'RateLimitRequestHandler' is not assignable to type 'preHandlerHookHandler<RawServerDefault, IncomingMessage, ServerResponse<IncomingMessage>, { Body: { personalizationType: string; contentId?: string; rating: number; feedback?: string; }; }, unknown, NoInfer<FastifySchema>, FastifyTypeProviderDefault, FastifyBaseLogger>'.
  Types of parameters 'req' and 'request' are incompatible.
    Type 'FastifyRequest<{ Body: { personalizationType: string; contentId?: string; rating: number; feedback?: string; }; }, RawServerDefault, IncomingMessage, NoInfer<FastifySchema>, FastifyTypeProviderDefault, unknown, FastifyBaseLogger, ResolveFastifyRequestType<...>>' is missing the following properties from type 'Request<ParamsDictionary, any, any, ParsedQs, Record<string, any>>': get, header, accepts, acceptsCharsets, and 85 more.
src/routes/real-time-personalization.ts(754,57): error TS2322: Type '(req: Request, res: Response, next: NextFunction) => void' is not assignable to type 'preHandlerHookHandler<RawServerDefault, IncomingMessage, ServerResponse<IncomingMessage>, { Body: { personalizationType: string; contentId?: string; rating: number; feedback?: string; }; }, unknown, NoInfer<FastifySchema>, FastifyTypeProviderDefault, FastifyBaseLogger>'.
  Types of parameters 'req' and 'request' are incompatible.
    Type 'FastifyRequest<{ Body: { personalizationType: string; contentId?: string; rating: number; feedback?: string; }; }, RawServerDefault, IncomingMessage, NoInfer<FastifySchema>, FastifyTypeProviderDefault, unknown, FastifyBaseLogger, ResolveFastifyRequestType<...>>' is missing the following properties from type 'Request<ParamsDictionary, any, any, ParsedQs, Record<string, any>>': get, header, accepts, acceptsCharsets, and 85 more.
src/routes/real-time-personalization.ts(782,21): error TS2339: Property 'mongo' does not exist on type 'FastifyInstance<RawServerDefault, IncomingMessage, ServerResponse<IncomingMessage>, FastifyBaseLogger, FastifyTypeProviderDefault>'.
src/routes/real-time-personalization.ts(800,70): error TS2345: Argument of type 'any' is not assignable to parameter of type 'never'.
src/routes/reels.ts(18,3): error TS2769: No overload matches this call.
  The last overload gave the following error.
    Type '(request: FastifyRequest, reply: FastifyReply) => Promise<void>' is not assignable to type 'ErrorRequestHandler<Record<string, any>, any, any, ParsedQs, Record<string, any>> | RequestHandler<Record<string, any>, any, any, ParsedQs, Record<...>>'.
      Type '(request: FastifyRequest, reply: FastifyReply) => Promise<void>' is not assignable to type 'ErrorRequestHandler<Record<string, any>, any, any, ParsedQs, Record<string, any>>'.
        Types of parameters 'reply' and 'req' are incompatible.
          Type 'Request<Record<string, any>, any, any, ParsedQs, Record<string, any>>' is missing the following properties from type 'FastifyReply<RouteGenericInterface, RawServerDefault, IncomingMessage, ServerResponse<IncomingMessage>, unknown, FastifySchema, FastifyTypeProviderDefault, unknown>': routeOptions, raw, elapsedTime, log, and 25 more.
src/routes/revenue-optimization.ts(21,26): error TS2339: Property 'authenticate' does not exist on type 'FastifyInstance<RawServerDefault, IncomingMessage, ServerResponse<IncomingMessage>, FastifyBaseLogger, FastifyTypeProviderDefault>'.
src/routes/revenue-optimization.ts(41,34): error TS2339: Property 'json' does not exist on type 'FastifyReply<RouteGenericInterface, RawServerDefault, IncomingMessage, ServerResponse<IncomingMessage>, unknown, FastifySchema, FastifyTypeProviderDefault, unknown>'.
src/routes/revenue-optimization.ts(53,20): error TS2339: Property 'json' does not exist on type 'FastifyReply<RouteGenericInterface, RawServerDefault, IncomingMessage, ServerResponse<IncomingMessage>, unknown, FastifySchema, FastifyTypeProviderDefault, unknown>'.
src/routes/revenue-optimization.ts(59,32): error TS2339: Property 'json' does not exist on type 'FastifyReply<RouteGenericInterface, RawServerDefault, IncomingMessage, ServerResponse<IncomingMessage>, unknown, FastifySchema, FastifyTypeProviderDefault, unknown>'.
src/routes/revenue-optimization.ts(68,26): error TS2339: Property 'authenticate' does not exist on type 'FastifyInstance<RawServerDefault, IncomingMessage, ServerResponse<IncomingMessage>, FastifyBaseLogger, FastifyTypeProviderDefault>'.
src/routes/revenue-optimization.ts(100,34): error TS2339: Property 'json' does not exist on type 'FastifyReply<RouteGenericInterface, RawServerDefault, IncomingMessage, ServerResponse<IncomingMessage>, unknown, FastifySchema, FastifyTypeProviderDefault, unknown>'.
src/routes/revenue-optimization.ts(108,20): error TS2339: Property 'json' does not exist on type 'FastifyReply<RouteGenericInterface, RawServerDefault, IncomingMessage, ServerResponse<IncomingMessage>, unknown, FastifySchema, FastifyTypeProviderDefault, unknown>'.
src/routes/revenue-optimization.ts(114,32): error TS2339: Property 'json' does not exist on type 'FastifyReply<RouteGenericInterface, RawServerDefault, IncomingMessage, ServerResponse<IncomingMessage>, unknown, FastifySchema, FastifyTypeProviderDefault, unknown>'.
src/routes/revenue-optimization.ts(123,26): error TS2339: Property 'authenticate' does not exist on type 'FastifyInstance<RawServerDefault, IncomingMessage, ServerResponse<IncomingMessage>, FastifyBaseLogger, FastifyTypeProviderDefault>'.
src/routes/revenue-optimization.ts(156,34): error TS2339: Property 'json' does not exist on type 'FastifyReply<RouteGenericInterface, RawServerDefault, IncomingMessage, ServerResponse<IncomingMessage>, unknown, FastifySchema, FastifyTypeProviderDefault, unknown>'.
src/routes/revenue-optimization.ts(164,20): error TS2339: Property 'json' does not exist on type 'FastifyReply<RouteGenericInterface, RawServerDefault, IncomingMessage, ServerResponse<IncomingMessage>, unknown, FastifySchema, FastifyTypeProviderDefault, unknown>'.
src/routes/revenue-optimization.ts(170,32): error TS2339: Property 'json' does not exist on type 'FastifyReply<RouteGenericInterface, RawServerDefault, IncomingMessage, ServerResponse<IncomingMessage>, unknown, FastifySchema, FastifyTypeProviderDefault, unknown>'.
src/routes/revenue-optimization.ts(179,26): error TS2339: Property 'authenticate' does not exist on type 'FastifyInstance<RawServerDefault, IncomingMessage, ServerResponse<IncomingMessage>, FastifyBaseLogger, FastifyTypeProviderDefault>'.
src/routes/revenue-optimization.ts(179,48): error TS2339: Property 'requireAdmin' does not exist on type 'FastifyInstance<RawServerDefault, IncomingMessage, ServerResponse<IncomingMessage>, FastifyBaseLogger, FastifyTypeProviderDefault>'.
src/routes/revenue-optimization.ts(194,20): error TS2339: Property 'json' does not exist on type 'FastifyReply<RouteGenericInterface, RawServerDefault, IncomingMessage, ServerResponse<IncomingMessage>, unknown, FastifySchema, FastifyTypeProviderDefault, unknown>'.
src/routes/revenue-optimization.ts(200,32): error TS2339: Property 'json' does not exist on type 'FastifyReply<RouteGenericInterface, RawServerDefault, IncomingMessage, ServerResponse<IncomingMessage>, unknown, FastifySchema, FastifyTypeProviderDefault, unknown>'.
src/routes/revenue-optimization.ts(209,26): error TS2339: Property 'authenticate' does not exist on type 'FastifyInstance<RawServerDefault, IncomingMessage, ServerResponse<IncomingMessage>, FastifyBaseLogger, FastifyTypeProviderDefault>'.
src/routes/revenue-optimization.ts(209,48): error TS2339: Property 'requireAdmin' does not exist on type 'FastifyInstance<RawServerDefault, IncomingMessage, ServerResponse<IncomingMessage>, FastifyBaseLogger, FastifyTypeProviderDefault>'.
src/routes/revenue-optimization.ts(241,20): error TS2339: Property 'json' does not exist on type 'FastifyReply<RouteGenericInterface, RawServerDefault, IncomingMessage, ServerResponse<IncomingMessage>, unknown, FastifySchema, FastifyTypeProviderDefault, unknown>'.
src/routes/revenue-optimization.ts(251,32): error TS2339: Property 'json' does not exist on type 'FastifyReply<RouteGenericInterface, RawServerDefault, IncomingMessage, ServerResponse<IncomingMessage>, unknown, FastifySchema, FastifyTypeProviderDefault, unknown>'.
src/routes/revenue-optimization.ts(260,26): error TS2339: Property 'authenticate' does not exist on type 'FastifyInstance<RawServerDefault, IncomingMessage, ServerResponse<IncomingMessage>, FastifyBaseLogger, FastifyTypeProviderDefault>'.
src/routes/revenue-optimization.ts(260,48): error TS2339: Property 'requireAdmin' does not exist on type 'FastifyInstance<RawServerDefault, IncomingMessage, ServerResponse<IncomingMessage>, FastifyBaseLogger, FastifyTypeProviderDefault>'.
src/routes/revenue-optimization.ts(283,20): error TS2339: Property 'json' does not exist on type 'FastifyReply<RouteGenericInterface, RawServerDefault, IncomingMessage, ServerResponse<IncomingMessage>, unknown, FastifySchema, FastifyTypeProviderDefault, unknown>'.
src/routes/revenue-optimization.ts(292,32): error TS2339: Property 'json' does not exist on type 'FastifyReply<RouteGenericInterface, RawServerDefault, IncomingMessage, ServerResponse<IncomingMessage>, unknown, FastifySchema, FastifyTypeProviderDefault, unknown>'.
src/routes/revenue-optimization.ts(366,20): error TS2339: Property 'json' does not exist on type 'FastifyReply<RouteGenericInterface, RawServerDefault, IncomingMessage, ServerResponse<IncomingMessage>, unknown, FastifySchema, FastifyTypeProviderDefault, unknown>'.
src/routes/revenue-optimization.ts(372,32): error TS2339: Property 'json' does not exist on type 'FastifyReply<RouteGenericInterface, RawServerDefault, IncomingMessage, ServerResponse<IncomingMessage>, unknown, FastifySchema, FastifyTypeProviderDefault, unknown>'.
src/routes/revenue-optimization.ts(381,26): error TS2339: Property 'authenticate' does not exist on type 'FastifyInstance<RawServerDefault, IncomingMessage, ServerResponse<IncomingMessage>, FastifyBaseLogger, FastifyTypeProviderDefault>'.
src/routes/revenue-optimization.ts(381,48): error TS2339: Property 'requireAdmin' does not exist on type 'FastifyInstance<RawServerDefault, IncomingMessage, ServerResponse<IncomingMessage>, FastifyBaseLogger, FastifyTypeProviderDefault>'.
src/routes/revenue-optimization.ts(417,20): error TS2339: Property 'json' does not exist on type 'FastifyReply<RouteGenericInterface, RawServerDefault, IncomingMessage, ServerResponse<IncomingMessage>, unknown, FastifySchema, FastifyTypeProviderDefault, unknown>'.
src/routes/revenue-optimization.ts(423,32): error TS2339: Property 'json' does not exist on type 'FastifyReply<RouteGenericInterface, RawServerDefault, IncomingMessage, ServerResponse<IncomingMessage>, unknown, FastifySchema, FastifyTypeProviderDefault, unknown>'.
src/routes/revenue-optimization.ts(432,26): error TS2339: Property 'authenticate' does not exist on type 'FastifyInstance<RawServerDefault, IncomingMessage, ServerResponse<IncomingMessage>, FastifyBaseLogger, FastifyTypeProviderDefault>'.
src/routes/revenue-optimization.ts(432,48): error TS2339: Property 'requireAdmin' does not exist on type 'FastifyInstance<RawServerDefault, IncomingMessage, ServerResponse<IncomingMessage>, FastifyBaseLogger, FastifyTypeProviderDefault>'.
src/routes/revenue-optimization.ts(481,20): error TS2339: Property 'json' does not exist on type 'FastifyReply<RouteGenericInterface, RawServerDefault, IncomingMessage, ServerResponse<IncomingMessage>, unknown, FastifySchema, FastifyTypeProviderDefault, unknown>'.
src/routes/revenue-optimization.ts(487,32): error TS2339: Property 'json' does not exist on type 'FastifyReply<RouteGenericInterface, RawServerDefault, IncomingMessage, ServerResponse<IncomingMessage>, unknown, FastifySchema, FastifyTypeProviderDefault, unknown>'.
src/routes/revenue-optimization.ts(496,26): error TS2339: Property 'authenticate' does not exist on type 'FastifyInstance<RawServerDefault, IncomingMessage, ServerResponse<IncomingMessage>, FastifyBaseLogger, FastifyTypeProviderDefault>'.
src/routes/revenue-optimization.ts(496,48): error TS2339: Property 'requireAdmin' does not exist on type 'FastifyInstance<RawServerDefault, IncomingMessage, ServerResponse<IncomingMessage>, FastifyBaseLogger, FastifyTypeProviderDefault>'.
src/routes/revenue-optimization.ts(525,20): error TS2339: Property 'json' does not exist on type 'FastifyReply<RouteGenericInterface, RawServerDefault, IncomingMessage, ServerResponse<IncomingMessage>, unknown, FastifySchema, FastifyTypeProviderDefault, unknown>'.
src/routes/revenue-optimization.ts(537,32): error TS2339: Property 'json' does not exist on type 'FastifyReply<RouteGenericInterface, RawServerDefault, IncomingMessage, ServerResponse<IncomingMessage>, unknown, FastifySchema, FastifyTypeProviderDefault, unknown>'.
src/routes/security.ts(21,26): error TS2339: Property 'authenticate' does not exist on type 'FastifyInstance<RawServerDefault, IncomingMessage, ServerResponse<IncomingMessage>, FastifyBaseLogger, FastifyTypeProviderDefault>'.
src/routes/security.ts(21,48): error TS2339: Property 'requireAdmin' does not exist on type 'FastifyInstance<RawServerDefault, IncomingMessage, ServerResponse<IncomingMessage>, FastifyBaseLogger, FastifyTypeProviderDefault>'.
src/routes/security.ts(62,20): error TS2339: Property 'json' does not exist on type 'FastifyReply<RouteGenericInterface, RawServerDefault, IncomingMessage, ServerResponse<IncomingMessage>, unknown, FastifySchema, FastifyTypeProviderDefault, unknown>'.
src/routes/security.ts(69,32): error TS2339: Property 'json' does not exist on type 'FastifyReply<RouteGenericInterface, RawServerDefault, IncomingMessage, ServerResponse<IncomingMessage>, unknown, FastifySchema, FastifyTypeProviderDefault, unknown>'.
src/routes/security.ts(78,26): error TS2339: Property 'authenticate' does not exist on type 'FastifyInstance<RawServerDefault, IncomingMessage, ServerResponse<IncomingMessage>, FastifyBaseLogger, FastifyTypeProviderDefault>'.
src/routes/security.ts(78,48): error TS2339: Property 'requireAdmin' does not exist on type 'FastifyInstance<RawServerDefault, IncomingMessage, ServerResponse<IncomingMessage>, FastifyBaseLogger, FastifyTypeProviderDefault>'.
src/routes/security.ts(118,34): error TS2339: Property 'json' does not exist on type 'FastifyReply<RouteGenericInterface, RawServerDefault, IncomingMessage, ServerResponse<IncomingMessage>, unknown, FastifySchema, FastifyTypeProviderDefault, unknown>'.
src/routes/security.ts(124,20): error TS2339: Property 'json' does not exist on type 'FastifyReply<RouteGenericInterface, RawServerDefault, IncomingMessage, ServerResponse<IncomingMessage>, unknown, FastifySchema, FastifyTypeProviderDefault, unknown>'.
src/routes/security.ts(130,32): error TS2339: Property 'json' does not exist on type 'FastifyReply<RouteGenericInterface, RawServerDefault, IncomingMessage, ServerResponse<IncomingMessage>, unknown, FastifySchema, FastifyTypeProviderDefault, unknown>'.
src/routes/security.ts(139,26): error TS2339: Property 'authenticate' does not exist on type 'FastifyInstance<RawServerDefault, IncomingMessage, ServerResponse<IncomingMessage>, FastifyBaseLogger, FastifyTypeProviderDefault>'.
src/routes/security.ts(139,48): error TS2339: Property 'requireAdmin' does not exist on type 'FastifyInstance<RawServerDefault, IncomingMessage, ServerResponse<IncomingMessage>, FastifyBaseLogger, FastifyTypeProviderDefault>'.
src/routes/security.ts(181,34): error TS2339: Property 'json' does not exist on type 'FastifyReply<RouteGenericInterface, RawServerDefault, IncomingMessage, ServerResponse<IncomingMessage>, unknown, FastifySchema, FastifyTypeProviderDefault, unknown>'.
src/routes/security.ts(217,20): error TS2339: Property 'json' does not exist on type 'FastifyReply<RouteGenericInterface, RawServerDefault, IncomingMessage, ServerResponse<IncomingMessage>, unknown, FastifySchema, FastifyTypeProviderDefault, unknown>'.
src/routes/security.ts(223,32): error TS2339: Property 'json' does not exist on type 'FastifyReply<RouteGenericInterface, RawServerDefault, IncomingMessage, ServerResponse<IncomingMessage>, unknown, FastifySchema, FastifyTypeProviderDefault, unknown>'.
src/routes/security.ts(232,26): error TS2339: Property 'authenticate' does not exist on type 'FastifyInstance<RawServerDefault, IncomingMessage, ServerResponse<IncomingMessage>, FastifyBaseLogger, FastifyTypeProviderDefault>'.
src/routes/security.ts(232,48): error TS2339: Property 'requireAdmin' does not exist on type 'FastifyInstance<RawServerDefault, IncomingMessage, ServerResponse<IncomingMessage>, FastifyBaseLogger, FastifyTypeProviderDefault>'.
src/routes/security.ts(310,20): error TS2339: Property 'json' does not exist on type 'FastifyReply<RouteGenericInterface, RawServerDefault, IncomingMessage, ServerResponse<IncomingMessage>, unknown, FastifySchema, FastifyTypeProviderDefault, unknown>'.
src/routes/security.ts(316,32): error TS2339: Property 'json' does not exist on type 'FastifyReply<RouteGenericInterface, RawServerDefault, IncomingMessage, ServerResponse<IncomingMessage>, unknown, FastifySchema, FastifyTypeProviderDefault, unknown>'.
src/routes/security.ts(325,26): error TS2339: Property 'authenticate' does not exist on type 'FastifyInstance<RawServerDefault, IncomingMessage, ServerResponse<IncomingMessage>, FastifyBaseLogger, FastifyTypeProviderDefault>'.
src/routes/security.ts(325,48): error TS2339: Property 'requireAdmin' does not exist on type 'FastifyInstance<RawServerDefault, IncomingMessage, ServerResponse<IncomingMessage>, FastifyBaseLogger, FastifyTypeProviderDefault>'.
src/routes/security.ts(364,20): error TS2339: Property 'json' does not exist on type 'FastifyReply<RouteGenericInterface, RawServerDefault, IncomingMessage, ServerResponse<IncomingMessage>, unknown, FastifySchema, FastifyTypeProviderDefault, unknown>'.
src/routes/security.ts(370,32): error TS2339: Property 'json' does not exist on type 'FastifyReply<RouteGenericInterface, RawServerDefault, IncomingMessage, ServerResponse<IncomingMessage>, unknown, FastifySchema, FastifyTypeProviderDefault, unknown>'.
src/routes/social.ts(27,28): error TS2339: Property 'user' does not exist on type 'Request<ParamsDictionary, any, any, ParsedQs, Record<string, any>>'.
src/routes/social.ts(184,28): error TS2339: Property 'user' does not exist on type 'Request<ParamsDictionary, any, any, ParsedQs, Record<string, any>>'.
src/routes/social.ts(219,24): error TS2339: Property 'user' does not exist on type 'Request<ParamsDictionary, any, any, ParsedQs, Record<string, any>>'.
src/routes/social.ts(249,24): error TS2339: Property 'user' does not exist on type 'Request<ParamsDictionary, any, any, ParsedQs, Record<string, any>>'.
src/routes/social.ts(294,24): error TS2339: Property 'user' does not exist on type 'Request<ParamsDictionary, any, any, ParsedQs, Record<string, any>>'.
src/routes/social.ts(354,24): error TS2339: Property 'user' does not exist on type 'Request<ParamsDictionary, any, any, ParsedQs, Record<string, any>>'.
src/routes/social.ts(384,24): error TS2339: Property 'user' does not exist on type 'Request<ParamsDictionary, any, any, ParsedQs, Record<string, any>>'.
src/routes/social.ts(426,24): error TS2339: Property 'user' does not exist on type 'Request<ParamsDictionary, any, any, ParsedQs, Record<string, any>>'.
src/routes/social.ts(493,24): error TS2339: Property 'user' does not exist on type 'Request<ParamsDictionary, any, any, ParsedQs, Record<string, any>>'.
src/routes/social.ts(543,24): error TS2339: Property 'user' does not exist on type 'Request<ParamsDictionary, any, any, ParsedQs, Record<string, any>>'.
src/routes/social.ts(573,24): error TS2339: Property 'user' does not exist on type 'Request<ParamsDictionary, any, any, ParsedQs, Record<string, any>>'.
src/routes/social.ts(687,24): error TS2339: Property 'user' does not exist on type 'Request<ParamsDictionary, any, any, ParsedQs, Record<string, any>>'.
src/routes/storytelling.ts(13,12): error TS2769: No overload matches this call.
  The last overload gave the following error.
    Argument of type '(request: FastifyRequest, reply: FastifyReply) => Promise<void>' is not assignable to parameter of type 'PathParams'.
src/routes/subscription.ts(13,12): error TS2769: No overload matches this call.
  The last overload gave the following error.
    Argument of type '(request: FastifyRequest, reply: FastifyReply) => Promise<void>' is not assignable to parameter of type 'PathParams'.
src/routes/subtitles.ts(14,24): error TS2339: Property 'user' does not exist on type 'Request<ParamsDictionary, any, any, ParsedQs, Record<string, any>>'.
src/routes/trust-credibility.ts(21,26): error TS2339: Property 'authenticate' does not exist on type 'FastifyInstance<RawServerDefault, IncomingMessage, ServerResponse<IncomingMessage>, FastifyBaseLogger, FastifyTypeProviderDefault>'.
src/routes/trust-credibility.ts(50,34): error TS2339: Property 'json' does not exist on type 'FastifyReply<RouteGenericInterface, RawServerDefault, IncomingMessage, ServerResponse<IncomingMessage>, unknown, FastifySchema, FastifyTypeProviderDefault, unknown>'.
src/routes/trust-credibility.ts(58,20): error TS2339: Property 'json' does not exist on type 'FastifyReply<RouteGenericInterface, RawServerDefault, IncomingMessage, ServerResponse<IncomingMessage>, unknown, FastifySchema, FastifyTypeProviderDefault, unknown>'.
src/routes/trust-credibility.ts(64,32): error TS2339: Property 'json' does not exist on type 'FastifyReply<RouteGenericInterface, RawServerDefault, IncomingMessage, ServerResponse<IncomingMessage>, unknown, FastifySchema, FastifyTypeProviderDefault, unknown>'.
src/routes/trust-credibility.ts(73,26): error TS2339: Property 'authenticate' does not exist on type 'FastifyInstance<RawServerDefault, IncomingMessage, ServerResponse<IncomingMessage>, FastifyBaseLogger, FastifyTypeProviderDefault>'.
src/routes/trust-credibility.ts(103,34): error TS2339: Property 'json' does not exist on type 'FastifyReply<RouteGenericInterface, RawServerDefault, IncomingMessage, ServerResponse<IncomingMessage>, unknown, FastifySchema, FastifyTypeProviderDefault, unknown>'.
src/routes/trust-credibility.ts(113,34): error TS2339: Property 'json' does not exist on type 'FastifyReply<RouteGenericInterface, RawServerDefault, IncomingMessage, ServerResponse<IncomingMessage>, unknown, FastifySchema, FastifyTypeProviderDefault, unknown>'.
src/routes/trust-credibility.ts(121,20): error TS2339: Property 'json' does not exist on type 'FastifyReply<RouteGenericInterface, RawServerDefault, IncomingMessage, ServerResponse<IncomingMessage>, unknown, FastifySchema, FastifyTypeProviderDefault, unknown>'.
src/routes/trust-credibility.ts(130,32): error TS2339: Property 'json' does not exist on type 'FastifyReply<RouteGenericInterface, RawServerDefault, IncomingMessage, ServerResponse<IncomingMessage>, unknown, FastifySchema, FastifyTypeProviderDefault, unknown>'.
src/routes/trust-credibility.ts(139,26): error TS2339: Property 'authenticate' does not exist on type 'FastifyInstance<RawServerDefault, IncomingMessage, ServerResponse<IncomingMessage>, FastifyBaseLogger, FastifyTypeProviderDefault>'.
src/routes/trust-credibility.ts(166,34): error TS2339: Property 'json' does not exist on type 'FastifyReply<RouteGenericInterface, RawServerDefault, IncomingMessage, ServerResponse<IncomingMessage>, unknown, FastifySchema, FastifyTypeProviderDefault, unknown>'.
src/routes/trust-credibility.ts(174,20): error TS2339: Property 'json' does not exist on type 'FastifyReply<RouteGenericInterface, RawServerDefault, IncomingMessage, ServerResponse<IncomingMessage>, unknown, FastifySchema, FastifyTypeProviderDefault, unknown>'.
src/routes/trust-credibility.ts(180,32): error TS2339: Property 'json' does not exist on type 'FastifyReply<RouteGenericInterface, RawServerDefault, IncomingMessage, ServerResponse<IncomingMessage>, unknown, FastifySchema, FastifyTypeProviderDefault, unknown>'.
src/routes/trust-credibility.ts(189,26): error TS2339: Property 'authenticate' does not exist on type 'FastifyInstance<RawServerDefault, IncomingMessage, ServerResponse<IncomingMessage>, FastifyBaseLogger, FastifyTypeProviderDefault>'.
src/routes/trust-credibility.ts(189,48): error TS2339: Property 'requireAdmin' does not exist on type 'FastifyInstance<RawServerDefault, IncomingMessage, ServerResponse<IncomingMessage>, FastifyBaseLogger, FastifyTypeProviderDefault>'.
src/routes/trust-credibility.ts(209,20): error TS2339: Property 'json' does not exist on type 'FastifyReply<RouteGenericInterface, RawServerDefault, IncomingMessage, ServerResponse<IncomingMessage>, unknown, FastifySchema, FastifyTypeProviderDefault, unknown>'.
src/routes/trust-credibility.ts(216,32): error TS2339: Property 'json' does not exist on type 'FastifyReply<RouteGenericInterface, RawServerDefault, IncomingMessage, ServerResponse<IncomingMessage>, unknown, FastifySchema, FastifyTypeProviderDefault, unknown>'.
src/routes/trust-credibility.ts(295,20): error TS2339: Property 'json' does not exist on type 'FastifyReply<RouteGenericInterface, RawServerDefault, IncomingMessage, ServerResponse<IncomingMessage>, unknown, FastifySchema, FastifyTypeProviderDefault, unknown>'.
src/routes/trust-credibility.ts(301,32): error TS2339: Property 'json' does not exist on type 'FastifyReply<RouteGenericInterface, RawServerDefault, IncomingMessage, ServerResponse<IncomingMessage>, unknown, FastifySchema, FastifyTypeProviderDefault, unknown>'.
src/routes/trust-credibility.ts(333,20): error TS2339: Property 'json' does not exist on type 'FastifyReply<RouteGenericInterface, RawServerDefault, IncomingMessage, ServerResponse<IncomingMessage>, unknown, FastifySchema, FastifyTypeProviderDefault, unknown>'.
src/routes/trust-credibility.ts(339,32): error TS2339: Property 'json' does not exist on type 'FastifyReply<RouteGenericInterface, RawServerDefault, IncomingMessage, ServerResponse<IncomingMessage>, unknown, FastifySchema, FastifyTypeProviderDefault, unknown>'.
src/routes/trust-credibility.ts(348,26): error TS2339: Property 'authenticate' does not exist on type 'FastifyInstance<RawServerDefault, IncomingMessage, ServerResponse<IncomingMessage>, FastifyBaseLogger, FastifyTypeProviderDefault>'.
src/routes/trust-credibility.ts(381,34): error TS2339: Property 'json' does not exist on type 'FastifyReply<RouteGenericInterface, RawServerDefault, IncomingMessage, ServerResponse<IncomingMessage>, unknown, FastifySchema, FastifyTypeProviderDefault, unknown>'.
src/routes/trust-credibility.ts(389,20): error TS2339: Property 'json' does not exist on type 'FastifyReply<RouteGenericInterface, RawServerDefault, IncomingMessage, ServerResponse<IncomingMessage>, unknown, FastifySchema, FastifyTypeProviderDefault, unknown>'.
src/routes/trust-credibility.ts(399,32): error TS2339: Property 'json' does not exist on type 'FastifyReply<RouteGenericInterface, RawServerDefault, IncomingMessage, ServerResponse<IncomingMessage>, unknown, FastifySchema, FastifyTypeProviderDefault, unknown>'.
src/routes/trust-credibility.ts(408,26): error TS2339: Property 'authenticate' does not exist on type 'FastifyInstance<RawServerDefault, IncomingMessage, ServerResponse<IncomingMessage>, FastifyBaseLogger, FastifyTypeProviderDefault>'.
src/routes/trust-credibility.ts(437,34): error TS2339: Property 'json' does not exist on type 'FastifyReply<RouteGenericInterface, RawServerDefault, IncomingMessage, ServerResponse<IncomingMessage>, unknown, FastifySchema, FastifyTypeProviderDefault, unknown>'.
src/routes/trust-credibility.ts(445,20): error TS2339: Property 'json' does not exist on type 'FastifyReply<RouteGenericInterface, RawServerDefault, IncomingMessage, ServerResponse<IncomingMessage>, unknown, FastifySchema, FastifyTypeProviderDefault, unknown>'.
src/routes/trust-credibility.ts(451,32): error TS2339: Property 'json' does not exist on type 'FastifyReply<RouteGenericInterface, RawServerDefault, IncomingMessage, ServerResponse<IncomingMessage>, unknown, FastifySchema, FastifyTypeProviderDefault, unknown>'.
src/routes/trust-credibility.ts(496,20): error TS2339: Property 'json' does not exist on type 'FastifyReply<RouteGenericInterface, RawServerDefault, IncomingMessage, ServerResponse<IncomingMessage>, unknown, FastifySchema, FastifyTypeProviderDefault, unknown>'.
src/routes/trust-credibility.ts(506,32): error TS2339: Property 'json' does not exist on type 'FastifyReply<RouteGenericInterface, RawServerDefault, IncomingMessage, ServerResponse<IncomingMessage>, unknown, FastifySchema, FastifyTypeProviderDefault, unknown>'.
src/routes/users.ts(26,28): error TS2339: Property 'user' does not exist on type 'Request<ParamsDictionary, any, any, ParsedQs, Record<string, any>>'.
src/routes/users.ts(120,28): error TS2339: Property 'user' does not exist on type 'Request<ParamsDictionary, any, any, ParsedQs, Record<string, any>>'.
src/routes/users.ts(214,31): error TS2339: Property 'user' does not exist on type 'Request<ParamsDictionary, any, any, ParsedQs, Record<string, any>>'.
src/routes/viral-growth.ts(21,26): error TS2339: Property 'authenticate' does not exist on type 'FastifyInstance<RawServerDefault, IncomingMessage, ServerResponse<IncomingMessage>, FastifyBaseLogger, FastifyTypeProviderDefault>'.
src/routes/viral-growth.ts(51,34): error TS2339: Property 'json' does not exist on type 'FastifyReply<RouteGenericInterface, RawServerDefault, IncomingMessage, ServerResponse<IncomingMessage>, unknown, FastifySchema, FastifyTypeProviderDefault, unknown>'.
src/routes/viral-growth.ts(60,20): error TS2339: Property 'json' does not exist on type 'FastifyReply<RouteGenericInterface, RawServerDefault, IncomingMessage, ServerResponse<IncomingMessage>, unknown, FastifySchema, FastifyTypeProviderDefault, unknown>'.
src/routes/viral-growth.ts(73,32): error TS2339: Property 'json' does not exist on type 'FastifyReply<RouteGenericInterface, RawServerDefault, IncomingMessage, ServerResponse<IncomingMessage>, unknown, FastifySchema, FastifyTypeProviderDefault, unknown>'.
src/routes/viral-growth.ts(96,34): error TS2339: Property 'json' does not exist on type 'FastifyReply<RouteGenericInterface, RawServerDefault, IncomingMessage, ServerResponse<IncomingMessage>, unknown, FastifySchema, FastifyTypeProviderDefault, unknown>'.
src/routes/viral-growth.ts(109,20): error TS2339: Property 'json' does not exist on type 'FastifyReply<RouteGenericInterface, RawServerDefault, IncomingMessage, ServerResponse<IncomingMessage>, unknown, FastifySchema, FastifyTypeProviderDefault, unknown>'.
src/routes/viral-growth.ts(120,32): error TS2339: Property 'json' does not exist on type 'FastifyReply<RouteGenericInterface, RawServerDefault, IncomingMessage, ServerResponse<IncomingMessage>, unknown, FastifySchema, FastifyTypeProviderDefault, unknown>'.
src/routes/viral-growth.ts(129,26): error TS2339: Property 'authenticate' does not exist on type 'FastifyInstance<RawServerDefault, IncomingMessage, ServerResponse<IncomingMessage>, FastifyBaseLogger, FastifyTypeProviderDefault>'.
src/routes/viral-growth.ts(129,48): error TS2339: Property 'requireAdmin' does not exist on type 'FastifyInstance<RawServerDefault, IncomingMessage, ServerResponse<IncomingMessage>, FastifyBaseLogger, FastifyTypeProviderDefault>'.
src/routes/viral-growth.ts(174,20): error TS2339: Property 'json' does not exist on type 'FastifyReply<RouteGenericInterface, RawServerDefault, IncomingMessage, ServerResponse<IncomingMessage>, unknown, FastifySchema, FastifyTypeProviderDefault, unknown>'.
src/routes/viral-growth.ts(183,32): error TS2339: Property 'json' does not exist on type 'FastifyReply<RouteGenericInterface, RawServerDefault, IncomingMessage, ServerResponse<IncomingMessage>, unknown, FastifySchema, FastifyTypeProviderDefault, unknown>'.
src/routes/viral-growth.ts(192,26): error TS2339: Property 'authenticate' does not exist on type 'FastifyInstance<RawServerDefault, IncomingMessage, ServerResponse<IncomingMessage>, FastifyBaseLogger, FastifyTypeProviderDefault>'.
src/routes/viral-growth.ts(207,34): error TS2339: Property 'json' does not exist on type 'FastifyReply<RouteGenericInterface, RawServerDefault, IncomingMessage, ServerResponse<IncomingMessage>, unknown, FastifySchema, FastifyTypeProviderDefault, unknown>'.
src/routes/viral-growth.ts(215,20): error TS2339: Property 'json' does not exist on type 'FastifyReply<RouteGenericInterface, RawServerDefault, IncomingMessage, ServerResponse<IncomingMessage>, unknown, FastifySchema, FastifyTypeProviderDefault, unknown>'.
src/routes/viral-growth.ts(222,32): error TS2339: Property 'json' does not exist on type 'FastifyReply<RouteGenericInterface, RawServerDefault, IncomingMessage, ServerResponse<IncomingMessage>, unknown, FastifySchema, FastifyTypeProviderDefault, unknown>'.
src/routes/viral-growth.ts(231,26): error TS2339: Property 'authenticate' does not exist on type 'FastifyInstance<RawServerDefault, IncomingMessage, ServerResponse<IncomingMessage>, FastifyBaseLogger, FastifyTypeProviderDefault>'.
src/routes/viral-growth.ts(251,20): error TS2339: Property 'json' does not exist on type 'FastifyReply<RouteGenericInterface, RawServerDefault, IncomingMessage, ServerResponse<IncomingMessage>, unknown, FastifySchema, FastifyTypeProviderDefault, unknown>'.
src/routes/viral-growth.ts(257,32): error TS2339: Property 'json' does not exist on type 'FastifyReply<RouteGenericInterface, RawServerDefault, IncomingMessage, ServerResponse<IncomingMessage>, unknown, FastifySchema, FastifyTypeProviderDefault, unknown>'.
src/routes/viral-growth.ts(266,26): error TS2339: Property 'authenticate' does not exist on type 'FastifyInstance<RawServerDefault, IncomingMessage, ServerResponse<IncomingMessage>, FastifyBaseLogger, FastifyTypeProviderDefault>'.
src/routes/viral-growth.ts(289,20): error TS2339: Property 'json' does not exist on type 'FastifyReply<RouteGenericInterface, RawServerDefault, IncomingMessage, ServerResponse<IncomingMessage>, unknown, FastifySchema, FastifyTypeProviderDefault, unknown>'.
src/routes/viral-growth.ts(299,32): error TS2339: Property 'json' does not exist on type 'FastifyReply<RouteGenericInterface, RawServerDefault, IncomingMessage, ServerResponse<IncomingMessage>, unknown, FastifySchema, FastifyTypeProviderDefault, unknown>'.
src/routes/viral-growth.ts(354,20): error TS2339: Property 'json' does not exist on type 'FastifyReply<RouteGenericInterface, RawServerDefault, IncomingMessage, ServerResponse<IncomingMessage>, unknown, FastifySchema, FastifyTypeProviderDefault, unknown>'.
src/routes/viral-growth.ts(360,32): error TS2339: Property 'json' does not exist on type 'FastifyReply<RouteGenericInterface, RawServerDefault, IncomingMessage, ServerResponse<IncomingMessage>, unknown, FastifySchema, FastifyTypeProviderDefault, unknown>'.
src/routes/viral-growth.ts(369,26): error TS2339: Property 'authenticate' does not exist on type 'FastifyInstance<RawServerDefault, IncomingMessage, ServerResponse<IncomingMessage>, FastifyBaseLogger, FastifyTypeProviderDefault>'.
src/routes/viral-growth.ts(384,34): error TS2339: Property 'json' does not exist on type 'FastifyReply<RouteGenericInterface, RawServerDefault, IncomingMessage, ServerResponse<IncomingMessage>, unknown, FastifySchema, FastifyTypeProviderDefault, unknown>'.
src/routes/viral-growth.ts(392,20): error TS2339: Property 'json' does not exist on type 'FastifyReply<RouteGenericInterface, RawServerDefault, IncomingMessage, ServerResponse<IncomingMessage>, unknown, FastifySchema, FastifyTypeProviderDefault, unknown>'.
src/routes/viral-growth.ts(398,32): error TS2339: Property 'json' does not exist on type 'FastifyReply<RouteGenericInterface, RawServerDefault, IncomingMessage, ServerResponse<IncomingMessage>, unknown, FastifySchema, FastifyTypeProviderDefault, unknown>'.
src/routes/viral-growth.ts(459,20): error TS2339: Property 'json' does not exist on type 'FastifyReply<RouteGenericInterface, RawServerDefault, IncomingMessage, ServerResponse<IncomingMessage>, unknown, FastifySchema, FastifyTypeProviderDefault, unknown>'.
src/routes/viral-growth.ts(465,32): error TS2339: Property 'json' does not exist on type 'FastifyReply<RouteGenericInterface, RawServerDefault, IncomingMessage, ServerResponse<IncomingMessage>, unknown, FastifySchema, FastifyTypeProviderDefault, unknown>'.
src/routes/webrtc.ts(14,24): error TS2339: Property 'user' does not exist on type 'Request<ParamsDictionary, any, any, ParsedQs, Record<string, any>>'.
src/routes/wellbeing.ts(13,12): error TS2769: No overload matches this call.
  The last overload gave the following error.
    Argument of type '(request: FastifyRequest, reply: FastifyReply) => Promise<void>' is not assignable to parameter of type 'PathParams'.
src/services/AIContentRecommendationService.ts(89,5): error TS1206: Decorators are not valid here.
src/services/AIContentRecommendationService.ts(89,51): error TS2749: 'User' refers to a value, but is being used as a type here. Did you mean 'typeof User'?
src/services/AIContentRecommendationService.ts(90,5): error TS1206: Decorators are not valid here.
src/services/AIContentRecommendationService.ts(90,63): error TS2749: 'LiveStream' refers to a value, but is being used as a type here. Did you mean 'typeof LiveStream'?
src/services/AIContentRecommendationService.ts(91,5): error TS1206: Decorators are not valid here.
src/services/AIContentRecommendationService.ts(91,63): error TS2749: 'ShortVideo' refers to a value, but is being used as a type here. Did you mean 'typeof ShortVideo'?
src/services/AIContentRecommendationService.ts(92,5): error TS1206: Decorators are not valid here.
src/services/AIContentRecommendationService.ts(92,71): error TS2749: 'AnalyticsEvent' refers to a value, but is being used as a type here. Did you mean 'typeof AnalyticsEvent'?
src/services/AIContentRecommendationService.ts(770,23): error TS2362: The left-hand side of an arithmetic operation must be of type 'any', 'number', 'bigint' or an enum type.
src/services/AIContentRecommendationService.ts(770,33): error TS2363: The right-hand side of an arithmetic operation must be of type 'any', 'number', 'bigint' or an enum type.
src/services/AIContentRecommendationService.ts(784,7): error TS2322: Type '{ category: string; count: unknown; }[]' is not assignable to type '{ category: string; count: number; }[]'.
  Type '{ category: string; count: unknown; }' is not assignable to type '{ category: string; count: number; }'.
    Types of property 'count' are incompatible.
      Type 'unknown' is not assignable to type 'number'.
src/services/AIGameService.ts(209,11): error TS2367: This comparison appears to be unintentional because the types '"pass" | "suspicious" | "fail"' and '"blocked"' have no overlap.
src/services/AIGameService.ts(734,9): error TS2740: Type '{}' is missing the following properties from type 'AIGameSession': sessionId, gameId, players, gameType, and 8 more.
src/services/AIModerationService.ts(323,11): error TS2353: Object literal may only specify known properties, and 'reason' does not exist in type 'AgeVerificationResult'.
src/services/AIModerationService.ts(380,9): error TS2353: Object literal may only specify known properties, and 'reason' does not exist in type 'AgeVerificationResult'.
src/services/AIModerationService.ts(388,9): error TS2353: Object literal may only specify known properties, and 'reason' does not exist in type 'AgeVerificationResult'.
src/services/AIOpponentService.ts(310,65): error TS2339: Property 'analytical' does not exist on type '{ aggression: number; patience: number; riskTaking: number; adaptability: number; bluffing: number; precision: number; }'.
src/services/AIOpponentService.ts(644,9): error TS2322: Type 'string | number' is not assignable to type 'string'.
  Type 'number' is not assignable to type 'string'.
src/services/AISubtitleService.ts(466,35): error TS2339: Property 'metadata' does not exist on type 'Document<unknown, {}, ILiveStream, {}, {}> & ILiveStream & Required<{ _id: unknown; }> & { __v: number; }'.
src/services/FortressSecuritySystem.ts(979,65): error TS2554: Expected 1 arguments, but got 2.
src/services/FortressSecuritySystem.ts(982,40): error TS2339: Property 'probability' does not exist on type 'Promise<any>'.
src/services/FortressSecuritySystem.ts(983,34): error TS2339: Property 'confidence' does not exist on type 'Promise<any>'.
src/services/FortressSecuritySystem.ts(1057,24): error TS2488: Type 'Promise<any[]>' must have a '[Symbol.iterator]()' method that returns an iterator.
src/services/FortressSecuritySystem.ts(1064,55): error TS2363: The right-hand side of an arithmetic operation must be of type 'any', 'number', 'bigint' or an enum type.
src/services/FortressSecuritySystem.ts(1076,30): error TS2339: Property 'analyzeRiskFactors' does not exist on type 'FortressSecuritySystem'.
src/services/FortressSecuritySystem.ts(1077,30): error TS2339: Property 'calculateHeuristicProbability' does not exist on type 'FortressSecuritySystem'.
src/services/FortressSecuritySystem.ts(1333,35): error TS2339: Property 'checkIPReputationReal' does not exist on type 'FortressSecuritySystem'.
src/services/FortressSecuritySystem.ts(1341,41): error TS2339: Property 'detectProxyUsage' does not exist on type 'FortressSecuritySystem'.
src/services/FortressSecuritySystem.ts(1348,38): error TS2554: Expected 2 arguments, but got 1.
src/services/FortressSecuritySystem.ts(1350,34): error TS2339: Property 'riskScore' does not exist on type '{ isAnomalous: boolean; reason: string; riskIncrease: number; }'.
src/services/FortressSecuritySystem.ts(1356,36): error TS2339: Property 'checkASNReputation' does not exist on type 'FortressSecuritySystem'.
src/services/FortressSecuritySystem.ts(1365,36): error TS2339: Property 'checkDNSReputation' does not exist on type 'FortressSecuritySystem'.
src/services/FortressSecuritySystem.ts(1486,42): error TS2339: Property 'getResolvedThreats' does not exist on type 'FortressSecuritySystem'.
src/services/FortressSecuritySystem.ts(1504,37): error TS2551: Property 'getThreatIntelLastUpdate' does not exist on type 'FortressSecuritySystem'. Did you mean 'getLastThreatIntelUpdate'?
src/services/FortressSecuritySystem.ts(1515,43): error TS2339: Property 'getContainedThreats' does not exist on type 'FortressSecuritySystem'.
src/services/FortressSecuritySystem.ts(1606,17): error TS2554: Expected 2 arguments, but got 1.
src/services/GamificationAddictionEngine.ts(443,56): error TS2345: Argument of type 'StreakSystem' is not assignable to parameter of type 'string'.
src/services/GamificationAddictionEngine.ts(1328,31): error TS2339: Property 'collectibleUrge' does not exist on type '{ impulsivityScore: number; compulsivityScore: number; socialValidationNeed: number; fomoProneness: number; rewardSensitivity: number; lossAversionStrength: number; }'.
src/services/GamificationAddictionEngine.ts(1397,32): error TS2339: Property 'engagementLevel' does not exist on type 'UserAddictionProfile'.
src/services/GamificationAddictionEngine.ts(1398,30): error TS2339: Property 'addictionRisk' does not exist on type 'UserAddictionProfile'.
src/services/GamificationAddictionEngine.ts(1399,27): error TS2339: Property 'lastActive' does not exist on type 'UserAddictionProfile'.
src/services/GamificationAddictionEngine.ts(1400,30): error TS2339: Property 'dailyTriggers' does not exist on type 'UserAddictionProfile'.
src/services/GamificationAddictionEngine.ts(1401,28): error TS2339: Property 'streakCount' does not exist on type 'UserAddictionProfile'.
src/services/GamificationAddictionEngine.ts(1419,13): error TS2339: Property 'unlockedAchievements' does not exist on type 'UserAddictionProfile'.
src/services/GamificationAddictionEngine.ts(1420,13): error TS2339: Property 'totalAchievements' does not exist on type 'UserAddictionProfile'.
src/services/GamificationAddictionEngine.ts(1425,34): error TS2339: Property 'totalAchievements' does not exist on type 'UserAddictionProfile'.
src/services/GamificationAddictionEngine.ts(1442,17): error TS2339: Property 'lastDailyReward' does not exist on type 'UserAddictionProfile'.
src/services/GamificationAddictionEngine.ts(1446,13): error TS2339: Property 'lastDailyReward' does not exist on type 'UserAddictionProfile'.
src/services/GamificationAddictionEngine.ts(1447,13): error TS2339: Property 'dailyRewardStreak' does not exist on type 'UserAddictionProfile'.
src/services/GamificationAddictionEngine.ts(1451,23): error TS2339: Property 'dailyRewardStreak' does not exist on type 'UserAddictionProfile'.
src/services/GamificationAddictionEngine.ts(1468,13): error TS2339: Property 'lastActive' does not exist on type 'UserAddictionProfile'.
src/services/GamificationAddictionEngine.ts(1469,13): error TS2339: Property 'activityHistory' does not exist on type 'UserAddictionProfile'.
src/services/GamificationAddictionEngine.ts(1476,27): error TS2339: Property 'lastActive' does not exist on type 'UserAddictionProfile'.
src/services/GamificationAddictionEngine.ts(1500,13): error TS2339: Property 'completedChallenges' does not exist on type 'UserAddictionProfile'.
src/services/GamificationAddictionEngine.ts(1505,31): error TS2339: Property 'completedChallenges' does not exist on type 'UserAddictionProfile'.
src/services/GamificationAddictionEngine.ts(1513,22): error TS2339: Property 'level' does not exist on type 'UserAddictionProfile'.
src/services/GamificationAddictionEngine.ts(1514,27): error TS2339: Property 'experience' does not exist on type 'UserAddictionProfile'.
src/services/GamificationAddictionEngine.ts(1515,29): error TS2339: Property 'unlockedAchievements' does not exist on type 'UserAddictionProfile'.
src/services/GamificationAddictionEngine.ts(1516,24): error TS2339: Property 'streakCount' does not exist on type 'UserAddictionProfile'.
src/services/GamificationAddictionEngine.ts(1517,27): error TS2339: Property 'lastActive' does not exist on type 'UserAddictionProfile'.
src/services/GDPRComplianceService.ts(148,27): error TS2339: Property 'granted' does not exist on type 'unknown'.
src/services/GDPRComplianceService.ts(149,11): error TS2740: Type '{}' is missing the following properties from type 'ConsentRecord': userId, consentType, granted, timestamp, and 3 more.
src/services/GDPRComplianceService.ts(150,29): error TS2339: Property 'expiresAt' does not exist on type 'unknown'.
src/services/GDPRComplianceService.ts(526,9): error TS2739: Type '{}' is missing the following properties from type 'PrivacySettings': userId, dataProcessing, communication, visibility, dataRetention
src/services/GDPRService.ts(111,30): error TS2339: Property 'consentHistory' does not exist on type 'Document<unknown, {}, IUser, {}, {}> & IUser & Required<{ _id: unknown; }> & { __v: number; }'.
src/services/GDPRService.ts(230,30): error TS2339: Property 'consent' does not exist on type 'Document<unknown, {}, IUser, {}, {}> & IUser & Required<{ _id: unknown; }> & { __v: number; }'.
src/services/GDPRService.ts(231,30): error TS2339: Property 'consentHistory' does not exist on type 'Document<unknown, {}, IUser, {}, {}> & IUser & Required<{ _id: unknown; }> & { __v: number; }'.
src/services/GDPRService.ts(232,27): error TS2339: Property 'consent' does not exist on type 'Document<unknown, {}, IUser, {}, {}> & IUser & Required<{ _id: unknown; }> & { __v: number; }'.
src/services/GDPRService.ts(250,28): error TS2339: Property 'consent' does not exist on type 'Document<unknown, {}, IUser, {}, {}> & IUser & Required<{ _id: unknown; }> & { __v: number; }'.
src/services/GiftTransactionService.ts(200,9): error TS2739: Type '{}' is missing the following properties from type 'UserBalance': userId, coins, lastUpdated, transactionCount
src/services/GiftTransactionService.ts(293,9): error TS2740: Type '{}' is missing the following properties from type 'GiftTransaction': id, senderId, receiverId, streamId, and 7 more.
src/services/HaloAIService.ts(589,40): error TS2339: Property 'interests' does not exist on type '{ notifications: { push: boolean; email: boolean; sms: boolean; }; privacy: { profileVisibility: "public" | "private" | "followers"; showOnlineStatus: boolean; allowGifts: boolean; allowMessages: boolean; }; language: string; timezone: string; }'.
src/services/HaloAIService.ts(673,51): error TS2339: Property 'autoGifter' does not exist on type '{ notifications: { push: boolean; email: boolean; sms: boolean; }; privacy: { profileVisibility: "public" | "private" | "followers"; showOnlineStatus: boolean; allowGifts: boolean; allowMessages: boolean; }; language: string; timezone: string; }'.
src/services/HaloAIService.ts(684,61): error TS2339: Property 'price' does not exist on type 'Document<unknown, {}, IGift, {}, {}> & IGift & Required<{ _id: unknown; }> & { __v: number; }'.
src/services/LocalizationService.ts(237,9): error TS2740: Type '{}' is missing the following properties from type 'LocaleConfig': code, name, nativeName, direction, and 5 more.
src/services/LocalizationService.ts(282,9): error TS2740: Type '{}' is missing the following properties from type 'GeoLocation': country, countryCode, region, city, and 4 more.
src/services/MachineLearningOptimizationService.ts(128,5): error TS1206: Decorators are not valid here.
src/services/MachineLearningOptimizationService.ts(128,71): error TS2749: 'AnalyticsEvent' refers to a value, but is being used as a type here. Did you mean 'typeof AnalyticsEvent'?
src/services/MachineLearningOptimizationService.ts(129,5): error TS1206: Decorators are not valid here.
src/services/MachineLearningOptimizationService.ts(129,51): error TS2749: 'User' refers to a value, but is being used as a type here. Did you mean 'typeof User'?
src/services/MessagePersistenceService.ts(57,23): error TS2339: Property 'push' does not exist on type 'unknown'.
src/services/MessagePersistenceService.ts(60,27): error TS2339: Property 'length' does not exist on type 'unknown'.
src/services/MessagePersistenceService.ts(61,25): error TS2339: Property 'splice' does not exist on type 'unknown'.
src/services/MessagePersistenceService.ts(61,51): error TS2339: Property 'length' does not exist on type 'unknown'.
src/services/MessagePersistenceService.ts(92,23): error TS2339: Property 'slice' does not exist on type 'unknown'.
src/services/MessagePersistenceService.ts(108,28): error TS2488: Type 'unknown' must have a '[Symbol.iterator]()' method that returns an iterator.
src/services/MessagePersistenceService.ts(134,19): error TS2339: Property 'messages' does not exist on type 'unknown'.
src/services/MessagePersistenceService.ts(135,19): error TS2339: Property 'unreadCount' does not exist on type 'unknown'.
src/services/MessagePersistenceService.ts(138,23): error TS2339: Property 'messages' does not exist on type 'unknown'.
src/services/MessagePersistenceService.ts(139,21): error TS2339: Property 'messages' does not exist on type 'unknown'.
src/services/MessagePersistenceService.ts(139,52): error TS2339: Property 'messages' does not exist on type 'unknown'.
src/services/MessagePersistenceService.ts(159,26): error TS2339: Property 'messages' does not exist on type 'unknown'.
src/services/MessagePersistenceService.ts(216,13): error TS2339: Property 'lastMessageId' does not exist on type 'unknown'.
src/services/MessagePersistenceService.ts(217,13): error TS2339: Property 'messageCount' does not exist on type 'unknown'.
src/services/MessagePersistenceService.ts(218,13): error TS2339: Property 'lastActivity' does not exist on type 'unknown'.
src/services/MessagePersistenceService.ts(238,18): error TS2339: Property 'includes' does not exist on type 'unknown'.
src/services/MessagePersistenceService.ts(239,15): error TS2339: Property 'push' does not exist on type 'unknown'.
src/services/MessagePersistenceService.ts(275,35): error TS2339: Property 'filter' does not exist on type 'unknown'.
src/services/OGMembershipService.ts(782,16): error TS2339: Property 'metadata' does not exist on type 'Document<unknown, {}, ICoinTransaction, {}, {}> & ICoinTransaction & Required<{ _id: unknown; }> & { __v: number; }'.
src/services/OGMembershipService.ts(785,23): error TS2339: Property 'paymentMethod' does not exist on type 'Document<unknown, {}, ICoinTransaction, {}, {}> & ICoinTransaction & Required<{ _id: unknown; }> & { __v: number; }'.
src/services/PaymentService.ts(613,18): error TS2339: Property 'state' does not exist on type 'unknown'.
src/services/PaymentService.ts(613,34): error TS2339: Property 'state' does not exist on type 'unknown'.
src/services/RealTimePersonalizationService.ts(138,38): error TS2749: 'AnalyticsEvent' refers to a value, but is being used as a type here. Did you mean 'typeof AnalyticsEvent'?
src/services/RealTimePersonalizationService.ts(488,45): error TS2339: Property 'categories' does not exist on type '{ notifications: { push: boolean; email: boolean; sms: boolean; }; privacy: { profileVisibility: "public" | "private" | "followers"; showOnlineStatus: boolean; allowGifts: boolean; allowMessages: boolean; }; language: string; timezone: string; }'.
src/services/RealTimePersonalizationService.ts(489,45): error TS2339: Property 'creators' does not exist on type '{ notifications: { push: boolean; email: boolean; sms: boolean; }; privacy: { profileVisibility: "public" | "private" | "followers"; showOnlineStatus: boolean; allowGifts: boolean; allowMessages: boolean; }; language: string; timezone: string; }'.
src/services/RealTimePersonalizationService.ts(552,27): error TS2339: Property 'creatorId' does not exist on type 'Document<unknown, {}, ILiveStream, {}, {}> & ILiveStream & Required<{ _id: unknown; }> & { __v: number; }'.
src/services/RealTimePersonalizationService.ts(552,47): error TS2339: Property 'userId' does not exist on type 'Document<unknown, {}, ILiveStream, {}, {}> & ILiveStream & Required<{ _id: unknown; }> & { __v: number; }'.
src/services/RealTimePersonalizationService.ts(563,26): error TS2339: Property 'creatorId' does not exist on type 'Document<unknown, {}, IShortVideo, {}, {}> & IShortVideo & Required<{ _id: ObjectId; }> & { __v: number; }'.
src/services/RedisService.ts(285,32): error TS2551: Property 'zRevRange' does not exist on type 'RedisClientType<{ graph: { CONFIG_GET: typeof import("D:/halobuzz by cursor/backend/node_modules/.pnpm/@redis+graph@1.1.1_@redis+client@1.6.1/node_modules/@redis/graph/dist/commands/CONFIG_GET"); ... 16 more ...; slowLog: typeof import("D:/halobuzz by cursor/backend/node_modules/.pnpm/@redis+graph@1.1.1_@redis+clien...'. Did you mean 'xRevRange'?
src/services/RevenueOptimizationEngine.ts(1213,30): error TS2362: The left-hand side of an arithmetic operation must be of type 'any', 'number', 'bigint' or an enum type.
src/services/RevenueOptimizationService.ts(612,22): error TS2362: The left-hand side of an arithmetic operation must be of type 'any', 'number', 'bigint' or an enum type.
src/services/WebRTCService.ts(28,10): error TS2304: Cannot find name 'RTCStats'.
src/services/WebRTCService.ts(33,10): error TS2304: Cannot find name 'RTCSessionDescriptionInit'.
src/services/WebRTCService.ts(41,11): error TS2304: Cannot find name 'RTCSessionDescriptionInit'.
src/services/WebRTCService.ts(157,13): error TS2304: Cannot find name 'RTCSessionDescriptionInit'.
src/services/WebRTCService.ts(209,20): error TS2304: Cannot find name 'RTCStats'.
